Archive member included to satisfy reference by file (symbol)

/home/efacec/var-mcuxpresso/gcc-arm-none-eabi-10.3-2021.10/bin/../lib/gcc/arm-none-eabi/10.3.1/../../../../arm-none-eabi/lib/thumb/v7e-m+fp/hard/libc_nano.a(lib_a-errno.o)
                              CMakeFiles/hello_world.elf.dir/home/efacec/nxp/SDK_2_14_0_EVK-MIMX8MP/devices/MIMX8ML8/utilities/fsl_sbrk.c.obj (__errno)
/home/efacec/var-mcuxpresso/gcc-arm-none-eabi-10.3-2021.10/bin/../lib/gcc/arm-none-eabi/10.3.1/../../../../arm-none-eabi/lib/thumb/v7e-m+fp/hard/libc_nano.a(lib_a-exit.o)
                              /home/efacec/var-mcuxpresso/gcc-arm-none-eabi-10.3-2021.10/bin/../lib/gcc/arm-none-eabi/10.3.1/../../../../arm-none-eabi/lib/thumb/v7e-m+fp/hard/crt0.o (exit)
/home/efacec/var-mcuxpresso/gcc-arm-none-eabi-10.3-2021.10/bin/../lib/gcc/arm-none-eabi/10.3.1/../../../../arm-none-eabi/lib/thumb/v7e-m+fp/hard/libc_nano.a(lib_a-impure.o)
                              /home/efacec/var-mcuxpresso/gcc-arm-none-eabi-10.3-2021.10/bin/../lib/gcc/arm-none-eabi/10.3.1/../../../../arm-none-eabi/lib/thumb/v7e-m+fp/hard/libc_nano.a(lib_a-exit.o) (_global_impure_ptr)
/home/efacec/var-mcuxpresso/gcc-arm-none-eabi-10.3-2021.10/bin/../lib/gcc/arm-none-eabi/10.3.1/../../../../arm-none-eabi/lib/thumb/v7e-m+fp/hard/libc_nano.a(lib_a-init.o)
                              /home/efacec/var-mcuxpresso/gcc-arm-none-eabi-10.3-2021.10/bin/../lib/gcc/arm-none-eabi/10.3.1/../../../../arm-none-eabi/lib/thumb/v7e-m+fp/hard/crt0.o (__libc_init_array)
/home/efacec/var-mcuxpresso/gcc-arm-none-eabi-10.3-2021.10/bin/../lib/gcc/arm-none-eabi/10.3.1/../../../../arm-none-eabi/lib/thumb/v7e-m+fp/hard/libc_nano.a(lib_a-malloc.o)
                              CMakeFiles/hello_world.elf.dir/home/efacec/nxp/SDK_2_14_0_EVK-MIMX8MP/devices/MIMX8ML8/drivers/fsl_common.c.obj (malloc)
/home/efacec/var-mcuxpresso/gcc-arm-none-eabi-10.3-2021.10/bin/../lib/gcc/arm-none-eabi/10.3.1/../../../../arm-none-eabi/lib/thumb/v7e-m+fp/hard/libc_nano.a(lib_a-memset.o)
                              /home/efacec/var-mcuxpresso/gcc-arm-none-eabi-10.3-2021.10/bin/../lib/gcc/arm-none-eabi/10.3.1/../../../../arm-none-eabi/lib/thumb/v7e-m+fp/hard/crt0.o (memset)
/home/efacec/var-mcuxpresso/gcc-arm-none-eabi-10.3-2021.10/bin/../lib/gcc/arm-none-eabi/10.3.1/../../../../arm-none-eabi/lib/thumb/v7e-m+fp/hard/libc_nano.a(lib_a-nano-freer.o)
                              /home/efacec/var-mcuxpresso/gcc-arm-none-eabi-10.3-2021.10/bin/../lib/gcc/arm-none-eabi/10.3.1/../../../../arm-none-eabi/lib/thumb/v7e-m+fp/hard/libc_nano.a(lib_a-malloc.o) (_free_r)
/home/efacec/var-mcuxpresso/gcc-arm-none-eabi-10.3-2021.10/bin/../lib/gcc/arm-none-eabi/10.3.1/../../../../arm-none-eabi/lib/thumb/v7e-m+fp/hard/libc_nano.a(lib_a-nano-mallocr.o)
                              /home/efacec/var-mcuxpresso/gcc-arm-none-eabi-10.3-2021.10/bin/../lib/gcc/arm-none-eabi/10.3.1/../../../../arm-none-eabi/lib/thumb/v7e-m+fp/hard/libc_nano.a(lib_a-malloc.o) (_malloc_r)
/home/efacec/var-mcuxpresso/gcc-arm-none-eabi-10.3-2021.10/bin/../lib/gcc/arm-none-eabi/10.3.1/../../../../arm-none-eabi/lib/thumb/v7e-m+fp/hard/libc_nano.a(lib_a-sbrkr.o)
                              /home/efacec/var-mcuxpresso/gcc-arm-none-eabi-10.3-2021.10/bin/../lib/gcc/arm-none-eabi/10.3.1/../../../../arm-none-eabi/lib/thumb/v7e-m+fp/hard/libc_nano.a(lib_a-nano-mallocr.o) (_sbrk_r)
/home/efacec/var-mcuxpresso/gcc-arm-none-eabi-10.3-2021.10/bin/../lib/gcc/arm-none-eabi/10.3.1/../../../../arm-none-eabi/lib/thumb/v7e-m+fp/hard/libc_nano.a(lib_a-strlen.o)
                              CMakeFiles/hello_world.elf.dir/home/efacec/nxp/SDK_2_14_0_EVK-MIMX8MP/devices/MIMX8ML8/utilities/str/fsl_str.c.obj (strlen)
/home/efacec/var-mcuxpresso/gcc-arm-none-eabi-10.3-2021.10/bin/../lib/gcc/arm-none-eabi/10.3.1/../../../../arm-none-eabi/lib/thumb/v7e-m+fp/hard/libc_nano.a(lib_a-strtoul.o)
                              CMakeFiles/hello_world.elf.dir/home/efacec/nxp/SDK_2_14_0_EVK-MIMX8MP/devices/MIMX8ML8/utilities/str/fsl_str.c.obj (strtoul)
/home/efacec/var-mcuxpresso/gcc-arm-none-eabi-10.3-2021.10/bin/../lib/gcc/arm-none-eabi/10.3.1/../../../../arm-none-eabi/lib/thumb/v7e-m+fp/hard/libc_nano.a(lib_a-ctype_.o)
                              /home/efacec/var-mcuxpresso/gcc-arm-none-eabi-10.3-2021.10/bin/../lib/gcc/arm-none-eabi/10.3.1/../../../../arm-none-eabi/lib/thumb/v7e-m+fp/hard/libc_nano.a(lib_a-strtoul.o) (_ctype_)
/home/efacec/var-mcuxpresso/gcc-arm-none-eabi-10.3-2021.10/bin/../lib/gcc/arm-none-eabi/10.3.1/../../../../arm-none-eabi/lib/thumb/v7e-m+fp/hard/libc_nano.a(lib_a-mlock.o)
                              /home/efacec/var-mcuxpresso/gcc-arm-none-eabi-10.3-2021.10/bin/../lib/gcc/arm-none-eabi/10.3.1/../../../../arm-none-eabi/lib/thumb/v7e-m+fp/hard/libc_nano.a(lib_a-nano-freer.o) (__malloc_lock)
/home/efacec/var-mcuxpresso/gcc-arm-none-eabi-10.3-2021.10/bin/../lib/gcc/arm-none-eabi/10.3.1/../../../../arm-none-eabi/lib/thumb/v7e-m+fp/hard/libc_nano.a(lib_a-reent.o)
[...]
Memory Configuration

Name             Origin             Length             Attributes
m_interrupts     0x0000000008000000 0x0000000000000400 xr
m_text           0x0000000008000400 0x00000000000ffc00 xr
m_data           0x0000000020000000 0x0000000000020000 rw
m_data2          0x0000000080000000 0x0000000001000000 rw
m_tcml           0x0000000000000020 0x000000000001ffe0 rw
*default*        0x0000000000000000 0xffffffffffffffff

Linker script and memory map

LOAD /home/efacec/var-mcuxpresso/gcc-arm-none-eabi-10.3-2021.10/bin/../lib/gcc/arm-none-eabi/10.3.1/thumb/v7e-m+fp/hard/crti.o
LOAD /home/efacec/var-mcuxpresso/gcc-arm-none-eabi-10.3-2021.10/bin/../lib/gcc/arm-none-eabi/10.3.1/thumb/v7e-m+fp/hard/crtbegin.o
LOAD /home/efacec/var-mcuxpresso/gcc-arm-none-eabi-10.3-2021.10/bin/../lib/gcc/arm-none-eabi/10.3.1/../../../../arm-none-eabi/lib/thumb/v7e-m+fp/hard/crt0.o
LOAD CMakeFiles/hello_world.elf.dir/home/efacec/nxp/SDK_2_14_0_EVK-MIMX8MP/boards/evkmimx8mp/demo_apps/hello_world/hello_world.c.obj
LOAD CMakeFiles/hello_world.elf.dir/home/efacec/nxp/SDK_2_14_0_EVK-MIMX8MP/boards/evkmimx8mp/demo_apps/hello_world/pin_mux.c.obj
LOAD CMakeFiles/hello_world.elf.dir/home/efacec/nxp/SDK_2_14_0_EVK-MIMX8MP/boards/evkmimx8mp/demo_apps/hello_world/board.c.obj
LOAD CMakeFiles/hello_world.elf.dir/home/efacec/nxp/SDK_2_14_0_EVK-MIMX8MP/boards/evkmimx8mp/demo_apps/hello_world/clock_config.c.obj
LOAD CMakeFiles/hello_world.elf.dir/home/efacec/nxp/SDK_2_14_0_EVK-MIMX8MP/boards/evkmimx8mp/demo_apps/hello_world/empty_rsc_table.c.obj
LOAD CMakeFiles/hello_world.elf.dir/home/efacec/nxp/SDK_2_14_0_EVK-MIMX8MP/boards/evkmimx8mp/demo_apps/hello_world/rsc_table.c.obj
LOAD CMakeFiles/hello_world.elf.dir/home/efacec/nxp/SDK_2_14_0_EVK-MIMX8MP/components/uart/fsl_adapter_iuart.c.obj
LOAD CMakeFiles/hello_world.elf.dir/home/efacec/nxp/SDK_2_14_0_EVK-MIMX8MP/components/lists/fsl_component_generic_list.c.obj
LOAD CMakeFiles/hello_world.elf.dir/home/efacec/nxp/SDK_2_14_0_EVK-MIMX8MP/components/serial_manager/fsl_component_serial_manager.c.obj
LOAD CMakeFiles/hello_world.elf.dir/home/efacec/nxp/SDK_2_14_0_EVK-MIMX8MP/components/serial_manager/fsl_component_serial_port_uart.c.obj
LOAD CMakeFiles/hello_world.elf.dir/home/efacec/nxp/SDK_2_14_0_EVK-MIMX8MP/devices/MIMX8ML8/gcc/startup_MIMX8ML8_cm7.S.obj
LOAD CMakeFiles/hello_world.elf.dir/home/efacec/nxp/SDK_2_14_0_EVK-MIMX8MP/devices/MIMX8ML8/system_MIMX8ML8_cm7.c.obj
LOAD CMakeFiles/hello_world.elf.dir/home/efacec/nxp/SDK_2_14_0_EVK-MIMX8MP/devices/MIMX8ML8/drivers/fsl_audiomix.c.obj
LOAD CMakeFiles/hello_world.elf.dir/home/efacec/nxp/SDK_2_14_0_EVK-MIMX8MP/devices/MIMX8ML8/drivers/fsl_clock.c.obj
LOAD CMakeFiles/hello_world.elf.dir/home/efacec/nxp/SDK_2_14_0_EVK-MIMX8MP/devices/MIMX8ML8/drivers/fsl_common.c.obj
LOAD CMakeFiles/hello_world.elf.dir/home/efacec/nxp/SDK_2_14_0_EVK-MIMX8MP/devices/MIMX8ML8/drivers/fsl_common_arm.c.obj
LOAD CMakeFiles/hello_world.elf.dir/home/efacec/nxp/SDK_2_14_0_EVK-MIMX8MP/devices/MIMX8ML8/drivers/fsl_uart.c.obj
LOAD CMakeFiles/hello_world.elf.dir/home/efacec/nxp/SDK_2_14_0_EVK-MIMX8MP/devices/MIMX8ML8/drivers/fsl_rdc.c.obj
LOAD CMakeFiles/hello_world.elf.dir/home/efacec/nxp/SDK_2_14_0_EVK-MIMX8MP/devices/MIMX8ML8/utilities/fsl_sbrk.c.obj
LOAD CMakeFiles/hello_world.elf.dir/home/efacec/nxp/SDK_2_14_0_EVK-MIMX8MP/devices/MIMX8ML8/utilities/fsl_syscall_stub.c.obj
LOAD CMakeFiles/hello_world.elf.dir/home/efacec/nxp/SDK_2_14_0_EVK-MIMX8MP/devices/MIMX8ML8/utilities/fsl_memcpy.S.obj
LOAD CMakeFiles/hello_world.elf.dir/home/efacec/nxp/SDK_2_14_0_EVK-MIMX8MP/devices/MIMX8ML8/utilities/fsl_assert.c.obj
LOAD CMakeFiles/hello_world.elf.dir/home/efacec/nxp/SDK_2_14_0_EVK-MIMX8MP/devices/MIMX8ML8/utilities/str/fsl_str.c.obj
LOAD CMakeFiles/hello_world.elf.dir/home/efacec/nxp/SDK_2_14_0_EVK-MIMX8MP/devices/MIMX8ML8/utilities/debug_console/fsl_debug_console.c.obj
START GROUP
LOAD /home/efacec/var-mcuxpresso/gcc-arm-none-eabi-10.3-2021.10/bin/../lib/gcc/arm-none-eabi/10.3.1/../../../../arm-none-eabi/lib/thumb/v7e-m+fp/hard/libm.a
LOAD /home/efacec/var-mcuxpresso/gcc-arm-none-eabi-10.3-2021.10/bin/../lib/gcc/arm-none-eabi/10.3.1/../../../../arm-none-eabi/lib/thumb/v7e-m+fp/hard/libc_nano.a
LOAD /home/efacec/var-mcuxpresso/gcc-arm-none-eabi-10.3-2021.10/bin/../lib/gcc/arm-none-eabi/10.3.1/thumb/v7e-m+fp/hard/libgcc.a
LOAD /home/efacec/var-mcuxpresso/gcc-arm-none-eabi-10.3-2021.10/bin/../lib/gcc/arm-none-eabi/10.3.1/../../../../arm-none-eabi/lib/thumb/v7e-m+fp/hard/libnosys.a
END GROUP
START GROUP
LOAD /home/efacec/var-mcuxpresso/gcc-arm-none-eabi-10.3-2021.10/bin/../lib/gcc/arm-none-eabi/10.3.1/thumb/v7e-m+fp/hard/libgcc.a
LOAD /home/efacec/var-mcuxpresso/gcc-arm-none-eabi-10.3-2021.10/bin/../lib/gcc/arm-none-eabi/10.3.1/../../../../arm-none-eabi/lib/thumb/v7e-m+fp/hard/libc_nano.a
END GROUP
START GROUP
LOAD /home/efacec/var-mcuxpresso/gcc-arm-none-eabi-10.3-2021.10/bin/../lib/gcc/arm-none-eabi/10.3.1/thumb/v7e-m+fp/hard/libgcc.a
LOAD /home/efacec/var-mcuxpresso/gcc-arm-none-eabi-10.3-2021.10/bin/../lib/gcc/arm-none-eabi/10.3.1/../../../../arm-none-eabi/lib/thumb/v7e-m+fp/hard/libc_nano.a
LOAD /home/efacec/var-mcuxpresso/gcc-arm-none-eabi-10.3-2021.10/bin/../lib/gcc/arm-none-eabi/10.3.1/../../../../arm-none-eabi/lib/thumb/v7e-m+fp/hard/libnosys.a
END GROUP
START GROUP
LOAD /home/efacec/var-mcuxpresso/gcc-arm-none-eabi-10.3-2021.10/bin/../lib/gcc/arm-none-eabi/10.3.1/thumb/v7e-m+fp/hard/libgcc.a
LOAD /home/efacec/var-mcuxpresso/gcc-arm-none-eabi-10.3-2021.10/bin/../lib/gcc/arm-none-eabi/10.3.1/../../../../arm-none-eabi/lib/thumb/v7e-m+fp/hard/libc_nano.a
LOAD /home/efacec/var-mcuxpresso/gcc-arm-none-eabi-10.3-2021.10/bin/../lib/gcc/arm-none-eabi/10.3.1/../../../../arm-none-eabi/lib/thumb/v7e-m+fp/hard/libnosys.a
END GROUP
LOAD /home/efacec/var-mcuxpresso/gcc-arm-none-eabi-10.3-2021.10/bin/../lib/gcc/arm-none-eabi/10.3.1/thumb/v7e-m+fp/hard/crtend.o
LOAD /home/efacec/var-mcuxpresso/gcc-arm-none-eabi-10.3-2021.10/bin/../lib/gcc/arm-none-eabi/10.3.1/thumb/v7e-m+fp/hard/crtn.o
                0x0000000000000400                HEAP_SIZE = DEFINED (__heap_size__)?__heap_size__:0x400
                0x0000000000000400                STACK_SIZE = DEFINED (__stack_size__)?__stack_size__:0x400

.interrupts     0x0000000008000000      0x2a8
                0x0000000008000000                __VECTOR_TABLE = .
                0x0000000008000000                __Vectors = .
                0x0000000008000000                . = ALIGN (0x4)
 *(.isr_vector)
 .isr_vector    0x0000000008000000      0x2a8 CMakeFiles/hello_world.elf.dir/home/efacec/nxp/SDK_2_14_0_EVK-MIMX8MP/devices/MIMX8ML8/gcc/startup_MIMX8ML8_cm7.S.obj
                0x0000000008000000                __isr_vector
                0x00000000080002a8                . = ALIGN (0x4)

.resource_table
                0x0000000008000400       0x68
                0x0000000008000400                . = ALIGN (0x8)
 *(.resource_table)
 .resource_table
                0x0000000008000400       0x10 CMakeFiles/hello_world.elf.dir/home/efacec/nxp/SDK_2_14_0_EVK-MIMX8MP/boards/evkmimx8mp/demo_apps/hello_world/empty_rsc_table.c.obj
                0x0000000008000400                resource_table
 .resource_table
                0x0000000008000410       0x58 CMakeFiles/hello_world.elf.dir/home/efacec/nxp/SDK_2_14_0_EVK-MIMX8MP/boards/evkmimx8mp/demo_apps/hello_world/rsc_table.c.obj
                0x0000000008000410                resources
                0x0000000008000468                . = ALIGN (0x8)

.text           0x0000000008000468     0x1d10
                0x0000000008000468                . = ALIGN (0x4)
 *(.text)
 .text          0x0000000008000468       0x40 /home/efacec/var-mcuxpresso/gcc-arm-none-eabi-10.3-2021.10/bin/../lib/gcc/arm-none-eabi/10.3.1/thumb/v7e-m+fp/hard/crtbegin.o
 .text          0x00000000080004a8       0x7c /home/efacec/var-mcuxpresso/gcc-arm-none-eabi-10.3-2021.10/bin/../lib/gcc/arm-none-eabi/10.3.1/../../../../arm-none-eabi/lib/thumb/v7e-m+fp/hard/crt0.o
                0x00000000080004a8                _stack_init
                0x00000000080004b0                _mainCRTStartup
                0x00000000080004b0                _start
 .text          0x0000000008000524      0x588 CMakeFiles/hello_world.elf.dir/home/efacec/nxp/SDK_2_14_0_EVK-MIMX8MP/devices/MIMX8ML8/gcc/startup_MIMX8ML8_cm7.S.obj
                0x0000000008000524                Reset_Handler
                0x00000000080005b0                VPU_G2_DriverIRQHandler
                0x00000000080005b0                PWM2_DriverIRQHandler
                0x00000000080005b0                CAAM_ERROR_DriverIRQHandler
                0x00000000080005b0                DebugMon_Handler
                0x00000000080005b0                EDMA1_0_15_DriverIRQHandler
                0x00000000080005b0                CPU_Error_AXI_DriverIRQHandler
                0x00000000080005b0                BCH_DriverIRQHandler
                0x00000000080005b0                VPU_G1_DriverIRQHandler
                0x00000000080005b0                SNVS_Consolidated_DriverIRQHandler
                0x00000000080005b0                MIPI_CSI1_DriverIRQHandler
                0x00000000080005b0                MECC_ERR_DriverIRQHandler
                0x00000000080005b0                PWM4_DriverIRQHandler
                0x00000000080005b0                LCDIF1_DriverIRQHandler
                0x00000000080005b0                RDC_DriverIRQHandler
                0x00000000080005b0                GPIO3_Combined_0_15_DriverIRQHandler
                0x00000000080005b0                USB2_WAKEUP_DriverIRQHandler
                0x00000000080005b0                DDR_ERR_DriverIRQHandler
                0x00000000080005b0                I2S2_DriverIRQHandler
                0x00000000080005b0                I2C3_DriverIRQHandler
                0x00000000080005b0                HS_CP0_DriverIRQHandler
                0x00000000080005b0                GPMI_DriverIRQHandler
                0x00000000080005b0                MU3_AUDIO_DriverIRQHandler
                0x00000000080005b0                ISI_DriverIRQHandler
                0x00000000080005b0                I2C2_DriverIRQHandler
                0x00000000080005b0                ENET_QOS_PMT_DriverIRQHandler
                0x00000000080005b0                MIPI_CSI2_DriverIRQHandler
                0x00000000080005b0                GPIO2_Combined_16_31_DriverIRQHandler
                0x00000000080005b0                PERFMON1_DriverIRQHandler
                0x00000000080005b0                UsageFault_Handler
                0x00000000080005b0                SCTR_IRQ0_DriverIRQHandler
                0x00000000080005b0                CAAM_IRQ0_DriverIRQHandler
                0x00000000080005b0                DDR_PerformanceMonitor_DriverIRQHandler
                0x00000000080005b0                DefaultISR
                0x00000000080005b0                CPU_PerformanceUnit_DriverIRQHandler
                0x00000000080005b0                CAN_FD1_DriverIRQHandler
                0x00000000080005b0                CPU_Error_L2RAM_DriverIRQHandler
                0x00000000080005b0                I2S3_DriverIRQHandler
                0x00000000080005b0                SDMA2_DriverIRQHandler
                0x00000000080005b0                SRC_DriverIRQHandler
                0x00000000080005b0                GPIO1_INT4_DriverIRQHandler
                0x00000000080005b0                HS_CP1_DriverIRQHandler
                0x00000000080005b0                USDHC1_DriverIRQHandler
                0x00000000080005b0                ECSPI3_DriverIRQHandler
                0x00000000080005b0                WDOG1_DriverIRQHandler
                0x00000000080005b0                SDMA1_DriverIRQHandler
                0x00000000080005b0                ECSPI2_DriverIRQHandler
                0x00000000080005b0                GPIO1_Combined_16_31_DriverIRQHandler
                0x00000000080005b0                GPIO1_INT7_DriverIRQHandler
                0x00000000080005b0                MIPI_DSI_DriverIRQHandler
                0x00000000080005b0                TZASC_DriverIRQHandler
                0x00000000080005b0                GPIO5_Combined_0_15_DriverIRQHandler
                0x00000000080005b0                GPIO1_INT0_DriverIRQHandler
                0x00000000080005b0                GPIO1_INT2_DriverIRQHandler
                0x00000000080005b0                GPU2D_DriverIRQHandler
                0x00000000080005b0                RTIC_DriverIRQHandler
                0x00000000080005b0                CAN_FD1_ERROR_DriverIRQHandler
                0x00000000080005b0                EDMA1_ERR_DriverIRQHandler
                0x00000000080005b0                GPT2_DriverIRQHandler
                0x00000000080005b0                SCTR_IRQ1_DriverIRQHandler
                0x00000000080005b0                VPU_DriverIRQHandler
                0x00000000080005b0                I2S1_DriverIRQHandler
                0x00000000080005b0                SNVS_Security_DriverIRQHandler
                0x00000000080005b0                I2S7_DriverIRQHandler
                0x00000000080005b0                AUD2HTX_DriverIRQHandler
                0x00000000080005b0                PCIE_EDMA_DriverIRQHandler
                0x00000000080005b0                PDM_ERROR_DriverIRQHandler
                0x00000000080005b0                I2S56_DriverIRQHandler
                0x00000000080005b0                ML_DriverIRQHandler
                0x00000000080005b0                SJC_DriverIRQHandler
                0x00000000080005b0                CAAM_IRQ1_DriverIRQHandler
                0x00000000080005b0                PCIE_CTRL1_2_DriverIRQHandler
                0x00000000080005b0                PERFMON2_DriverIRQHandler
                0x00000000080005b0                GPT6_DriverIRQHandler
                0x00000000080005b0                EDMA1_16_31_DriverIRQHandler
                0x00000000080005b0                GPT5_DriverIRQHandler
                0x00000000080005b0                DDR_DriverIRQHandler
                0x00000000080005b0                GPT1_DriverIRQHandler
                0x00000000080005b0                CAAM_IRQ2_DriverIRQHandler
                0x00000000080005b0                SNVS_DriverIRQHandler
                0x00000000080005b0                CSU_DriverIRQHandler
                0x00000000080005b0                USDHC3_DriverIRQHandler
                0x00000000080005b0                GPIO1_INT5_DriverIRQHandler
                0x00000000080005b0                QOS_DriverIRQHandler
                0x00000000080005b0                HDMI_TX_DriverIRQHandler
                0x00000000080005b0                FlexSPI_DriverIRQHandler
                0x00000000080005b0                DEWARP_DriverIRQHandler
                0x00000000080005b0                GPIO1_Combined_0_15_DriverIRQHandler
                0x00000000080005b0                USDHC2_DriverIRQHandler
                0x00000000080005b0                WDOG3_DriverIRQHandler
                0x00000000080005b0                MemManage_Handler
                0x00000000080005b0                USB1_WAKEUP_DriverIRQHandler
                0x00000000080005b0                PDM_EVENT_DriverIRQHandler
                0x00000000080005b0                I2C4_DriverIRQHandler
                0x00000000080005b0                USB1_DriverIRQHandler
                0x00000000080005b0                GPIO3_Combined_16_31_DriverIRQHandler
                0x00000000080005b0                AUDIO_XCVR1_DriverIRQHandler
                0x00000000080005b0                PWM1_DriverIRQHandler
                0x00000000080005b0                MU3_M7_DriverIRQHandler
                0x00000000080005b0                PCIE_CTRL1_3_DriverIRQHandler
                0x00000000080005b0                GPT4_DriverIRQHandler
                0x00000000080005b0                MU2_A53_DriverIRQHandler
                0x00000000080005b0                I2C1_DriverIRQHandler
                0x00000000080005b0                AUDIO_XCVR_DriverIRQHandler
                0x00000000080005b0                SDMA3_DriverIRQHandler
                0x00000000080005b0                CM7_CTI_DriverIRQHandler
                0x00000000080005b0                ECSPI1_DriverIRQHandler
                0x00000000080005b0                DAP_DriverIRQHandler
                0x00000000080005b0                Reserved16_DriverIRQHandler
                0x00000000080005b0                ENET_QOS_DriverIRQHandler
                0x00000000080005b0                I2C6_DriverIRQHandler
                0x00000000080005b0                ENET1_DriverIRQHandler
                0x00000000080005b0                ISP2_DriverIRQHandler
                0x00000000080005b0                GPIO1_INT3_DriverIRQHandler
                0x00000000080005b0                MECC_DriverIRQHandler
                0x00000000080005b0                MECC_S_DriverIRQHandler
                0x00000000080005b0                PCIE_CTRL1_1_DriverIRQHandler
                0x00000000080005b0                APBHDMA_DriverIRQHandler
                0x00000000080005b0                ENET1_MAC0_Rx_Tx_Done1_DriverIRQHandler
                0x00000000080005b0                GPC_DriverIRQHandler
                0x00000000080005b0                GPIO2_Combined_0_15_DriverIRQHandler
                0x00000000080005b0                GPT3_DriverIRQHandler
                0x00000000080005b0                CAN_FD2_DriverIRQHandler
                0x00000000080005b0                CCM_IRQ2_DriverIRQHandler
                0x00000000080005b0                PCIE_CTRL1_0_DriverIRQHandler
                0x00000000080005b0                LCDIF2_DriverIRQHandler
                0x00000000080005b0                WDOG2_DriverIRQHandler
                0x00000000080005b0                ANAMIX_DriverIRQHandler
                0x00000000080005b0                MECC_S_ERR_DriverIRQHandler
                0x00000000080005b0                USB2_DriverIRQHandler
                0x00000000080005b0                GPIO4_Combined_0_15_DriverIRQHandler
                0x00000000080005b0                I2C5_DriverIRQHandler
                0x00000000080005b0                GPIO4_Combined_16_31_DriverIRQHandler
                0x00000000080005b0                ISP1_DriverIRQHandler
                0x00000000080005b0                GPIO5_Combined_16_31_DriverIRQHandler
                0x00000000080005b0                PCIE_CTRL1_ERR_DriverIRQHandler
                0x00000000080005b0                ASRC_DriverIRQHandler
                0x00000000080005b0                CAN_FD2_ERROR_DriverIRQHandler
                0x00000000080005b0                BusFault_Handler
                0x00000000080005b0                ENET1_1588_Timer_DriverIRQHandler
                0x00000000080005b0                GPU3D_DriverIRQHandler
                0x00000000080005b0                PDM_HWVAD_ERROR_DriverIRQHandler
                0x00000000080005b0                PCIE_CTRL1_DriverIRQHandler
                0x00000000080005b0                CCM_IRQ1_DriverIRQHandler
                0x00000000080005b0                ENET1_MAC0_Rx_Tx_Done2_DriverIRQHandler
                0x00000000080005b0                CPU_CTI_Trigger_DriverIRQHandler
                0x00000000080005b0                PDM_HWVAD_EVENT_DriverIRQHandler
                0x00000000080005b0                MU1_M7_DriverIRQHandler
                0x00000000080005b0                MU2_AUDIO_DriverIRQHandler
                0x00000000080005b0                PWM3_DriverIRQHandler
                0x00000000080005b0                AUDIO_XCVR0_DriverIRQHandler
                0x00000000080005b0                GPIO1_INT6_DriverIRQHandler
                0x00000000080005b0                GPIO1_INT1_DriverIRQHandler
                0x00000000080005b0                ISI_CH1_DriverIRQHandler
                0x00000000080005b0                SRC_Combined_DriverIRQHandler
                0x00000000080005b0                MU1_A53_DriverIRQHandler
                0x00000000080005b4                NMI_Handler
                0x00000000080005b8                HardFault_Handler
                0x00000000080005bc                SVC_Handler
                0x00000000080005c0                PendSV_Handler
                0x00000000080005c4                SysTick_Handler
                0x00000000080005c8                Reserved16_IRQHandler
                0x00000000080005cc                DAP_IRQHandler
                0x00000000080005d0                SDMA1_IRQHandler
                0x00000000080005d4                GPU3D_IRQHandler
                0x00000000080005d8                SNVS_IRQHandler
                0x00000000080005dc                LCDIF1_IRQHandler
                0x00000000080005e0                LCDIF2_IRQHandler
                0x00000000080005e4                VPU_G1_IRQHandler
                0x00000000080005e8                VPU_G2_IRQHandler
                0x00000000080005ec                QOS_IRQHandler
                0x00000000080005f0                WDOG3_IRQHandler
                0x00000000080005f4                HS_CP1_IRQHandler
                0x00000000080005f8                APBHDMA_IRQHandler
                0x00000000080005fc                ML_IRQHandler
                0x0000000008000600                BCH_IRQHandler
                0x0000000008000604                GPMI_IRQHandler
                0x0000000008000608                ISI_IRQHandler
                0x000000000800060c                MIPI_CSI1_IRQHandler
                0x0000000008000610                MIPI_DSI_IRQHandler
                0x0000000008000614                SNVS_Consolidated_IRQHandler
                0x0000000008000618                SNVS_Security_IRQHandler
                0x000000000800061c                CSU_IRQHandler
                0x0000000008000620                USDHC1_IRQHandler
                0x0000000008000624                USDHC2_IRQHandler
                0x0000000008000628                USDHC3_IRQHandler
                0x000000000800062c                GPU2D_IRQHandler
                0x0000000008000630                UART1_IRQHandler
                0x0000000008000634                UART2_IRQHandler
                0x0000000008000638                UART3_IRQHandler
                0x000000000800063c                UART4_IRQHandler
                0x0000000008000640                VPU_IRQHandler
                0x0000000008000644                ECSPI1_IRQHandler
                0x0000000008000648                ECSPI2_IRQHandler
                0x000000000800064c                ECSPI3_IRQHandler
                0x0000000008000650                SDMA3_IRQHandler
                0x0000000008000654                I2C1_IRQHandler
                0x0000000008000658                I2C2_IRQHandler
                0x000000000800065c                I2C3_IRQHandler
                0x0000000008000660                I2C4_IRQHandler
                0x0000000008000664                RDC_IRQHandler
                0x0000000008000668                USB1_IRQHandler
                0x000000000800066c                USB2_IRQHandler
                0x0000000008000670                ISI_CH1_IRQHandler
                0x0000000008000674                HDMI_TX_IRQHandler
                0x0000000008000678                PDM_HWVAD_EVENT_IRQHandler
                0x000000000800067c                PDM_HWVAD_ERROR_IRQHandler
                0x0000000008000680                GPT6_IRQHandler
                0x0000000008000684                SCTR_IRQ0_IRQHandler
                0x0000000008000688                SCTR_IRQ1_IRQHandler
                0x000000000800068c                ANAMIX_IRQHandler
                0x0000000008000690                I2S3_IRQHandler
                0x0000000008000694                GPT5_IRQHandler
                0x0000000008000698                GPT4_IRQHandler
                0x000000000800069c                GPT3_IRQHandler
                0x00000000080006a0                GPT2_IRQHandler
                0x00000000080006a4                GPT1_IRQHandler
                0x00000000080006a8                GPIO1_INT7_IRQHandler
                0x00000000080006ac                GPIO1_INT6_IRQHandler
                0x00000000080006b0                GPIO1_INT5_IRQHandler
                0x00000000080006b4                GPIO1_INT4_IRQHandler
                0x00000000080006b8                GPIO1_INT3_IRQHandler
                0x00000000080006bc                GPIO1_INT2_IRQHandler
                0x00000000080006c0                GPIO1_INT1_IRQHandler
                0x00000000080006c4                GPIO1_INT0_IRQHandler
                0x00000000080006c8                GPIO1_Combined_0_15_IRQHandler
                0x00000000080006cc                GPIO1_Combined_16_31_IRQHandler
                0x00000000080006d0                GPIO2_Combined_0_15_IRQHandler
                0x00000000080006d4                GPIO2_Combined_16_31_IRQHandler
                0x00000000080006d8                GPIO3_Combined_0_15_IRQHandler
                0x00000000080006dc                GPIO3_Combined_16_31_IRQHandler
                0x00000000080006e0                GPIO4_Combined_0_15_IRQHandler
                0x00000000080006e4                GPIO4_Combined_16_31_IRQHandler
                0x00000000080006e8                GPIO5_Combined_0_15_IRQHandler
                0x00000000080006ec                GPIO5_Combined_16_31_IRQHandler
                0x00000000080006f0                ISP1_IRQHandler
                0x00000000080006f4                ISP2_IRQHandler
                0x00000000080006f8                I2C5_IRQHandler
                0x00000000080006fc                I2C6_IRQHandler
                0x0000000008000700                WDOG1_IRQHandler
                0x0000000008000704                WDOG2_IRQHandler
                0x0000000008000708                MIPI_CSI2_IRQHandler
                0x000000000800070c                PWM1_IRQHandler
                0x0000000008000710                PWM2_IRQHandler
                0x0000000008000714                PWM3_IRQHandler
                0x0000000008000718                PWM4_IRQHandler
                0x000000000800071c                CCM_IRQ1_IRQHandler
                0x0000000008000720                CCM_IRQ2_IRQHandler
                0x0000000008000724                GPC_IRQHandler
                0x0000000008000728                MU1_A53_IRQHandler
                0x000000000800072c                SRC_IRQHandler
                0x0000000008000730                I2S56_IRQHandler
                0x0000000008000734                RTIC_IRQHandler
                0x0000000008000738                CPU_PerformanceUnit_IRQHandler
                0x000000000800073c                CPU_CTI_Trigger_IRQHandler
                0x0000000008000740                SRC_Combined_IRQHandler
                0x0000000008000744                I2S1_IRQHandler
                0x0000000008000748                I2S2_IRQHandler
                0x000000000800074c                MU1_M7_IRQHandler
                0x0000000008000750                DDR_PerformanceMonitor_IRQHandler
                0x0000000008000754                DDR_IRQHandler
                0x0000000008000758                DEWARP_IRQHandler
                0x000000000800075c                CPU_Error_AXI_IRQHandler
                0x0000000008000760                CPU_Error_L2RAM_IRQHandler
                0x0000000008000764                SDMA2_IRQHandler
                0x0000000008000768                SJC_IRQHandler
                0x000000000800076c                CAAM_IRQ0_IRQHandler
                0x0000000008000770                CAAM_IRQ1_IRQHandler
                0x0000000008000774                FlexSPI_IRQHandler
                0x0000000008000778                TZASC_IRQHandler
                0x000000000800077c                PDM_EVENT_IRQHandler
                0x0000000008000780                PDM_ERROR_IRQHandler
                0x0000000008000784                I2S7_IRQHandler
                0x0000000008000788                PERFMON1_IRQHandler
                0x000000000800078c                PERFMON2_IRQHandler
                0x0000000008000790                CAAM_IRQ2_IRQHandler
                0x0000000008000794                CAAM_ERROR_IRQHandler
                0x0000000008000798                HS_CP0_IRQHandler
                0x000000000800079c                CM7_CTI_IRQHandler
                0x00000000080007a0                ENET1_MAC0_Rx_Tx_Done1_IRQHandler
                0x00000000080007a4                ENET1_MAC0_Rx_Tx_Done2_IRQHandler
                0x00000000080007a8                ENET1_IRQHandler
                0x00000000080007ac                ENET1_1588_Timer_IRQHandler
                0x00000000080007b0                ASRC_IRQHandler
                0x00000000080007b4                PCIE_CTRL1_0_IRQHandler
                0x00000000080007b8                PCIE_CTRL1_1_IRQHandler
                0x00000000080007bc                PCIE_CTRL1_2_IRQHandler
                0x00000000080007c0                PCIE_CTRL1_3_IRQHandler
                0x00000000080007c4                PCIE_EDMA_IRQHandler
                0x00000000080007c8                AUDIO_XCVR0_IRQHandler
                0x00000000080007cc                AUDIO_XCVR1_IRQHandler
                0x00000000080007d0                AUD2HTX_IRQHandler
                0x00000000080007d4                EDMA1_ERR_IRQHandler
                0x00000000080007d8                EDMA1_0_15_IRQHandler
                0x00000000080007dc                EDMA1_16_31_IRQHandler
                0x00000000080007e0                ENET_QOS_PMT_IRQHandler
                0x00000000080007e4                ENET_QOS_IRQHandler
                0x00000000080007e8                MU2_A53_IRQHandler
                0x00000000080007ec                MU2_AUDIO_IRQHandler
                0x00000000080007f0                MU3_M7_IRQHandler
                0x00000000080007f4                MU3_AUDIO_IRQHandler
                0x00000000080007f8                PCIE_CTRL1_IRQHandler
                0x00000000080007fc                PCIE_CTRL1_ERR_IRQHandler
                0x0000000008000800                CAN_FD1_IRQHandler
                0x0000000008000804                CAN_FD1_ERROR_IRQHandler
                0x0000000008000808                CAN_FD2_IRQHandler
                0x000000000800080c                CAN_FD2_ERROR_IRQHandler
                0x0000000008000810                AUDIO_XCVR_IRQHandler
                0x0000000008000814                DDR_ERR_IRQHandler
                0x0000000008000818                USB1_WAKEUP_IRQHandler
                0x000000000800081c                USB2_WAKEUP_IRQHandler
                0x0000000008000820                MECC_IRQHandler
                0x0000000008000824                MECC_ERR_IRQHandler
                0x0000000008000828                MECC_S_IRQHandler
                0x000000000800082c                MECC_S_ERR_IRQHandler
 .text          0x0000000008000aac       0xa0 CMakeFiles/hello_world.elf.dir/home/efacec/nxp/SDK_2_14_0_EVK-MIMX8MP/devices/MIMX8ML8/utilities/fsl_memcpy.S.obj
                0x0000000008000aac                memcpy
 .text          0x0000000008000b4c       0x10 /home/efacec/var-mcuxpresso/gcc-arm-none-eabi-10.3-2021.10/bin/../lib/gcc/arm-none-eabi/10.3.1/../../../../arm-none-eabi/lib/thumb/v7e-m+fp/hard/libc_nano.a(lib_a-strlen.o)
                0x0000000008000b4c                strlen
 .text          0x0000000008000b5c       0x30 /home/efacec/var-mcuxpresso/gcc-arm-none-eabi-10.3-2021.10/bin/../lib/gcc/arm-none-eabi/10.3.1/thumb/v7e-m+fp/hard/libgcc.a(_aeabi_uldivmod.o)
                0x0000000008000b5c                __aeabi_uldivmod
 .text          0x0000000008000b8c      0x2d0 /home/efacec/var-mcuxpresso/gcc-arm-none-eabi-10.3-2021.10/bin/../lib/gcc/arm-none-eabi/10.3.1/thumb/v7e-m+fp/hard/libgcc.a(_udivmoddi4.o)
                0x0000000008000b8c                __udivmoddi4
 .text          0x0000000008000e5c        0x4 /home/efacec/var-mcuxpresso/gcc-arm-none-eabi-10.3-2021.10/bin/../lib/gcc/arm-none-eabi/10.3.1/thumb/v7e-m+fp/hard/libgcc.a(_dvmd_tls.o)
                0x0000000008000e5c                __aeabi_ldiv0
                0x0000000008000e5c                __aeabi_idiv0
 *(.text*)
 .text.startup.main
                0x0000000008000e60       0x30 CMakeFiles/hello_world.elf.dir/home/efacec/nxp/SDK_2_14_0_EVK-MIMX8MP/boards/evkmimx8mp/demo_apps/hello_world/hello_world.c.obj
                0x0000000008000e60                main
 .text.BOARD_InitPins
                0x0000000008000e90       0x24 CMakeFiles/hello_world.elf.dir/home/efacec/nxp/SDK_2_14_0_EVK-MIMX8MP/boards/evkmimx8mp/demo_apps/hello_world/pin_mux.c.obj
                0x0000000008000e90                BOARD_InitPins
 .text.BOARD_InitBootPins
                0x0000000008000eb4        0x4 CMakeFiles/hello_world.elf.dir/home/efacec/nxp/SDK_2_14_0_EVK-MIMX8MP/boards/evkmimx8mp/demo_apps/hello_world/pin_mux.c.obj
                0x0000000008000eb4                BOARD_InitBootPins
 .text.BOARD_InitDebugConsole
                0x0000000008000eb8       0x44 CMakeFiles/hello_world.elf.dir/home/efacec/nxp/SDK_2_14_0_EVK-MIMX8MP/boards/evkmimx8mp/demo_apps/hello_world/board.c.obj
                0x0000000008000eb8                BOARD_InitDebugConsole
 .text.BOARD_InitMemory
                0x0000000008000efc      0x204 CMakeFiles/hello_world.elf.dir/home/efacec/nxp/SDK_2_14_0_EVK-MIMX8MP/boards/evkmimx8mp/demo_apps/hello_world/board.c.obj
                0x0000000008000efc                BOARD_InitMemory
 .text.BOARD_RdcInit
                0x0000000008001100       0x90 CMakeFiles/hello_world.elf.dir/home/efacec/nxp/SDK_2_14_0_EVK-MIMX8MP/boards/evkmimx8mp/demo_apps/hello_world/board.c.obj
                0x0000000008001100                BOARD_RdcInit
 .text.BOARD_BootClockRUN
                0x0000000008001190      0x16c CMakeFiles/hello_world.elf.dir/home/efacec/nxp/SDK_2_14_0_EVK-MIMX8MP/boards/evkmimx8mp/demo_apps/hello_world/clock_config.c.obj
                0x0000000008001190                BOARD_BootClockRUN
 .text.copyResourceTable
                0x00000000080012fc       0x24 CMakeFiles/hello_world.elf.dir/home/efacec/nxp/SDK_2_14_0_EVK-MIMX8MP/boards/evkmimx8mp/demo_apps/hello_world/rsc_table.c.obj
                0x00000000080012fc                copyResourceTable
 .text.HAL_UartInit
                0x0000000008001320       0x6c CMakeFiles/hello_world.elf.dir/home/efacec/nxp/SDK_2_14_0_EVK-MIMX8MP/components/uart/fsl_adapter_iuart.c.obj
                0x0000000008001320                HAL_UartInit
 .text.HAL_UartReceiveBlocking
                0x000000000800138c       0x20 CMakeFiles/hello_world.elf.dir/home/efacec/nxp/SDK_2_14_0_EVK-MIMX8MP/components/uart/fsl_adapter_iuart.c.obj
                0x000000000800138c                HAL_UartReceiveBlocking
 .text.HAL_UartSendBlocking
                0x00000000080013ac       0x18 CMakeFiles/hello_world.elf.dir/home/efacec/nxp/SDK_2_14_0_EVK-MIMX8MP/components/uart/fsl_adapter_iuart.c.obj
                0x00000000080013ac                HAL_UartSendBlocking
 .text.SerialManager_Init
                0x00000000080013c4       0x2a CMakeFiles/hello_world.elf.dir/home/efacec/nxp/SDK_2_14_0_EVK-MIMX8MP/components/serial_manager/fsl_component_serial_manager.c.obj
                0x00000000080013c4                SerialManager_Init
 .text.SerialManager_OpenWriteHandle
                0x00000000080013ee       0x26 CMakeFiles/hello_world.elf.dir/home/efacec/nxp/SDK_2_14_0_EVK-MIMX8MP/components/serial_manager/fsl_component_serial_manager.c.obj
                0x00000000080013ee                SerialManager_OpenWriteHandle
 .text.SerialManager_OpenReadHandle
                0x0000000008001414       0x2c CMakeFiles/hello_world.elf.dir/home/efacec/nxp/SDK_2_14_0_EVK-MIMX8MP/components/serial_manager/fsl_component_serial_manager.c.obj
                0x0000000008001414                SerialManager_OpenReadHandle
 .text.SerialManager_WriteBlocking
                0x0000000008001440       0x14 CMakeFiles/hello_world.elf.dir/home/efacec/nxp/SDK_2_14_0_EVK-MIMX8MP/components/serial_manager/fsl_component_serial_manager.c.obj
                0x0000000008001440                SerialManager_WriteBlocking
 .text.SerialManager_ReadBlocking
                0x0000000008001454       0x14 CMakeFiles/hello_world.elf.dir/home/efacec/nxp/SDK_2_14_0_EVK-MIMX8MP/components/serial_manager/fsl_component_serial_manager.c.obj
                0x0000000008001454                SerialManager_ReadBlocking
 .text.Serial_UartInit
                0x0000000008001468        0x4 CMakeFiles/hello_world.elf.dir/home/efacec/nxp/SDK_2_14_0_EVK-MIMX8MP/components/serial_manager/fsl_component_serial_port_uart.c.obj
                0x0000000008001468                Serial_UartInit
 .text.Serial_UartWrite
                0x000000000800146c        0x4 CMakeFiles/hello_world.elf.dir/home/efacec/nxp/SDK_2_14_0_EVK-MIMX8MP/components/serial_manager/fsl_component_serial_port_uart.c.obj
                0x000000000800146c                Serial_UartWrite
 .text.Serial_UartRead
                0x0000000008001470        0x4 CMakeFiles/hello_world.elf.dir/home/efacec/nxp/SDK_2_14_0_EVK-MIMX8MP/components/serial_manager/fsl_component_serial_port_uart.c.obj
                0x0000000008001470                Serial_UartRead
 .text.GetFracPllFreq
                0x0000000008001474       0x44 CMakeFiles/hello_world.elf.dir/home/efacec/nxp/SDK_2_14_0_EVK-MIMX8MP/devices/MIMX8ML8/system_MIMX8ML8_cm7.c.obj
                0x0000000008001474                GetFracPllFreq
 .text.GetIntegerPllFreq
                0x00000000080014b8       0x44 CMakeFiles/hello_world.elf.dir/home/efacec/nxp/SDK_2_14_0_EVK-MIMX8MP/devices/MIMX8ML8/system_MIMX8ML8_cm7.c.obj
                0x00000000080014b8                GetIntegerPllFreq
 .text.SystemCoreClockUpdate
                0x00000000080014fc       0x9c CMakeFiles/hello_world.elf.dir/home/efacec/nxp/SDK_2_14_0_EVK-MIMX8MP/devices/MIMX8ML8/system_MIMX8ML8_cm7.c.obj
                0x00000000080014fc                SystemCoreClockUpdate
 .text.SystemInitHook
                0x0000000008001598        0x2 CMakeFiles/hello_world.elf.dir/home/efacec/nxp/SDK_2_14_0_EVK-MIMX8MP/devices/MIMX8ML8/system_MIMX8ML8_cm7.c.obj
                0x0000000008001598                SystemInitHook
 *fill*         0x000000000800159a        0x2 
 .text.SystemInit
                0x000000000800159c       0x1c CMakeFiles/hello_world.elf.dir/home/efacec/nxp/SDK_2_14_0_EVK-MIMX8MP/devices/MIMX8ML8/system_MIMX8ML8_cm7.c.obj
                0x000000000800159c                SystemInit
 .text.AUDIOMIX_InitAudioPll
                0x00000000080015b8       0x64 CMakeFiles/hello_world.elf.dir/home/efacec/nxp/SDK_2_14_0_EVK-MIMX8MP/devices/MIMX8ML8/drivers/fsl_audiomix.c.obj
                0x00000000080015b8                AUDIOMIX_InitAudioPll
 .text.CLOCK_GetPllRefClkFreq
                0x000000000800161c       0x20 CMakeFiles/hello_world.elf.dir/home/efacec/nxp/SDK_2_14_0_EVK-MIMX8MP/devices/MIMX8ML8/drivers/fsl_clock.c.obj
                0x000000000800161c                CLOCK_GetPllRefClkFreq
 .text.CLOCK_InitFracPll
                0x000000000800163c       0x54 CMakeFiles/hello_world.elf.dir/home/efacec/nxp/SDK_2_14_0_EVK-MIMX8MP/devices/MIMX8ML8/drivers/fsl_clock.c.obj
                0x000000000800163c                CLOCK_InitFracPll
 .text.CLOCK_InitAudioPll1
                0x0000000008001690       0x28 CMakeFiles/hello_world.elf.dir/home/efacec/nxp/SDK_2_14_0_EVK-MIMX8MP/devices/MIMX8ML8/drivers/fsl_clock.c.obj
                0x0000000008001690                CLOCK_InitAudioPll1
 .text.CLOCK_InitAudioPll2
                0x00000000080016b8       0x2c CMakeFiles/hello_world.elf.dir/home/efacec/nxp/SDK_2_14_0_EVK-MIMX8MP/devices/MIMX8ML8/drivers/fsl_clock.c.obj
                0x00000000080016b8                CLOCK_InitAudioPll2
 .text.CLOCK_GetFracPllFreq
                0x00000000080016e4       0x40 CMakeFiles/hello_world.elf.dir/home/efacec/nxp/SDK_2_14_0_EVK-MIMX8MP/devices/MIMX8ML8/drivers/fsl_clock.c.obj
                0x00000000080016e4                CLOCK_GetFracPllFreq
 .text.CLOCK_GetIntegerPllFreq
                0x0000000008001724       0x36 CMakeFiles/hello_world.elf.dir/home/efacec/nxp/SDK_2_14_0_EVK-MIMX8MP/devices/MIMX8ML8/drivers/fsl_clock.c.obj
                0x0000000008001724                CLOCK_GetIntegerPllFreq
 *fill*         0x000000000800175a        0x2 
 .text.CLOCK_GetPllFreq
                0x000000000800175c       0xb4 CMakeFiles/hello_world.elf.dir/home/efacec/nxp/SDK_2_14_0_EVK-MIMX8MP/devices/MIMX8ML8/drivers/fsl_clock.c.obj
                0x000000000800175c                CLOCK_GetPllFreq
 .text.CLOCK_SetRootDivider
                0x0000000008001810       0x20 CMakeFiles/hello_world.elf.dir/home/efacec/nxp/SDK_2_14_0_EVK-MIMX8MP/devices/MIMX8ML8/drivers/fsl_clock.c.obj
                0x0000000008001810                CLOCK_SetRootDivider
 .text.CLOCK_EnableClock
                0x0000000008001830       0x50 CMakeFiles/hello_world.elf.dir/home/efacec/nxp/SDK_2_14_0_EVK-MIMX8MP/devices/MIMX8ML8/drivers/fsl_clock.c.obj
                0x0000000008001830                CLOCK_EnableClock
 .text.UART_GetInstance
                0x0000000008001880       0x38 CMakeFiles/hello_world.elf.dir/home/efacec/nxp/SDK_2_14_0_EVK-MIMX8MP/devices/MIMX8ML8/drivers/fsl_uart.c.obj
                0x0000000008001880                UART_GetInstance
 .text.UART_GetDefaultConfig
                0x00000000080018b8       0x28 CMakeFiles/hello_world.elf.dir/home/efacec/nxp/SDK_2_14_0_EVK-MIMX8MP/devices/MIMX8ML8/drivers/fsl_uart.c.obj
                0x00000000080018b8                UART_GetDefaultConfig
 .text.UART_SetBaudRate
                0x00000000080018e0      0x13c CMakeFiles/hello_world.elf.dir/home/efacec/nxp/SDK_2_14_0_EVK-MIMX8MP/devices/MIMX8ML8/drivers/fsl_uart.c.obj
                0x00000000080018e0                UART_SetBaudRate
 .text.UART_Init
                0x0000000008001a1c      0x154 CMakeFiles/hello_world.elf.dir/home/efacec/nxp/SDK_2_14_0_EVK-MIMX8MP/devices/MIMX8ML8/drivers/fsl_uart.c.obj
                0x0000000008001a1c                UART_Init
 .text.UART_WriteBlocking
                0x0000000008001b70       0x22 CMakeFiles/hello_world.elf.dir/home/efacec/nxp/SDK_2_14_0_EVK-MIMX8MP/devices/MIMX8ML8/drivers/fsl_uart.c.obj
                0x0000000008001b70                UART_WriteBlocking
 .text.UART_ReadBlocking
                0x0000000008001b92       0x66 CMakeFiles/hello_world.elf.dir/home/efacec/nxp/SDK_2_14_0_EVK-MIMX8MP/devices/MIMX8ML8/drivers/fsl_uart.c.obj
                0x0000000008001b92                UART_ReadBlocking
 .text.UART1_DriverIRQHandler
                0x0000000008001bf8       0x20 CMakeFiles/hello_world.elf.dir/home/efacec/nxp/SDK_2_14_0_EVK-MIMX8MP/devices/MIMX8ML8/drivers/fsl_uart.c.obj
                0x0000000008001bf8                UART1_DriverIRQHandler
 .text.UART2_DriverIRQHandler
                0x0000000008001c18       0x20 CMakeFiles/hello_world.elf.dir/home/efacec/nxp/SDK_2_14_0_EVK-MIMX8MP/devices/MIMX8ML8/drivers/fsl_uart.c.obj
                0x0000000008001c18                UART2_DriverIRQHandler
 .text.UART3_DriverIRQHandler
                0x0000000008001c38       0x20 CMakeFiles/hello_world.elf.dir/home/efacec/nxp/SDK_2_14_0_EVK-MIMX8MP/devices/MIMX8ML8/drivers/fsl_uart.c.obj
                0x0000000008001c38                UART3_DriverIRQHandler
 .text.UART4_DriverIRQHandler
                0x0000000008001c58       0x20 CMakeFiles/hello_world.elf.dir/home/efacec/nxp/SDK_2_14_0_EVK-MIMX8MP/devices/MIMX8ML8/drivers/fsl_uart.c.obj
                0x0000000008001c58                UART4_DriverIRQHandler
 .text.RDC_SetMasterDomainAssignment
                0x0000000008001c78        0xa CMakeFiles/hello_world.elf.dir/home/efacec/nxp/SDK_2_14_0_EVK-MIMX8MP/devices/MIMX8ML8/drivers/fsl_rdc.c.obj
                0x0000000008001c78                RDC_SetMasterDomainAssignment
 .text.ConvertRadixNumToString.constprop.0
                0x0000000008001c82       0x48 CMakeFiles/hello_world.elf.dir/home/efacec/nxp/SDK_2_14_0_EVK-MIMX8MP/devices/MIMX8ML8/utilities/str/fsl_str.c.obj
 .text.StrFormatPrintf
                0x0000000008001cca      0x1c8 CMakeFiles/hello_world.elf.dir/home/efacec/nxp/SDK_2_14_0_EVK-MIMX8MP/devices/MIMX8ML8/utilities/str/fsl_str.c.obj
                0x0000000008001cca                StrFormatPrintf
 *fill*         0x0000000008001e92        0x2 
 .text.DbgConsole_ReadOneCharacter
                0x0000000008001e94       0x20 CMakeFiles/hello_world.elf.dir/home/efacec/nxp/SDK_2_14_0_EVK-MIMX8MP/devices/MIMX8ML8/utilities/debug_console/fsl_debug_console.c.obj
                0x0000000008001e94                DbgConsole_ReadOneCharacter
 .text.DbgConsole_SendDataReliable
                0x0000000008001eb4       0x30 CMakeFiles/hello_world.elf.dir/home/efacec/nxp/SDK_2_14_0_EVK-MIMX8MP/devices/MIMX8ML8/utilities/debug_console/fsl_debug_console.c.obj
                0x0000000008001eb4                DbgConsole_SendDataReliable
 .text.DbgConsole_PrintCallback
                0x0000000008001ee4       0x3a CMakeFiles/hello_world.elf.dir/home/efacec/nxp/SDK_2_14_0_EVK-MIMX8MP/devices/MIMX8ML8/utilities/debug_console/fsl_debug_console.c.obj
 *fill*         0x0000000008001f1e        0x2 
 .text.DbgConsole_ReadCharacter
                0x0000000008001f20       0x1c CMakeFiles/hello_world.elf.dir/home/efacec/nxp/SDK_2_14_0_EVK-MIMX8MP/devices/MIMX8ML8/utilities/debug_console/fsl_debug_console.c.obj
                0x0000000008001f20                DbgConsole_ReadCharacter
 .text.DbgConsole_Init
                0x0000000008001f3c       0x90 CMakeFiles/hello_world.elf.dir/home/efacec/nxp/SDK_2_14_0_EVK-MIMX8MP/devices/MIMX8ML8/utilities/debug_console/fsl_debug_console.c.obj
                0x0000000008001f3c                DbgConsole_Init
 .text.DbgConsole_Vprintf
                0x0000000008001fcc       0x3c CMakeFiles/hello_world.elf.dir/home/efacec/nxp/SDK_2_14_0_EVK-MIMX8MP/devices/MIMX8ML8/utilities/debug_console/fsl_debug_console.c.obj
                0x0000000008001fcc                DbgConsole_Vprintf
 .text.DbgConsole_Printf
                0x0000000008002008       0x1a CMakeFiles/hello_world.elf.dir/home/efacec/nxp/SDK_2_14_0_EVK-MIMX8MP/devices/MIMX8ML8/utilities/debug_console/fsl_debug_console.c.obj
                0x0000000008002008                DbgConsole_Printf
 .text.DbgConsole_Putchar
                0x0000000008002022       0x12 CMakeFiles/hello_world.elf.dir/home/efacec/nxp/SDK_2_14_0_EVK-MIMX8MP/devices/MIMX8ML8/utilities/debug_console/fsl_debug_console.c.obj
                0x0000000008002022                DbgConsole_Putchar
 .text.DbgConsole_Getchar
                0x0000000008002034       0x22 CMakeFiles/hello_world.elf.dir/home/efacec/nxp/SDK_2_14_0_EVK-MIMX8MP/devices/MIMX8ML8/utilities/debug_console/fsl_debug_console.c.obj
                0x0000000008002034                DbgConsole_Getchar
 *fill*         0x0000000008002056        0x2 
 .text.exit     0x0000000008002058       0x28 /home/efacec/var-mcuxpresso/gcc-arm-none-eabi-10.3-2021.10/bin/../lib/gcc/arm-none-eabi/10.3.1/../../../../arm-none-eabi/lib/thumb/v7e-m+fp/hard/libc_nano.a(lib_a-exit.o)
                0x0000000008002058                exit
 .text.__libc_init_array
                0x0000000008002080       0x48 /home/efacec/var-mcuxpresso/gcc-arm-none-eabi-10.3-2021.10/bin/../lib/gcc/arm-none-eabi/10.3.1/../../../../arm-none-eabi/lib/thumb/v7e-m+fp/hard/libc_nano.a(lib_a-init.o)
                0x0000000008002080                __libc_init_array
 .text.memset   0x00000000080020c8       0x10 /home/efacec/var-mcuxpresso/gcc-arm-none-eabi-10.3-2021.10/bin/../lib/gcc/arm-none-eabi/10.3.1/../../../../arm-none-eabi/lib/thumb/v7e-m+fp/hard/libc_nano.a(lib_a-memset.o)
                0x00000000080020c8                memset
 .text._exit    0x00000000080020d8        0x4 /home/efacec/var-mcuxpresso/gcc-arm-none-eabi-10.3-2021.10/bin/../lib/gcc/arm-none-eabi/10.3.1/../../../../arm-none-eabi/lib/thumb/v7e-m+fp/hard/libnosys.a(_exit.o)
                0x00000000080020d8                _exit
 *(.rodata)
 *(.rodata*)
 .rodata.main.str1.1
                0x00000000080020dc       0x1e CMakeFiles/hello_world.elf.dir/home/efacec/nxp/SDK_2_14_0_EVK-MIMX8MP/boards/evkmimx8mp/demo_apps/hello_world/hello_world.c.obj
 *fill*         0x00000000080020fa        0x2 
 .rodata.g_audioPll1Config
                0x00000000080020fc       0x10 CMakeFiles/hello_world.elf.dir/home/efacec/nxp/SDK_2_14_0_EVK-MIMX8MP/boards/evkmimx8mp/demo_apps/hello_world/clock_config.c.obj
                0x00000000080020fc                g_audioPll1Config
 .rodata.g_audioPll2Config
                0x000000000800210c       0x10 CMakeFiles/hello_world.elf.dir/home/efacec/nxp/SDK_2_14_0_EVK-MIMX8MP/boards/evkmimx8mp/demo_apps/hello_world/clock_config.c.obj
                0x000000000800210c                g_audioPll2Config
 .rodata.g_saiPLLConfig
                0x000000000800211c       0x10 CMakeFiles/hello_world.elf.dir/home/efacec/nxp/SDK_2_14_0_EVK-MIMX8MP/boards/evkmimx8mp/demo_apps/hello_world/clock_config.c.obj
                0x000000000800211c                g_saiPLLConfig
 .rodata.s_UartAdapterBase
                0x000000000800212c       0x14 CMakeFiles/hello_world.elf.dir/home/efacec/nxp/SDK_2_14_0_EVK-MIMX8MP/components/uart/fsl_adapter_iuart.c.obj
 .rodata.CSWTCH.36
                0x0000000008002140        0x6 CMakeFiles/hello_world.elf.dir/home/efacec/nxp/SDK_2_14_0_EVK-MIMX8MP/devices/MIMX8ML8/drivers/fsl_uart.c.obj
 *fill*         0x0000000008002146        0x2 
 .rodata.s_uartClock
                0x0000000008002148       0x14 CMakeFiles/hello_world.elf.dir/home/efacec/nxp/SDK_2_14_0_EVK-MIMX8MP/devices/MIMX8ML8/drivers/fsl_uart.c.obj
 .rodata._global_impure_ptr
                0x000000000800215c        0x4 /home/efacec/var-mcuxpresso/gcc-arm-none-eabi-10.3-2021.10/bin/../lib/gcc/arm-none-eabi/10.3.1/../../../../arm-none-eabi/lib/thumb/v7e-m+fp/hard/libc_nano.a(lib_a-impure.o)
                0x000000000800215c                _global_impure_ptr
 *(.glue_7)
 .glue_7        0x0000000008002160        0x0 linker stubs
 *(.glue_7t)
 .glue_7t       0x0000000008002160        0x0 linker stubs
 *(.eh_frame)
 .eh_frame      0x0000000008002160        0x0 /home/efacec/var-mcuxpresso/gcc-arm-none-eabi-10.3-2021.10/bin/../lib/gcc/arm-none-eabi/10.3.1/thumb/v7e-m+fp/hard/crtbegin.o
 *(.init)
 .init          0x0000000008002160        0x4 /home/efacec/var-mcuxpresso/gcc-arm-none-eabi-10.3-2021.10/bin/../lib/gcc/arm-none-eabi/10.3.1/thumb/v7e-m+fp/hard/crti.o
                0x0000000008002160                _init
 .init          0x0000000008002164        0x8 /home/efacec/var-mcuxpresso/gcc-arm-none-eabi-10.3-2021.10/bin/../lib/gcc/arm-none-eabi/10.3.1/thumb/v7e-m+fp/hard/crtn.o
 *(.fini)
 .fini          0x000000000800216c        0x4 /home/efacec/var-mcuxpresso/gcc-arm-none-eabi-10.3-2021.10/bin/../lib/gcc/arm-none-eabi/10.3.1/thumb/v7e-m+fp/hard/crti.o
                0x000000000800216c                _fini
 .fini          0x0000000008002170        0x8 /home/efacec/var-mcuxpresso/gcc-arm-none-eabi-10.3-2021.10/bin/../lib/gcc/arm-none-eabi/10.3.1/thumb/v7e-m+fp/hard/crtn.o
                0x0000000008002178                . = ALIGN (0x4)

.vfp11_veneer   0x0000000008002178        0x0
 .vfp11_veneer  0x0000000008002178        0x0 linker stubs

.v4_bx          0x0000000008002178        0x0
 .v4_bx         0x0000000008002178        0x0 linker stubs

.iplt           0x0000000008002178        0x0
 .iplt          0x0000000008002178        0x0 /home/efacec/var-mcuxpresso/gcc-arm-none-eabi-10.3-2021.10/bin/../lib/gcc/arm-none-eabi/10.3.1/thumb/v7e-m+fp/hard/crtbegin.o

.ARM.extab
 *(.ARM.extab* .gnu.linkonce.armextab.*)

.ARM            0x0000000008002178        0x8
                0x0000000008002178                __exidx_start = .
 *(.ARM.exidx*)
 .ARM.exidx     0x0000000008002178        0x8 /home/efacec/var-mcuxpresso/gcc-arm-none-eabi-10.3-2021.10/bin/../lib/gcc/arm-none-eabi/10.3.1/../../../../arm-none-eabi/lib/thumb/v7e-m+fp/hard/crt0.o
                                         0x10 (size before relaxing)
 .ARM.exidx     0x0000000008002180        0x0 /home/efacec/var-mcuxpresso/gcc-arm-none-eabi-10.3-2021.10/bin/../lib/gcc/arm-none-eabi/10.3.1/thumb/v7e-m+fp/hard/libgcc.a(_udivmoddi4.o)
                                          0x8 (size before relaxing)
                0x0000000008002180                __exidx_end = .

.rel.dyn        0x0000000008002180        0x0
 .rel.iplt      0x0000000008002180        0x0 /home/efacec/var-mcuxpresso/gcc-arm-none-eabi-10.3-2021.10/bin/../lib/gcc/arm-none-eabi/10.3.1/thumb/v7e-m+fp/hard/crtbegin.o

.ctors          0x0000000008002180        0x0
                0x0000000008002180                __CTOR_LIST__ = .
 *crtbegin.o(.ctors)
 *crtbegin?.o(.ctors)
 *(EXCLUDE_FILE(*crtend.o *crtend?.o) .ctors)
 *(SORT_BY_NAME(.ctors.*))
 *(.ctors)
                0x0000000008002180                __CTOR_END__ = .

.dtors          0x0000000008002180        0x0
                0x0000000008002180                __DTOR_LIST__ = .
 *crtbegin.o(.dtors)
 *crtbegin?.o(.dtors)
 *(EXCLUDE_FILE(*crtend.o *crtend?.o) .dtors)
 *(SORT_BY_NAME(.dtors.*))
 *(.dtors)
                0x0000000008002180                __DTOR_END__ = .

.preinit_array  0x0000000008002180        0x0
                0x0000000008002180                PROVIDE (__preinit_array_start = .)
 *(.preinit_array*)
                0x0000000008002180                PROVIDE (__preinit_array_end = .)

.init_array     0x0000000008002180        0x4
                0x0000000008002180                PROVIDE (__init_array_start = .)
 *(SORT_BY_NAME(.init_array.*))
 *(.init_array*)
 .init_array    0x0000000008002180        0x4 /home/efacec/var-mcuxpresso/gcc-arm-none-eabi-10.3-2021.10/bin/../lib/gcc/arm-none-eabi/10.3.1/thumb/v7e-m+fp/hard/crtbegin.o
                0x0000000008002184                PROVIDE (__init_array_end = .)

.fini_array     0x0000000008002184        0x4
                [!provide]                        PROVIDE (__fini_array_start = .)
 *(SORT_BY_NAME(.fini_array.*))
 *(.fini_array*)
 .fini_array    0x0000000008002184        0x4 /home/efacec/var-mcuxpresso/gcc-arm-none-eabi-10.3-2021.10/bin/../lib/gcc/arm-none-eabi/10.3.1/thumb/v7e-m+fp/hard/crtbegin.o
                [!provide]                        PROVIDE (__fini_array_end = .)
                0x0000000008002188                __etext = .
                0x0000000008002188                __DATA_ROM = .

.data           0x0000000020000000       0x64 load address 0x0000000008002188
                0x0000000020000000                . = ALIGN (0x4)
                0x0000000020000000                __DATA_RAM = .
                0x0000000020000000                __data_start__ = .
 *(.data)
 *(.data*)
 .data.SystemCoreClock
                0x0000000020000000        0x4 CMakeFiles/hello_world.elf.dir/home/efacec/nxp/SDK_2_14_0_EVK-MIMX8MP/devices/MIMX8ML8/system_MIMX8ML8_cm7.c.obj
                0x0000000020000000                SystemCoreClock
 .data.impure_data
                0x0000000020000004       0x60 /home/efacec/var-mcuxpresso/gcc-arm-none-eabi-10.3-2021.10/bin/../lib/gcc/arm-none-eabi/10.3.1/../../../../arm-none-eabi/lib/thumb/v7e-m+fp/hard/libc_nano.a(lib_a-impure.o)
 *(.jcr*)
                0x0000000020000064                . = ALIGN (0x4)
                0x0000000020000064                __data_end__ = .
                0x0000000008000000                __CACHE_REGION_START = ORIGIN (m_interrupts)
                0x0000000000000000                __CACHE_REGION_SIZE = 0x0
                0x00000000080021ec                __NDATA_ROM = (__DATA_ROM + SIZEOF (.data))

.igot.plt       0x0000000020000064        0x0 load address 0x00000000080021ec
 .igot.plt      0x0000000020000064        0x0 /home/efacec/var-mcuxpresso/gcc-arm-none-eabi-10.3-2021.10/bin/../lib/gcc/arm-none-eabi/10.3.1/thumb/v7e-m+fp/hard/crtbegin.o

.ncache.init    0x0000000080000000        0x0 load address 0x00000000080021ec
                0x0000000080000000                __noncachedata_start__ = .
 *(NonCacheable.init)
                0x0000000080000000                . = ALIGN (0x4)
                0x0000000080000000                __noncachedata_init_end__ = .
                0x0000000080000000                . = __noncachedata_init_end__

.ncache         0x0000000080000000        0x0
 *(NonCacheable)
                0x0000000080000000                . = ALIGN (0x4)
                0x0000000080000000                __noncachedata_end__ = .
                0x00000000080021ec                __DATA_END = (__DATA_ROM + (__data_end__ - __data_start__))
                0x0000000008100000                text_end = (ORIGIN (m_text) + LENGTH (m_text))
                0x0000000000000001                ASSERT ((__DATA_END <= text_end), region m_text overflowed with text and data)

.bss            0x0000000020000064       0x5c load address 0x00000000080021ec
                0x0000000020000064                . = ALIGN (0x4)
                0x0000000020000064                __START_BSS = .
                0x0000000020000064                __bss_start__ = .
 *(.bss)
 .bss           0x0000000020000064       0x1c /home/efacec/var-mcuxpresso/gcc-arm-none-eabi-10.3-2021.10/bin/../lib/gcc/arm-none-eabi/10.3.1/thumb/v7e-m+fp/hard/crtbegin.o
 *(.bss*)
 .bss.s_uartHandle
                0x0000000020000080       0x14 CMakeFiles/hello_world.elf.dir/home/efacec/nxp/SDK_2_14_0_EVK-MIMX8MP/devices/MIMX8ML8/drivers/fsl_uart.c.obj
                0x0000000020000080                s_uartHandle
 .bss.s_uartIsr
                0x0000000020000094        0x4 CMakeFiles/hello_world.elf.dir/home/efacec/nxp/SDK_2_14_0_EVK-MIMX8MP/devices/MIMX8ML8/drivers/fsl_uart.c.obj
                0x0000000020000094                s_uartIsr
 .bss.g_serialHandle
                0x0000000020000098        0x4 CMakeFiles/hello_world.elf.dir/home/efacec/nxp/SDK_2_14_0_EVK-MIMX8MP/devices/MIMX8ML8/utilities/debug_console/fsl_debug_console.c.obj
                0x0000000020000098                g_serialHandle
 .bss.s_debugConsoleReadWaitSemaphore
                0x000000002000009c        0x1 CMakeFiles/hello_world.elf.dir/home/efacec/nxp/SDK_2_14_0_EVK-MIMX8MP/devices/MIMX8ML8/utilities/debug_console/fsl_debug_console.c.obj
 *fill*         0x000000002000009d        0x3 
 .bss.s_debugConsoleState
                0x00000000200000a0       0x20 CMakeFiles/hello_world.elf.dir/home/efacec/nxp/SDK_2_14_0_EVK-MIMX8MP/devices/MIMX8ML8/utilities/debug_console/fsl_debug_console.c.obj
 *(COMMON)
                0x00000000200000c0                . = ALIGN (0x4)
                0x00000000200000c0                __bss_end__ = .
                0x00000000200000c0                __END_BSS = .

.heap           0x00000000200000c0      0x400 load address 0x0000000008002248
                0x00000000200000c0                . = ALIGN (0x8)
                0x00000000200000c0                __end__ = .
                0x00000000200000c0                PROVIDE (end = .)
                0x00000000200000c0                __HeapBase = .
                0x00000000200004c0                . = (. + HEAP_SIZE)
 *fill*         0x00000000200000c0      0x400 
                0x00000000200004c0                __HeapLimit = .
                0x00000000200004c0                __heap_limit = .

.stack          0x00000000200004c0      0x400 load address 0x0000000008002648
                0x00000000200004c0                . = ALIGN (0x8)
                0x00000000200008c0                . = (. + STACK_SIZE)
 *fill*         0x00000000200004c0      0x400 
                0x0000000020020000                __StackTop = (ORIGIN (m_data) + LENGTH (m_data))
                0x000000002001fc00                __StackLimit = (__StackTop - STACK_SIZE)
                0x0000000020020000                PROVIDE (__stack = __StackTop)

.ARM.attributes
                0x0000000000000000       0x30
 *(.ARM.attributes)
 .ARM.attributes
                0x0000000000000000       0x1e /home/efacec/var-mcuxpresso/gcc-arm-none-eabi-10.3-2021.10/bin/../lib/gcc/arm-none-eabi/10.3.1/thumb/v7e-m+fp/hard/crti.o
 .ARM.attributes
                0x000000000000001e       0x34 /home/efacec/var-mcuxpresso/gcc-arm-none-eabi-10.3-2021.10/bin/../lib/gcc/arm-none-eabi/10.3.1/thumb/v7e-m+fp/hard/crtbegin.o
 .ARM.attributes
                0x0000000000000052       0x1c /home/efacec/var-mcuxpresso/gcc-arm-none-eabi-10.3-2021.10/bin/../lib/gcc/arm-none-eabi/10.3.1/../../../../arm-none-eabi/lib/thumb/v7e-m+fp/hard/crt0.o
 .ARM.attributes
                0x000000000000006e       0x34 CMakeFiles/hello_world.elf.dir/home/efacec/nxp/SDK_2_14_0_EVK-MIMX8MP/boards/evkmimx8mp/demo_apps/hello_world/hello_world.c.obj
 .ARM.attributes
                0x00000000000000a2       0x34 CMakeFiles/hello_world.elf.dir/home/efacec/nxp/SDK_2_14_0_EVK-MIMX8MP/boards/evkmimx8mp/demo_apps/hello_world/pin_mux.c.obj
 .ARM.attributes
                0x00000000000000d6       0x34 CMakeFiles/hello_world.elf.dir/home/efacec/nxp/SDK_2_14_0_EVK-MIMX8MP/boards/evkmimx8mp/demo_apps/hello_world/board.c.obj
 .ARM.attributes
                0x000000000000010a       0x34 CMakeFiles/hello_world.elf.dir/home/efacec/nxp/SDK_2_14_0_EVK-MIMX8MP/boards/evkmimx8mp/demo_apps/hello_world/clock_config.c.obj
 .ARM.attributes
                0x000000000000013e       0x34 CMakeFiles/hello_world.elf.dir/home/efacec/nxp/SDK_2_14_0_EVK-MIMX8MP/boards/evkmimx8mp/demo_apps/hello_world/empty_rsc_table.c.obj
 .ARM.attributes
                0x0000000000000172       0x34 CMakeFiles/hello_world.elf.dir/home/efacec/nxp/SDK_2_14_0_EVK-MIMX8MP/boards/evkmimx8mp/demo_apps/hello_world/rsc_table.c.obj
 .ARM.attributes
                0x00000000000001a6       0x34 CMakeFiles/hello_world.elf.dir/home/efacec/nxp/SDK_2_14_0_EVK-MIMX8MP/components/uart/fsl_adapter_iuart.c.obj
 .ARM.attributes
                0x00000000000001da       0x34 CMakeFiles/hello_world.elf.dir/home/efacec/nxp/SDK_2_14_0_EVK-MIMX8MP/components/serial_manager/fsl_component_serial_manager.c.obj
 .ARM.attributes
                0x000000000000020e       0x34 CMakeFiles/hello_world.elf.dir/home/efacec/nxp/SDK_2_14_0_EVK-MIMX8MP/components/serial_manager/fsl_component_serial_port_uart.c.obj
 .ARM.attributes
                0x0000000000000242       0x1f CMakeFiles/hello_world.elf.dir/home/efacec/nxp/SDK_2_14_0_EVK-MIMX8MP/devices/MIMX8ML8/gcc/startup_MIMX8ML8_cm7.S.obj
 .ARM.attributes
                0x0000000000000261       0x34 CMakeFiles/hello_world.elf.dir/home/efacec/nxp/SDK_2_14_0_EVK-MIMX8MP/devices/MIMX8ML8/system_MIMX8ML8_cm7.c.obj
 .ARM.attributes
                0x0000000000000295       0x34 CMakeFiles/hello_world.elf.dir/home/efacec/nxp/SDK_2_14_0_EVK-MIMX8MP/devices/MIMX8ML8/drivers/fsl_audiomix.c.obj
 .ARM.attributes
                0x00000000000002c9       0x34 CMakeFiles/hello_world.elf.dir/home/efacec/nxp/SDK_2_14_0_EVK-MIMX8MP/devices/MIMX8ML8/drivers/fsl_clock.c.obj
 .ARM.attributes
                0x00000000000002fd       0x34 CMakeFiles/hello_world.elf.dir/home/efacec/nxp/SDK_2_14_0_EVK-MIMX8MP/devices/MIMX8ML8/drivers/fsl_uart.c.obj
 .ARM.attributes
                0x0000000000000331       0x34 CMakeFiles/hello_world.elf.dir/home/efacec/nxp/SDK_2_14_0_EVK-MIMX8MP/devices/MIMX8ML8/drivers/fsl_rdc.c.obj
 .ARM.attributes
                0x0000000000000365       0x20 CMakeFiles/hello_world.elf.dir/home/efacec/nxp/SDK_2_14_0_EVK-MIMX8MP/devices/MIMX8ML8/utilities/fsl_memcpy.S.obj
 .ARM.attributes
                0x0000000000000385       0x34 CMakeFiles/hello_world.elf.dir/home/efacec/nxp/SDK_2_14_0_EVK-MIMX8MP/devices/MIMX8ML8/utilities/str/fsl_str.c.obj
 .ARM.attributes
                0x00000000000003b9       0x34 CMakeFiles/hello_world.elf.dir/home/efacec/nxp/SDK_2_14_0_EVK-MIMX8MP/devices/MIMX8ML8/utilities/debug_console/fsl_debug_console.c.obj
 .ARM.attributes
                0x00000000000003ed       0x34 /home/efacec/var-mcuxpresso/gcc-arm-none-eabi-10.3-2021.10/bin/../lib/gcc/arm-none-eabi/10.3.1/../../../../arm-none-eabi/lib/thumb/v7e-m+fp/hard/libc_nano.a(lib_a-exit.o)
 .ARM.attributes
                0x0000000000000421       0x34 /home/efacec/var-mcuxpresso/gcc-arm-none-eabi-10.3-2021.10/bin/../lib/gcc/arm-none-eabi/10.3.1/../../../../arm-none-eabi/lib/thumb/v7e-m+fp/hard/libc_nano.a(lib_a-impure.o)
 .ARM.attributes
                0x0000000000000455       0x34 /home/efacec/var-mcuxpresso/gcc-arm-none-eabi-10.3-2021.10/bin/../lib/gcc/arm-none-eabi/10.3.1/../../../../arm-none-eabi/lib/thumb/v7e-m+fp/hard/libc_nano.a(lib_a-init.o)
 .ARM.attributes
                0x0000000000000489       0x34 /home/efacec/var-mcuxpresso/gcc-arm-none-eabi-10.3-2021.10/bin/../lib/gcc/arm-none-eabi/10.3.1/../../../../arm-none-eabi/lib/thumb/v7e-m+fp/hard/libc_nano.a(lib_a-memset.o)
 .ARM.attributes
                0x00000000000004bd       0x17 /home/efacec/var-mcuxpresso/gcc-arm-none-eabi-10.3-2021.10/bin/../lib/gcc/arm-none-eabi/10.3.1/../../../../arm-none-eabi/lib/thumb/v7e-m+fp/hard/libc_nano.a(lib_a-strlen.o)
 .ARM.attributes
                0x00000000000004d4       0x1e /home/efacec/var-mcuxpresso/gcc-arm-none-eabi-10.3-2021.10/bin/../lib/gcc/arm-none-eabi/10.3.1/thumb/v7e-m+fp/hard/libgcc.a(_aeabi_uldivmod.o)
 .ARM.attributes
                0x00000000000004f2       0x34 /home/efacec/var-mcuxpresso/gcc-arm-none-eabi-10.3-2021.10/bin/../lib/gcc/arm-none-eabi/10.3.1/thumb/v7e-m+fp/hard/libgcc.a(_udivmoddi4.o)
 .ARM.attributes
                0x0000000000000526       0x1e /home/efacec/var-mcuxpresso/gcc-arm-none-eabi-10.3-2021.10/bin/../lib/gcc/arm-none-eabi/10.3.1/thumb/v7e-m+fp/hard/libgcc.a(_dvmd_tls.o)
 .ARM.attributes
                0x0000000000000544       0x34 /home/efacec/var-mcuxpresso/gcc-arm-none-eabi-10.3-2021.10/bin/../lib/gcc/arm-none-eabi/10.3.1/../../../../arm-none-eabi/lib/thumb/v7e-m+fp/hard/libnosys.a(_exit.o)
 .ARM.attributes
                0x0000000000000578       0x1e /home/efacec/var-mcuxpresso/gcc-arm-none-eabi-10.3-2021.10/bin/../lib/gcc/arm-none-eabi/10.3.1/thumb/v7e-m+fp/hard/crtn.o
                0x0000000000000001                ASSERT ((__StackLimit >= __HeapLimit), region m_data overflowed with stack and heap)
OUTPUT(flash_release/hello_world.elf elf32-littlearm)
LOAD linker stubs

.comment        0x0000000000000000       0x49
 .comment       0x0000000000000000       0x49 CMakeFiles/hello_world.elf.dir/home/efacec/nxp/SDK_2_14_0_EVK-MIMX8MP/boards/evkmimx8mp/demo_apps/hello_world/hello_world.c.obj
                                         0x4a (size before relaxing)
 .comment       0x0000000000000049       0x4a CMakeFiles/hello_world.elf.dir/home/efacec/nxp/SDK_2_14_0_EVK-MIMX8MP/boards/evkmimx8mp/demo_apps/hello_world/pin_mux.c.obj
 .comment       0x0000000000000049       0x4a CMakeFiles/hello_world.elf.dir/home/efacec/nxp/SDK_2_14_0_EVK-MIMX8MP/boards/evkmimx8mp/demo_apps/hello_world/board.c.obj
 .comment       0x0000000000000049       0x4a CMakeFiles/hello_world.elf.dir/home/efacec/nxp/SDK_2_14_0_EVK-MIMX8MP/boards/evkmimx8mp/demo_apps/hello_world/clock_config.c.obj
 .comment       0x0000000000000049       0x4a CMakeFiles/hello_world.elf.dir/home/efacec/nxp/SDK_2_14_0_EVK-MIMX8MP/boards/evkmimx8mp/demo_apps/hello_world/empty_rsc_table.c.obj
 .comment       0x0000000000000049       0x4a CMakeFiles/hello_world.elf.dir/home/efacec/nxp/SDK_2_14_0_EVK-MIMX8MP/boards/evkmimx8mp/demo_apps/hello_world/rsc_table.c.obj
 .comment       0x0000000000000049       0x4a CMakeFiles/hello_world.elf.dir/home/efacec/nxp/SDK_2_14_0_EVK-MIMX8MP/components/uart/fsl_adapter_iuart.c.obj
 .comment       0x0000000000000049       0x4a CMakeFiles/hello_world.elf.dir/home/efacec/nxp/SDK_2_14_0_EVK-MIMX8MP/components/serial_manager/fsl_component_serial_manager.c.obj
 .comment       0x0000000000000049       0x4a CMakeFiles/hello_world.elf.dir/home/efacec/nxp/SDK_2_14_0_EVK-MIMX8MP/components/serial_manager/fsl_component_serial_port_uart.c.obj
 .comment       0x0000000000000049       0x4a CMakeFiles/hello_world.elf.dir/home/efacec/nxp/SDK_2_14_0_EVK-MIMX8MP/devices/MIMX8ML8/system_MIMX8ML8_cm7.c.obj
 .comment       0x0000000000000049       0x4a CMakeFiles/hello_world.elf.dir/home/efacec/nxp/SDK_2_14_0_EVK-MIMX8MP/devices/MIMX8ML8/drivers/fsl_audiomix.c.obj
 .comment       0x0000000000000049       0x4a CMakeFiles/hello_world.elf.dir/home/efacec/nxp/SDK_2_14_0_EVK-MIMX8MP/devices/MIMX8ML8/drivers/fsl_clock.c.obj
 .comment       0x0000000000000049       0x4a CMakeFiles/hello_world.elf.dir/home/efacec/nxp/SDK_2_14_0_EVK-MIMX8MP/devices/MIMX8ML8/drivers/fsl_uart.c.obj
 .comment       0x0000000000000049       0x4a CMakeFiles/hello_world.elf.dir/home/efacec/nxp/SDK_2_14_0_EVK-MIMX8MP/devices/MIMX8ML8/drivers/fsl_rdc.c.obj
 .comment       0x0000000000000049       0x4a CMakeFiles/hello_world.elf.dir/home/efacec/nxp/SDK_2_14_0_EVK-MIMX8MP/devices/MIMX8ML8/utilities/str/fsl_str.c.obj
 .comment       0x0000000000000049       0x4a CMakeFiles/hello_world.elf.dir/home/efacec/nxp/SDK_2_14_0_EVK-MIMX8MP/devices/MIMX8ML8/utilities/debug_console/fsl_debug_console.c.obj

.debug_frame    0x0000000000000000       0xf4
 .debug_frame   0x0000000000000000       0x28 /home/efacec/var-mcuxpresso/gcc-arm-none-eabi-10.3-2021.10/bin/../lib/gcc/arm-none-eabi/10.3.1/../../../../arm-none-eabi/lib/thumb/v7e-m+fp/hard/libc_nano.a(lib_a-exit.o)
 .debug_frame   0x0000000000000028       0x2c /home/efacec/var-mcuxpresso/gcc-arm-none-eabi-10.3-2021.10/bin/../lib/gcc/arm-none-eabi/10.3.1/../../../../arm-none-eabi/lib/thumb/v7e-m+fp/hard/libc_nano.a(lib_a-init.o)
 .debug_frame   0x0000000000000054       0x20 /home/efacec/var-mcuxpresso/gcc-arm-none-eabi-10.3-2021.10/bin/../lib/gcc/arm-none-eabi/10.3.1/../../../../arm-none-eabi/lib/thumb/v7e-m+fp/hard/libc_nano.a(lib_a-memset.o)
 .debug_frame   0x0000000000000074       0x2c /home/efacec/var-mcuxpresso/gcc-arm-none-eabi-10.3-2021.10/bin/../lib/gcc/arm-none-eabi/10.3.1/thumb/v7e-m+fp/hard/libgcc.a(_aeabi_uldivmod.o)
 .debug_frame   0x00000000000000a0       0x34 /home/efacec/var-mcuxpresso/gcc-arm-none-eabi-10.3-2021.10/bin/../lib/gcc/arm-none-eabi/10.3.1/thumb/v7e-m+fp/hard/libgcc.a(_udivmoddi4.o)
 .debug_frame   0x00000000000000d4       0x20 /home/efacec/var-mcuxpresso/gcc-arm-none-eabi-10.3-2021.10/bin/../lib/gcc/arm-none-eabi/10.3.1/../../../../arm-none-eabi/lib/thumb/v7e-m+fp/hard/libnosys.a(_exit.o)
