Archive member included to satisfy reference by file (symbol)

/home/efacec/var-mcuxpresso/gcc-arm-none-eabi-10.3-2021.10/bin/../lib/gcc/arm-none-eabi/10.3.1/../../../../arm-none-eabi/lib/thumb/v7e-m+fp/hard/libc_nano.a(lib_a-errno.o)
                              CMakeFiles/test_rpmsg_mu.elf.dir/home/efacec/nxp/SDK_2_14_0_EVK-MIMX8MP/devices/MIMX8ML8/utilities/fsl_sbrk.c.obj (__errno)
/home/efacec/var-mcuxpresso/gcc-arm-none-eabi-10.3-2021.10/bin/../lib/gcc/arm-none-eabi/10.3.1/../../../../arm-none-eabi/lib/thumb/v7e-m+fp/hard/libc_nano.a(lib_a-exit.o)
                              /home/efacec/var-mcuxpresso/gcc-arm-none-eabi-10.3-2021.10/bin/../lib/gcc/arm-none-eabi/10.3.1/../../../../arm-none-eabi/lib/thumb/v7e-m+fp/hard/crt0.o (exit)
/home/efacec/var-mcuxpresso/gcc-arm-none-eabi-10.3-2021.10/bin/../lib/gcc/arm-none-eabi/10.3.1/../../../../arm-none-eabi/lib/thumb/v7e-m+fp/hard/libc_nano.a(lib_a-impure.o)
                              /home/efacec/var-mcuxpresso/gcc-arm-none-eabi-10.3-2021.10/bin/../lib/gcc/arm-none-eabi/10.3.1/../../../../arm-none-eabi/lib/thumb/v7e-m+fp/hard/libc_nano.a(lib_a-exit.o) (_global_impure_ptr)
/home/efacec/var-mcuxpresso/gcc-arm-none-eabi-10.3-2021.10/bin/../lib/gcc/arm-none-eabi/10.3.1/../../../../arm-none-eabi/lib/thumb/v7e-m+fp/hard/libc_nano.a(lib_a-init.o)
                              /home/efacec/var-mcuxpresso/gcc-arm-none-eabi-10.3-2021.10/bin/../lib/gcc/arm-none-eabi/10.3.1/../../../../arm-none-eabi/lib/thumb/v7e-m+fp/hard/crt0.o (__libc_init_array)
/home/efacec/var-mcuxpresso/gcc-arm-none-eabi-10.3-2021.10/bin/../lib/gcc/arm-none-eabi/10.3.1/../../../../arm-none-eabi/lib/thumb/v7e-m+fp/hard/libc_nano.a(lib_a-malloc.o)
                              CMakeFiles/test_rpmsg_mu.elf.dir/home/efacec/nxp/SDK_2_14_0_EVK-MIMX8MP/devices/MIMX8ML8/drivers/fsl_common.c.obj (malloc)
/home/efacec/var-mcuxpresso/gcc-arm-none-eabi-10.3-2021.10/bin/../lib/gcc/arm-none-eabi/10.3.1/../../../../arm-none-eabi/lib/thumb/v7e-m+fp/hard/libc_nano.a(lib_a-memset.o)
                              /home/efacec/var-mcuxpresso/gcc-arm-none-eabi-10.3-2021.10/bin/../lib/gcc/arm-none-eabi/10.3.1/../../../../arm-none-eabi/lib/thumb/v7e-m+fp/hard/crt0.o (memset)
/home/efacec/var-mcuxpresso/gcc-arm-none-eabi-10.3-2021.10/bin/../lib/gcc/arm-none-eabi/10.3.1/../../../../arm-none-eabi/lib/thumb/v7e-m+fp/hard/libc_nano.a(lib_a-nano-freer.o)
                              /home/efacec/var-mcuxpresso/gcc-arm-none-eabi-10.3-2021.10/bin/../lib/gcc/arm-none-eabi/10.3.1/../../../../arm-none-eabi/lib/thumb/v7e-m+fp/hard/libc_nano.a(lib_a-malloc.o) (_free_r)
/home/efacec/var-mcuxpresso/gcc-arm-none-eabi-10.3-2021.10/bin/../lib/gcc/arm-none-eabi/10.3.1/../../../../arm-none-eabi/lib/thumb/v7e-m+fp/hard/libc_nano.a(lib_a-nano-mallocr.o)
                              /home/efacec/var-mcuxpresso/gcc-arm-none-eabi-10.3-2021.10/bin/../lib/gcc/arm-none-eabi/10.3.1/../../../../arm-none-eabi/lib/thumb/v7e-m+fp/hard/libc_nano.a(lib_a-malloc.o) (_malloc_r)
/home/efacec/var-mcuxpresso/gcc-arm-none-eabi-10.3-2021.10/bin/../lib/gcc/arm-none-eabi/10.3.1/../../../../arm-none-eabi/lib/thumb/v7e-m+fp/hard/libc_nano.a(lib_a-sbrkr.o)
                              /home/efacec/var-mcuxpresso/gcc-arm-none-eabi-10.3-2021.10/bin/../lib/gcc/arm-none-eabi/10.3.1/../../../../arm-none-eabi/lib/thumb/v7e-m+fp/hard/libc_nano.a(lib_a-nano-mallocr.o) (_sbrk_r)
/home/efacec/var-mcuxpresso/gcc-arm-none-eabi-10.3-2021.10/bin/../lib/gcc/arm-none-eabi/10.3.1/../../../../arm-none-eabi/lib/thumb/v7e-m+fp/hard/libc_nano.a(lib_a-strcmp.o)
                              CMakeFiles/test_rpmsg_mu.elf.dir/home/efacec/nxp/SDK_2_14_0_EVK-MIMX8MP/middleware/multicore/rpmsg_lite/lib/rpmsg_lite/porting/environment/rpmsg_env_freertos.c.obj (strcmp)
/home/efacec/var-mcuxpresso/gcc-arm-none-eabi-10.3-2021.10/bin/../lib/gcc/arm-none-eabi/10.3.1/../../../../arm-none-eabi/lib/thumb/v7e-m+fp/hard/libc_nano.a(lib_a-strlen.o)
                              CMakeFiles/test_rpmsg_mu.elf.dir/home/efacec/nxp/SDK_2_14_0_EVK-MIMX8MP/devices/MIMX8ML8/utilities/str/fsl_str.c.obj (strlen)
/home/efacec/var-mcuxpresso/gcc-arm-none-eabi-10.3-2021.10/bin/../lib/gcc/arm-none-eabi/10.3.1/../../../../arm-none-eabi/lib/thumb/v7e-m+fp/hard/libc_nano.a(lib_a-strncmp.o)
                              CMakeFiles/test_rpmsg_mu.elf.dir/home/efacec/nxp/SDK_2_14_0_EVK-MIMX8MP/middleware/multicore/rpmsg_lite/lib/rpmsg_lite/porting/environment/rpmsg_env_freertos.c.obj (strncmp)
/home/efacec/var-mcuxpresso/gcc-arm-none-eabi-10.3-2021.10/bin/../lib/gcc/arm-none-eabi/10.3.1/../../../../arm-none-eabi/lib/thumb/v7e-m+fp/hard/libc_nano.a(lib_a-strncpy.o)
                              CMakeFiles/test_rpmsg_mu.elf.dir/home/efacec/nxp/SDK_2_14_0_EVK-MIMX8MP/middleware/multicore/rpmsg_lite/lib/rpmsg_lite/porting/environment/rpmsg_env_freertos.c.obj (strncpy)
[...]
Memory Configuration

Name             Origin             Length             Attributes
m_interrupts     0x0000000008000000 0x0000000000000400 xr
m_text           0x0000000008000400 0x00000000000ffc00 xr
m_data           0x0000000020000000 0x0000000000020000 rw
m_data2          0x0000000080000000 0x0000000001000000 rw
m_tcml           0x0000000000000020 0x000000000001ffe0 rw
*default*        0x0000000000000000 0xffffffffffffffff

Linker script and memory map

LOAD /home/efacec/var-mcuxpresso/gcc-arm-none-eabi-10.3-2021.10/bin/../lib/gcc/arm-none-eabi/10.3.1/thumb/v7e-m+fp/hard/crti.o
LOAD /home/efacec/var-mcuxpresso/gcc-arm-none-eabi-10.3-2021.10/bin/../lib/gcc/arm-none-eabi/10.3.1/thumb/v7e-m+fp/hard/crtbegin.o
LOAD /home/efacec/var-mcuxpresso/gcc-arm-none-eabi-10.3-2021.10/bin/../lib/gcc/arm-none-eabi/10.3.1/../../../../arm-none-eabi/lib/thumb/v7e-m+fp/hard/crt0.o
                0x0000000000000400                __stack_size__ = 0x400
                0x0000000000000400                __heap_size__ = 0x400
LOAD CMakeFiles/test_rpmsg_mu.elf.dir/home/efacec/nxp/SDK_2_14_0_EVK-MIMX8MP/boards/evkmimx8mp/multicore_examples/test_rpmsg_mu/main_remote.c.obj
LOAD CMakeFiles/test_rpmsg_mu.elf.dir/home/efacec/nxp/SDK_2_14_0_EVK-MIMX8MP/boards/evkmimx8mp/multicore_examples/test_rpmsg_mu/pin_mux.c.obj
LOAD CMakeFiles/test_rpmsg_mu.elf.dir/home/efacec/nxp/SDK_2_14_0_EVK-MIMX8MP/boards/evkmimx8mp/multicore_examples/test_rpmsg_mu/fsl_gpio.c.obj
LOAD CMakeFiles/test_rpmsg_mu.elf.dir/home/efacec/nxp/SDK_2_14_0_EVK-MIMX8MP/boards/evkmimx8mp/multicore_examples/test_rpmsg_mu/rsc_table.c.obj
LOAD CMakeFiles/test_rpmsg_mu.elf.dir/home/efacec/nxp/SDK_2_14_0_EVK-MIMX8MP/boards/evkmimx8mp/multicore_examples/test_rpmsg_mu/board.c.obj
LOAD CMakeFiles/test_rpmsg_mu.elf.dir/home/efacec/nxp/SDK_2_14_0_EVK-MIMX8MP/boards/evkmimx8mp/multicore_examples/test_rpmsg_mu/clock_config.c.obj
LOAD CMakeFiles/test_rpmsg_mu.elf.dir/home/efacec/nxp/SDK_2_14_0_EVK-MIMX8MP/components/uart/fsl_adapter_iuart.c.obj
LOAD CMakeFiles/test_rpmsg_mu.elf.dir/home/efacec/nxp/SDK_2_14_0_EVK-MIMX8MP/components/lists/fsl_component_generic_list.c.obj
LOAD CMakeFiles/test_rpmsg_mu.elf.dir/home/efacec/nxp/SDK_2_14_0_EVK-MIMX8MP/components/serial_manager/fsl_component_serial_manager.c.obj
LOAD CMakeFiles/test_rpmsg_mu.elf.dir/home/efacec/nxp/SDK_2_14_0_EVK-MIMX8MP/components/serial_manager/fsl_component_serial_port_uart.c.obj
LOAD CMakeFiles/test_rpmsg_mu.elf.dir/home/efacec/nxp/SDK_2_14_0_EVK-MIMX8MP/devices/MIMX8ML8/gcc/startup_MIMX8ML8_cm7.S.obj
LOAD CMakeFiles/test_rpmsg_mu.elf.dir/home/efacec/nxp/SDK_2_14_0_EVK-MIMX8MP/devices/MIMX8ML8/system_MIMX8ML8_cm7.c.obj
LOAD CMakeFiles/test_rpmsg_mu.elf.dir/home/efacec/nxp/SDK_2_14_0_EVK-MIMX8MP/devices/MIMX8ML8/drivers/fsl_audiomix.c.obj
LOAD CMakeFiles/test_rpmsg_mu.elf.dir/home/efacec/nxp/SDK_2_14_0_EVK-MIMX8MP/devices/MIMX8ML8/drivers/fsl_clock.c.obj
LOAD CMakeFiles/test_rpmsg_mu.elf.dir/home/efacec/nxp/SDK_2_14_0_EVK-MIMX8MP/devices/MIMX8ML8/drivers/fsl_common.c.obj
LOAD CMakeFiles/test_rpmsg_mu.elf.dir/home/efacec/nxp/SDK_2_14_0_EVK-MIMX8MP/devices/MIMX8ML8/drivers/fsl_common_arm.c.obj
LOAD CMakeFiles/test_rpmsg_mu.elf.dir/home/efacec/nxp/SDK_2_14_0_EVK-MIMX8MP/devices/MIMX8ML8/drivers/fsl_uart.c.obj
LOAD CMakeFiles/test_rpmsg_mu.elf.dir/home/efacec/nxp/SDK_2_14_0_EVK-MIMX8MP/devices/MIMX8ML8/drivers/fsl_mu.c.obj
LOAD CMakeFiles/test_rpmsg_mu.elf.dir/home/efacec/nxp/SDK_2_14_0_EVK-MIMX8MP/devices/MIMX8ML8/drivers/fsl_rdc.c.obj
LOAD CMakeFiles/test_rpmsg_mu.elf.dir/home/efacec/nxp/SDK_2_14_0_EVK-MIMX8MP/rtos/freertos/freertos-kernel/croutine.c.obj
LOAD CMakeFiles/test_rpmsg_mu.elf.dir/home/efacec/nxp/SDK_2_14_0_EVK-MIMX8MP/rtos/freertos/freertos-kernel/event_groups.c.obj
LOAD CMakeFiles/test_rpmsg_mu.elf.dir/home/efacec/nxp/SDK_2_14_0_EVK-MIMX8MP/rtos/freertos/freertos-kernel/list.c.obj
LOAD CMakeFiles/test_rpmsg_mu.elf.dir/home/efacec/nxp/SDK_2_14_0_EVK-MIMX8MP/rtos/freertos/freertos-kernel/queue.c.obj
LOAD CMakeFiles/test_rpmsg_mu.elf.dir/home/efacec/nxp/SDK_2_14_0_EVK-MIMX8MP/rtos/freertos/freertos-kernel/stream_buffer.c.obj
LOAD CMakeFiles/test_rpmsg_mu.elf.dir/home/efacec/nxp/SDK_2_14_0_EVK-MIMX8MP/rtos/freertos/freertos-kernel/tasks.c.obj
LOAD CMakeFiles/test_rpmsg_mu.elf.dir/home/efacec/nxp/SDK_2_14_0_EVK-MIMX8MP/rtos/freertos/freertos-kernel/timers.c.obj
LOAD CMakeFiles/test_rpmsg_mu.elf.dir/home/efacec/nxp/SDK_2_14_0_EVK-MIMX8MP/rtos/freertos/freertos-kernel/portable/GCC/ARM_CM4F/port.c.obj
LOAD CMakeFiles/test_rpmsg_mu.elf.dir/home/efacec/nxp/SDK_2_14_0_EVK-MIMX8MP/rtos/freertos/freertos-kernel/portable/MemMang/heap_4.c.obj
LOAD CMakeFiles/test_rpmsg_mu.elf.dir/home/efacec/nxp/SDK_2_14_0_EVK-MIMX8MP/middleware/multicore/rpmsg_lite/lib/common/llist.c.obj
LOAD CMakeFiles/test_rpmsg_mu.elf.dir/home/efacec/nxp/SDK_2_14_0_EVK-MIMX8MP/middleware/multicore/rpmsg_lite/lib/rpmsg_lite/rpmsg_lite.c.obj
LOAD CMakeFiles/test_rpmsg_mu.elf.dir/home/efacec/nxp/SDK_2_14_0_EVK-MIMX8MP/middleware/multicore/rpmsg_lite/lib/rpmsg_lite/rpmsg_ns.c.obj
LOAD CMakeFiles/test_rpmsg_mu.elf.dir/home/efacec/nxp/SDK_2_14_0_EVK-MIMX8MP/middleware/multicore/rpmsg_lite/lib/virtio/virtqueue.c.obj
LOAD CMakeFiles/test_rpmsg_mu.elf.dir/home/efacec/nxp/SDK_2_14_0_EVK-MIMX8MP/middleware/multicore/rpmsg_lite/lib/rpmsg_lite/porting/environment/rpmsg_env_freertos.c.obj
LOAD CMakeFiles/test_rpmsg_mu.elf.dir/home/efacec/nxp/SDK_2_14_0_EVK-MIMX8MP/middleware/multicore/rpmsg_lite/lib/rpmsg_lite/rpmsg_queue.c.obj
LOAD CMakeFiles/test_rpmsg_mu.elf.dir/home/efacec/nxp/SDK_2_14_0_EVK-MIMX8MP/middleware/multicore/rpmsg_lite/lib/rpmsg_lite/porting/platform/imx8mp_m7/rpmsg_platform.c.obj
LOAD CMakeFiles/test_rpmsg_mu.elf.dir/home/efacec/nxp/SDK_2_14_0_EVK-MIMX8MP/devices/MIMX8ML8/utilities/fsl_sbrk.c.obj
LOAD CMakeFiles/test_rpmsg_mu.elf.dir/home/efacec/nxp/SDK_2_14_0_EVK-MIMX8MP/devices/MIMX8ML8/utilities/fsl_syscall_stub.c.obj
LOAD CMakeFiles/test_rpmsg_mu.elf.dir/home/efacec/nxp/SDK_2_14_0_EVK-MIMX8MP/devices/MIMX8ML8/utilities/fsl_memcpy.S.obj
LOAD CMakeFiles/test_rpmsg_mu.elf.dir/home/efacec/nxp/SDK_2_14_0_EVK-MIMX8MP/devices/MIMX8ML8/utilities/fsl_assert.c.obj
LOAD CMakeFiles/test_rpmsg_mu.elf.dir/home/efacec/nxp/SDK_2_14_0_EVK-MIMX8MP/devices/MIMX8ML8/utilities/str/fsl_str.c.obj
LOAD CMakeFiles/test_rpmsg_mu.elf.dir/home/efacec/nxp/SDK_2_14_0_EVK-MIMX8MP/devices/MIMX8ML8/utilities/debug_console/fsl_debug_console.c.obj
START GROUP
LOAD /home/efacec/var-mcuxpresso/gcc-arm-none-eabi-10.3-2021.10/bin/../lib/gcc/arm-none-eabi/10.3.1/../../../../arm-none-eabi/lib/thumb/v7e-m+fp/hard/libm.a
LOAD /home/efacec/var-mcuxpresso/gcc-arm-none-eabi-10.3-2021.10/bin/../lib/gcc/arm-none-eabi/10.3.1/../../../../arm-none-eabi/lib/thumb/v7e-m+fp/hard/libc_nano.a
LOAD /home/efacec/var-mcuxpresso/gcc-arm-none-eabi-10.3-2021.10/bin/../lib/gcc/arm-none-eabi/10.3.1/thumb/v7e-m+fp/hard/libgcc.a
LOAD /home/efacec/var-mcuxpresso/gcc-arm-none-eabi-10.3-2021.10/bin/../lib/gcc/arm-none-eabi/10.3.1/../../../../arm-none-eabi/lib/thumb/v7e-m+fp/hard/libnosys.a
END GROUP
START GROUP
LOAD /home/efacec/var-mcuxpresso/gcc-arm-none-eabi-10.3-2021.10/bin/../lib/gcc/arm-none-eabi/10.3.1/thumb/v7e-m+fp/hard/libgcc.a
LOAD /home/efacec/var-mcuxpresso/gcc-arm-none-eabi-10.3-2021.10/bin/../lib/gcc/arm-none-eabi/10.3.1/../../../../arm-none-eabi/lib/thumb/v7e-m+fp/hard/libc_nano.a
END GROUP
START GROUP
LOAD /home/efacec/var-mcuxpresso/gcc-arm-none-eabi-10.3-2021.10/bin/../lib/gcc/arm-none-eabi/10.3.1/thumb/v7e-m+fp/hard/libgcc.a
LOAD /home/efacec/var-mcuxpresso/gcc-arm-none-eabi-10.3-2021.10/bin/../lib/gcc/arm-none-eabi/10.3.1/../../../../arm-none-eabi/lib/thumb/v7e-m+fp/hard/libc_nano.a
LOAD /home/efacec/var-mcuxpresso/gcc-arm-none-eabi-10.3-2021.10/bin/../lib/gcc/arm-none-eabi/10.3.1/../../../../arm-none-eabi/lib/thumb/v7e-m+fp/hard/libnosys.a
END GROUP
START GROUP
LOAD /home/efacec/var-mcuxpresso/gcc-arm-none-eabi-10.3-2021.10/bin/../lib/gcc/arm-none-eabi/10.3.1/thumb/v7e-m+fp/hard/libgcc.a
LOAD /home/efacec/var-mcuxpresso/gcc-arm-none-eabi-10.3-2021.10/bin/../lib/gcc/arm-none-eabi/10.3.1/../../../../arm-none-eabi/lib/thumb/v7e-m+fp/hard/libc_nano.a
LOAD /home/efacec/var-mcuxpresso/gcc-arm-none-eabi-10.3-2021.10/bin/../lib/gcc/arm-none-eabi/10.3.1/../../../../arm-none-eabi/lib/thumb/v7e-m+fp/hard/libnosys.a
END GROUP
LOAD /home/efacec/var-mcuxpresso/gcc-arm-none-eabi-10.3-2021.10/bin/../lib/gcc/arm-none-eabi/10.3.1/thumb/v7e-m+fp/hard/crtend.o
LOAD /home/efacec/var-mcuxpresso/gcc-arm-none-eabi-10.3-2021.10/bin/../lib/gcc/arm-none-eabi/10.3.1/thumb/v7e-m+fp/hard/crtn.o
                0x0000000000000400                HEAP_SIZE = DEFINED (__heap_size__)?__heap_size__:0x400
                0x0000000000000400                STACK_SIZE = DEFINED (__stack_size__)?__stack_size__:0x400

.interrupts     0x0000000008000000      0x2a8
                0x0000000008000000                __VECTOR_TABLE = .
                0x0000000008000000                __Vectors = .
                0x0000000008000000                . = ALIGN (0x4)
 *(.isr_vector)
 .isr_vector    0x0000000008000000      0x2a8 CMakeFiles/test_rpmsg_mu.elf.dir/home/efacec/nxp/SDK_2_14_0_EVK-MIMX8MP/devices/MIMX8ML8/gcc/startup_MIMX8ML8_cm7.S.obj
                0x0000000008000000                __isr_vector
                0x00000000080002a8                . = ALIGN (0x4)

.resource_table
                0x0000000008000400       0x58
                0x0000000008000400                . = ALIGN (0x8)
 *(.resource_table)
 .resource_table
                0x0000000008000400       0x58 CMakeFiles/test_rpmsg_mu.elf.dir/home/efacec/nxp/SDK_2_14_0_EVK-MIMX8MP/boards/evkmimx8mp/multicore_examples/test_rpmsg_mu/rsc_table.c.obj
                0x0000000008000400                resources
                0x0000000008000458                . = ALIGN (0x8)

.text           0x0000000008000460     0x20f0
                0x0000000008000460                . = ALIGN (0x4)
 *(.text)
 .text          0x0000000008000460       0x40 /home/efacec/var-mcuxpresso/gcc-arm-none-eabi-10.3-2021.10/bin/../lib/gcc/arm-none-eabi/10.3.1/thumb/v7e-m+fp/hard/crtbegin.o
 .text          0x00000000080004a0       0x7c /home/efacec/var-mcuxpresso/gcc-arm-none-eabi-10.3-2021.10/bin/../lib/gcc/arm-none-eabi/10.3.1/../../../../arm-none-eabi/lib/thumb/v7e-m+fp/hard/crt0.o
                0x00000000080004a0                _stack_init
                0x00000000080004a8                _mainCRTStartup
                0x00000000080004a8                _start
 .text          0x000000000800051c      0x588 CMakeFiles/test_rpmsg_mu.elf.dir/home/efacec/nxp/SDK_2_14_0_EVK-MIMX8MP/devices/MIMX8ML8/gcc/startup_MIMX8ML8_cm7.S.obj
                0x000000000800051c                Reset_Handler
                0x00000000080005a8                VPU_G2_DriverIRQHandler
                0x00000000080005a8                PWM2_DriverIRQHandler
                0x00000000080005a8                CAAM_ERROR_DriverIRQHandler
                0x00000000080005a8                DebugMon_Handler
                0x00000000080005a8                EDMA1_0_15_DriverIRQHandler
                0x00000000080005a8                CPU_Error_AXI_DriverIRQHandler
                0x00000000080005a8                BCH_DriverIRQHandler
                0x00000000080005a8                VPU_G1_DriverIRQHandler
                0x00000000080005a8                SNVS_Consolidated_DriverIRQHandler
                0x00000000080005a8                MIPI_CSI1_DriverIRQHandler
                0x00000000080005a8                MECC_ERR_DriverIRQHandler
                0x00000000080005a8                PWM4_DriverIRQHandler
                0x00000000080005a8                LCDIF1_DriverIRQHandler
                0x00000000080005a8                RDC_DriverIRQHandler
                0x00000000080005a8                GPIO3_Combined_0_15_DriverIRQHandler
                0x00000000080005a8                USB2_WAKEUP_DriverIRQHandler
                0x00000000080005a8                DDR_ERR_DriverIRQHandler
                0x00000000080005a8                I2S2_DriverIRQHandler
                0x00000000080005a8                I2C3_DriverIRQHandler
                0x00000000080005a8                HS_CP0_DriverIRQHandler
                0x00000000080005a8                GPMI_DriverIRQHandler
                0x00000000080005a8                MU3_AUDIO_DriverIRQHandler
                0x00000000080005a8                ISI_DriverIRQHandler
                0x00000000080005a8                I2C2_DriverIRQHandler
                0x00000000080005a8                ENET_QOS_PMT_DriverIRQHandler
                0x00000000080005a8                MIPI_CSI2_DriverIRQHandler
                0x00000000080005a8                GPIO2_Combined_16_31_DriverIRQHandler
                0x00000000080005a8                PERFMON1_DriverIRQHandler
                0x00000000080005a8                UsageFault_Handler
                0x00000000080005a8                SCTR_IRQ0_DriverIRQHandler
                0x00000000080005a8                CAAM_IRQ0_DriverIRQHandler
                0x00000000080005a8                DDR_PerformanceMonitor_DriverIRQHandler
                0x00000000080005a8                DefaultISR
                0x00000000080005a8                CPU_PerformanceUnit_DriverIRQHandler
                0x00000000080005a8                CAN_FD1_DriverIRQHandler
                0x00000000080005a8                CPU_Error_L2RAM_DriverIRQHandler
                0x00000000080005a8                I2S3_DriverIRQHandler
                0x00000000080005a8                SDMA2_DriverIRQHandler
                0x00000000080005a8                SRC_DriverIRQHandler
                0x00000000080005a8                GPIO1_INT4_DriverIRQHandler
                0x00000000080005a8                HS_CP1_DriverIRQHandler
                0x00000000080005a8                USDHC1_DriverIRQHandler
                0x00000000080005a8                ECSPI3_DriverIRQHandler
                0x00000000080005a8                WDOG1_DriverIRQHandler
                0x00000000080005a8                SDMA1_DriverIRQHandler
                0x00000000080005a8                ECSPI2_DriverIRQHandler
                0x00000000080005a8                GPIO1_Combined_16_31_DriverIRQHandler
                0x00000000080005a8                GPIO1_INT7_DriverIRQHandler
                0x00000000080005a8                MIPI_DSI_DriverIRQHandler
                0x00000000080005a8                TZASC_DriverIRQHandler
                0x00000000080005a8                GPIO5_Combined_0_15_DriverIRQHandler
                0x00000000080005a8                GPIO1_INT0_DriverIRQHandler
                0x00000000080005a8                GPIO1_INT2_DriverIRQHandler
                0x00000000080005a8                GPU2D_DriverIRQHandler
                0x00000000080005a8                RTIC_DriverIRQHandler
                0x00000000080005a8                CAN_FD1_ERROR_DriverIRQHandler
                0x00000000080005a8                EDMA1_ERR_DriverIRQHandler
                0x00000000080005a8                GPT2_DriverIRQHandler
                0x00000000080005a8                SCTR_IRQ1_DriverIRQHandler
                0x00000000080005a8                VPU_DriverIRQHandler
                0x00000000080005a8                I2S1_DriverIRQHandler
                0x00000000080005a8                SNVS_Security_DriverIRQHandler
                0x00000000080005a8                I2S7_DriverIRQHandler
                0x00000000080005a8                AUD2HTX_DriverIRQHandler
                0x00000000080005a8                PCIE_EDMA_DriverIRQHandler
                0x00000000080005a8                PDM_ERROR_DriverIRQHandler
                0x00000000080005a8                I2S56_DriverIRQHandler
                0x00000000080005a8                ML_DriverIRQHandler
                0x00000000080005a8                SJC_DriverIRQHandler
                0x00000000080005a8                CAAM_IRQ1_DriverIRQHandler
                0x00000000080005a8                PCIE_CTRL1_2_DriverIRQHandler
                0x00000000080005a8                PERFMON2_DriverIRQHandler
                0x00000000080005a8                GPT6_DriverIRQHandler
                0x00000000080005a8                EDMA1_16_31_DriverIRQHandler
                0x00000000080005a8                GPT5_DriverIRQHandler
                0x00000000080005a8                DDR_DriverIRQHandler
                0x00000000080005a8                GPT1_DriverIRQHandler
                0x00000000080005a8                CAAM_IRQ2_DriverIRQHandler
                0x00000000080005a8                SNVS_DriverIRQHandler
                0x00000000080005a8                CSU_DriverIRQHandler
                0x00000000080005a8                USDHC3_DriverIRQHandler
                0x00000000080005a8                GPIO1_INT5_DriverIRQHandler
                0x00000000080005a8                QOS_DriverIRQHandler
                0x00000000080005a8                HDMI_TX_DriverIRQHandler
                0x00000000080005a8                FlexSPI_DriverIRQHandler
                0x00000000080005a8                DEWARP_DriverIRQHandler
                0x00000000080005a8                GPIO1_Combined_0_15_DriverIRQHandler
                0x00000000080005a8                USDHC2_DriverIRQHandler
                0x00000000080005a8                WDOG3_DriverIRQHandler
                0x00000000080005a8                MemManage_Handler
                0x00000000080005a8                USB1_WAKEUP_DriverIRQHandler
                0x00000000080005a8                PDM_EVENT_DriverIRQHandler
                0x00000000080005a8                I2C4_DriverIRQHandler
                0x00000000080005a8                USB1_DriverIRQHandler
                0x00000000080005a8                GPIO3_Combined_16_31_DriverIRQHandler
                0x00000000080005a8                AUDIO_XCVR1_DriverIRQHandler
                0x00000000080005a8                PWM1_DriverIRQHandler
                0x00000000080005a8                MU3_M7_DriverIRQHandler
                0x00000000080005a8                PCIE_CTRL1_3_DriverIRQHandler
                0x00000000080005a8                GPT4_DriverIRQHandler
                0x00000000080005a8                MU2_A53_DriverIRQHandler
                0x00000000080005a8                I2C1_DriverIRQHandler
                0x00000000080005a8                AUDIO_XCVR_DriverIRQHandler
                0x00000000080005a8                SDMA3_DriverIRQHandler
                0x00000000080005a8                CM7_CTI_DriverIRQHandler
                0x00000000080005a8                ECSPI1_DriverIRQHandler
                0x00000000080005a8                DAP_DriverIRQHandler
                0x00000000080005a8                Reserved16_DriverIRQHandler
                0x00000000080005a8                ENET_QOS_DriverIRQHandler
                0x00000000080005a8                I2C6_DriverIRQHandler
                0x00000000080005a8                ENET1_DriverIRQHandler
                0x00000000080005a8                ISP2_DriverIRQHandler
                0x00000000080005a8                GPIO1_INT3_DriverIRQHandler
                0x00000000080005a8                MECC_DriverIRQHandler
                0x00000000080005a8                MECC_S_DriverIRQHandler
                0x00000000080005a8                PCIE_CTRL1_1_DriverIRQHandler
                0x00000000080005a8                APBHDMA_DriverIRQHandler
                0x00000000080005a8                ENET1_MAC0_Rx_Tx_Done1_DriverIRQHandler
                0x00000000080005a8                GPC_DriverIRQHandler
                0x00000000080005a8                GPIO2_Combined_0_15_DriverIRQHandler
                0x00000000080005a8                GPT3_DriverIRQHandler
                0x00000000080005a8                CAN_FD2_DriverIRQHandler
                0x00000000080005a8                CCM_IRQ2_DriverIRQHandler
                0x00000000080005a8                PCIE_CTRL1_0_DriverIRQHandler
                0x00000000080005a8                LCDIF2_DriverIRQHandler
                0x00000000080005a8                WDOG2_DriverIRQHandler
                0x00000000080005a8                ANAMIX_DriverIRQHandler
                0x00000000080005a8                MECC_S_ERR_DriverIRQHandler
                0x00000000080005a8                USB2_DriverIRQHandler
                0x00000000080005a8                GPIO4_Combined_0_15_DriverIRQHandler
                0x00000000080005a8                I2C5_DriverIRQHandler
                0x00000000080005a8                GPIO4_Combined_16_31_DriverIRQHandler
                0x00000000080005a8                ISP1_DriverIRQHandler
                0x00000000080005a8                GPIO5_Combined_16_31_DriverIRQHandler
                0x00000000080005a8                PCIE_CTRL1_ERR_DriverIRQHandler
                0x00000000080005a8                ASRC_DriverIRQHandler
                0x00000000080005a8                CAN_FD2_ERROR_DriverIRQHandler
                0x00000000080005a8                BusFault_Handler
                0x00000000080005a8                ENET1_1588_Timer_DriverIRQHandler
                0x00000000080005a8                GPU3D_DriverIRQHandler
                0x00000000080005a8                PDM_HWVAD_ERROR_DriverIRQHandler
                0x00000000080005a8                PCIE_CTRL1_DriverIRQHandler
                0x00000000080005a8                CCM_IRQ1_DriverIRQHandler
                0x00000000080005a8                ENET1_MAC0_Rx_Tx_Done2_DriverIRQHandler
                0x00000000080005a8                CPU_CTI_Trigger_DriverIRQHandler
                0x00000000080005a8                PDM_HWVAD_EVENT_DriverIRQHandler
                0x00000000080005a8                MU1_M7_DriverIRQHandler
                0x00000000080005a8                MU2_AUDIO_DriverIRQHandler
                0x00000000080005a8                PWM3_DriverIRQHandler
                0x00000000080005a8                AUDIO_XCVR0_DriverIRQHandler
                0x00000000080005a8                GPIO1_INT6_DriverIRQHandler
                0x00000000080005a8                GPIO1_INT1_DriverIRQHandler
                0x00000000080005a8                ISI_CH1_DriverIRQHandler
                0x00000000080005a8                SRC_Combined_DriverIRQHandler
                0x00000000080005a8                MU1_A53_DriverIRQHandler
                0x00000000080005ac                NMI_Handler
                0x00000000080005b0                HardFault_Handler
                0x00000000080005c0                Reserved16_IRQHandler
                0x00000000080005c4                DAP_IRQHandler
                0x00000000080005c8                SDMA1_IRQHandler
                0x00000000080005cc                GPU3D_IRQHandler
                0x00000000080005d0                SNVS_IRQHandler
                0x00000000080005d4                LCDIF1_IRQHandler
                0x00000000080005d8                LCDIF2_IRQHandler
                0x00000000080005dc                VPU_G1_IRQHandler
                0x00000000080005e0                VPU_G2_IRQHandler
                0x00000000080005e4                QOS_IRQHandler
                0x00000000080005e8                WDOG3_IRQHandler
                0x00000000080005ec                HS_CP1_IRQHandler
                0x00000000080005f0                APBHDMA_IRQHandler
                0x00000000080005f4                ML_IRQHandler
                0x00000000080005f8                BCH_IRQHandler
                0x00000000080005fc                GPMI_IRQHandler
                0x0000000008000600                ISI_IRQHandler
                0x0000000008000604                MIPI_CSI1_IRQHandler
                0x0000000008000608                MIPI_DSI_IRQHandler
                0x000000000800060c                SNVS_Consolidated_IRQHandler
                0x0000000008000610                SNVS_Security_IRQHandler
                0x0000000008000614                CSU_IRQHandler
                0x0000000008000618                USDHC1_IRQHandler
                0x000000000800061c                USDHC2_IRQHandler
                0x0000000008000620                USDHC3_IRQHandler
                0x0000000008000624                GPU2D_IRQHandler
                0x0000000008000628                UART1_IRQHandler
                0x000000000800062c                UART2_IRQHandler
                0x0000000008000630                UART3_IRQHandler
                0x0000000008000634                UART4_IRQHandler
                0x0000000008000638                VPU_IRQHandler
                0x000000000800063c                ECSPI1_IRQHandler
                0x0000000008000640                ECSPI2_IRQHandler
                0x0000000008000644                ECSPI3_IRQHandler
                0x0000000008000648                SDMA3_IRQHandler
                0x000000000800064c                I2C1_IRQHandler
                0x0000000008000650                I2C2_IRQHandler
                0x0000000008000654                I2C3_IRQHandler
                0x0000000008000658                I2C4_IRQHandler
                0x000000000800065c                RDC_IRQHandler
                0x0000000008000660                USB1_IRQHandler
                0x0000000008000664                USB2_IRQHandler
                0x0000000008000668                ISI_CH1_IRQHandler
                0x000000000800066c                HDMI_TX_IRQHandler
                0x0000000008000670                PDM_HWVAD_EVENT_IRQHandler
                0x0000000008000674                PDM_HWVAD_ERROR_IRQHandler
                0x0000000008000678                GPT6_IRQHandler
                0x000000000800067c                SCTR_IRQ0_IRQHandler
                0x0000000008000680                SCTR_IRQ1_IRQHandler
                0x0000000008000684                ANAMIX_IRQHandler
                0x0000000008000688                I2S3_IRQHandler
                0x000000000800068c                GPT5_IRQHandler
                0x0000000008000690                GPT4_IRQHandler
                0x0000000008000694                GPT3_IRQHandler
                0x0000000008000698                GPT2_IRQHandler
                0x000000000800069c                GPT1_IRQHandler
                0x00000000080006a0                GPIO1_INT7_IRQHandler
                0x00000000080006a4                GPIO1_INT6_IRQHandler
                0x00000000080006a8                GPIO1_INT5_IRQHandler
                0x00000000080006ac                GPIO1_INT4_IRQHandler
                0x00000000080006b0                GPIO1_INT3_IRQHandler
                0x00000000080006b4                GPIO1_INT2_IRQHandler
                0x00000000080006b8                GPIO1_INT1_IRQHandler
                0x00000000080006bc                GPIO1_INT0_IRQHandler
                0x00000000080006c0                GPIO1_Combined_0_15_IRQHandler
                0x00000000080006c4                GPIO1_Combined_16_31_IRQHandler
                0x00000000080006c8                GPIO2_Combined_0_15_IRQHandler
                0x00000000080006cc                GPIO2_Combined_16_31_IRQHandler
                0x00000000080006d0                GPIO3_Combined_0_15_IRQHandler
                0x00000000080006d4                GPIO3_Combined_16_31_IRQHandler
                0x00000000080006d8                GPIO4_Combined_0_15_IRQHandler
                0x00000000080006dc                GPIO4_Combined_16_31_IRQHandler
                0x00000000080006e0                GPIO5_Combined_0_15_IRQHandler
                0x00000000080006e4                GPIO5_Combined_16_31_IRQHandler
                0x00000000080006e8                ISP1_IRQHandler
                0x00000000080006ec                ISP2_IRQHandler
                0x00000000080006f0                I2C5_IRQHandler
                0x00000000080006f4                I2C6_IRQHandler
                0x00000000080006f8                WDOG1_IRQHandler
                0x00000000080006fc                WDOG2_IRQHandler
                0x0000000008000700                MIPI_CSI2_IRQHandler
                0x0000000008000704                PWM1_IRQHandler
                0x0000000008000708                PWM2_IRQHandler
                0x000000000800070c                PWM3_IRQHandler
                0x0000000008000710                PWM4_IRQHandler
                0x0000000008000714                CCM_IRQ1_IRQHandler
                0x0000000008000718                CCM_IRQ2_IRQHandler
                0x000000000800071c                GPC_IRQHandler
                0x0000000008000720                MU1_A53_IRQHandler
                0x0000000008000724                SRC_IRQHandler
                0x0000000008000728                I2S56_IRQHandler
                0x000000000800072c                RTIC_IRQHandler
                0x0000000008000730                CPU_PerformanceUnit_IRQHandler
                0x0000000008000734                CPU_CTI_Trigger_IRQHandler
                0x0000000008000738                SRC_Combined_IRQHandler
                0x000000000800073c                I2S1_IRQHandler
                0x0000000008000740                I2S2_IRQHandler
                0x0000000008000748                DDR_PerformanceMonitor_IRQHandler
                0x000000000800074c                DDR_IRQHandler
                0x0000000008000750                DEWARP_IRQHandler
                0x0000000008000754                CPU_Error_AXI_IRQHandler
                0x0000000008000758                CPU_Error_L2RAM_IRQHandler
                0x000000000800075c                SDMA2_IRQHandler
                0x0000000008000760                SJC_IRQHandler
                0x0000000008000764                CAAM_IRQ0_IRQHandler
                0x0000000008000768                CAAM_IRQ1_IRQHandler
                0x000000000800076c                FlexSPI_IRQHandler
                0x0000000008000770                TZASC_IRQHandler
                0x0000000008000774                PDM_EVENT_IRQHandler
                0x0000000008000778                PDM_ERROR_IRQHandler
                0x000000000800077c                I2S7_IRQHandler
                0x0000000008000780                PERFMON1_IRQHandler
                0x0000000008000784                PERFMON2_IRQHandler
                0x0000000008000788                CAAM_IRQ2_IRQHandler
                0x000000000800078c                CAAM_ERROR_IRQHandler
                0x0000000008000790                HS_CP0_IRQHandler
                0x0000000008000794                CM7_CTI_IRQHandler
                0x0000000008000798                ENET1_MAC0_Rx_Tx_Done1_IRQHandler
                0x000000000800079c                ENET1_MAC0_Rx_Tx_Done2_IRQHandler
                0x00000000080007a0                ENET1_IRQHandler
                0x00000000080007a4                ENET1_1588_Timer_IRQHandler
                0x00000000080007a8                ASRC_IRQHandler
                0x00000000080007ac                PCIE_CTRL1_0_IRQHandler
                0x00000000080007b0                PCIE_CTRL1_1_IRQHandler
                0x00000000080007b4                PCIE_CTRL1_2_IRQHandler
                0x00000000080007b8                PCIE_CTRL1_3_IRQHandler
                0x00000000080007bc                PCIE_EDMA_IRQHandler
                0x00000000080007c0                AUDIO_XCVR0_IRQHandler
                0x00000000080007c4                AUDIO_XCVR1_IRQHandler
                0x00000000080007c8                AUD2HTX_IRQHandler
                0x00000000080007cc                EDMA1_ERR_IRQHandler
                0x00000000080007d0                EDMA1_0_15_IRQHandler
                0x00000000080007d4                EDMA1_16_31_IRQHandler
                0x00000000080007d8                ENET_QOS_PMT_IRQHandler
                0x00000000080007dc                ENET_QOS_IRQHandler
                0x00000000080007e0                MU2_A53_IRQHandler
                0x00000000080007e4                MU2_AUDIO_IRQHandler
                0x00000000080007e8                MU3_M7_IRQHandler
                0x00000000080007ec                MU3_AUDIO_IRQHandler
                0x00000000080007f0                PCIE_CTRL1_IRQHandler
                0x00000000080007f4                PCIE_CTRL1_ERR_IRQHandler
                0x00000000080007f8                CAN_FD1_IRQHandler
                0x00000000080007fc                CAN_FD1_ERROR_IRQHandler
                0x0000000008000800                CAN_FD2_IRQHandler
                0x0000000008000804                CAN_FD2_ERROR_IRQHandler
                0x0000000008000808                AUDIO_XCVR_IRQHandler
                0x000000000800080c                DDR_ERR_IRQHandler
                0x0000000008000810                USB1_WAKEUP_IRQHandler
                0x0000000008000814                USB2_WAKEUP_IRQHandler
                0x0000000008000818                MECC_IRQHandler
                0x000000000800081c                MECC_ERR_IRQHandler
                0x0000000008000820                MECC_S_IRQHandler
                0x0000000008000824                MECC_S_ERR_IRQHandler
 .text          0x0000000008000aa4       0xa0 CMakeFiles/test_rpmsg_mu.elf.dir/home/efacec/nxp/SDK_2_14_0_EVK-MIMX8MP/devices/MIMX8ML8/utilities/fsl_memcpy.S.obj
                0x0000000008000aa4                memcpy
 .text          0x0000000008000b44       0x10 /home/efacec/var-mcuxpresso/gcc-arm-none-eabi-10.3-2021.10/bin/../lib/gcc/arm-none-eabi/10.3.1/../../../../arm-none-eabi/lib/thumb/v7e-m+fp/hard/libc_nano.a(lib_a-strlen.o)
                0x0000000008000b44                strlen
 .text          0x0000000008000b54       0x30 /home/efacec/var-mcuxpresso/gcc-arm-none-eabi-10.3-2021.10/bin/../lib/gcc/arm-none-eabi/10.3.1/thumb/v7e-m+fp/hard/libgcc.a(_aeabi_uldivmod.o)
                0x0000000008000b54                __aeabi_uldivmod
 .text          0x0000000008000b84      0x2d0 /home/efacec/var-mcuxpresso/gcc-arm-none-eabi-10.3-2021.10/bin/../lib/gcc/arm-none-eabi/10.3.1/thumb/v7e-m+fp/hard/libgcc.a(_udivmoddi4.o)
                0x0000000008000b84                __udivmoddi4
 .text          0x0000000008000e54        0x4 /home/efacec/var-mcuxpresso/gcc-arm-none-eabi-10.3-2021.10/bin/../lib/gcc/arm-none-eabi/10.3.1/thumb/v7e-m+fp/hard/libgcc.a(_dvmd_tls.o)
                0x0000000008000e54                __aeabi_ldiv0
                0x0000000008000e54                __aeabi_idiv0
 *(.text*)
 .text.MU1_M7_IRQHandler
                0x0000000008000e58       0x48 CMakeFiles/test_rpmsg_mu.elf.dir/home/efacec/nxp/SDK_2_14_0_EVK-MIMX8MP/boards/evkmimx8mp/multicore_examples/test_rpmsg_mu/main_remote.c.obj
                0x0000000008000e58                MU1_M7_IRQHandler
 .text.startup.main
                0x0000000008000ea0       0x84 CMakeFiles/test_rpmsg_mu.elf.dir/home/efacec/nxp/SDK_2_14_0_EVK-MIMX8MP/boards/evkmimx8mp/multicore_examples/test_rpmsg_mu/main_remote.c.obj
                0x0000000008000ea0                main
 .text.BOARD_InitPins
                0x0000000008000f24       0x34 CMakeFiles/test_rpmsg_mu.elf.dir/home/efacec/nxp/SDK_2_14_0_EVK-MIMX8MP/boards/evkmimx8mp/multicore_examples/test_rpmsg_mu/pin_mux.c.obj
                0x0000000008000f24                BOARD_InitPins
 .text.BOARD_InitBootPins
                0x0000000008000f58        0x4 CMakeFiles/test_rpmsg_mu.elf.dir/home/efacec/nxp/SDK_2_14_0_EVK-MIMX8MP/boards/evkmimx8mp/multicore_examples/test_rpmsg_mu/pin_mux.c.obj
                0x0000000008000f58                BOARD_InitBootPins
 .text.GPIO_PinWrite
                0x0000000008000f5c       0x16 CMakeFiles/test_rpmsg_mu.elf.dir/home/efacec/nxp/SDK_2_14_0_EVK-MIMX8MP/boards/evkmimx8mp/multicore_examples/test_rpmsg_mu/fsl_gpio.c.obj
                0x0000000008000f5c                GPIO_PinWrite
 .text.GPIO_PinSetInterruptConfig
                0x0000000008000f72       0x7c CMakeFiles/test_rpmsg_mu.elf.dir/home/efacec/nxp/SDK_2_14_0_EVK-MIMX8MP/boards/evkmimx8mp/multicore_examples/test_rpmsg_mu/fsl_gpio.c.obj
                0x0000000008000f72                GPIO_PinSetInterruptConfig
 *fill*         0x0000000008000fee        0x2 
 .text.GPIO_PinInit
                0x0000000008000ff0       0x9c CMakeFiles/test_rpmsg_mu.elf.dir/home/efacec/nxp/SDK_2_14_0_EVK-MIMX8MP/boards/evkmimx8mp/multicore_examples/test_rpmsg_mu/fsl_gpio.c.obj
                0x0000000008000ff0                GPIO_PinInit
 .text.copyResourceTable
                0x000000000800108c       0x24 CMakeFiles/test_rpmsg_mu.elf.dir/home/efacec/nxp/SDK_2_14_0_EVK-MIMX8MP/boards/evkmimx8mp/multicore_examples/test_rpmsg_mu/rsc_table.c.obj
                0x000000000800108c                copyResourceTable
 .text.BOARD_InitDebugConsole
                0x00000000080010b0       0x44 CMakeFiles/test_rpmsg_mu.elf.dir/home/efacec/nxp/SDK_2_14_0_EVK-MIMX8MP/boards/evkmimx8mp/multicore_examples/test_rpmsg_mu/board.c.obj
                0x00000000080010b0                BOARD_InitDebugConsole
 .text.BOARD_InitMemory
                0x00000000080010f4      0x204 CMakeFiles/test_rpmsg_mu.elf.dir/home/efacec/nxp/SDK_2_14_0_EVK-MIMX8MP/boards/evkmimx8mp/multicore_examples/test_rpmsg_mu/board.c.obj
                0x00000000080010f4                BOARD_InitMemory
 .text.BOARD_RdcInit
                0x00000000080012f8       0x90 CMakeFiles/test_rpmsg_mu.elf.dir/home/efacec/nxp/SDK_2_14_0_EVK-MIMX8MP/boards/evkmimx8mp/multicore_examples/test_rpmsg_mu/board.c.obj
                0x00000000080012f8                BOARD_RdcInit
 .text.BOARD_BootClockRUN
                0x0000000008001388      0x16c CMakeFiles/test_rpmsg_mu.elf.dir/home/efacec/nxp/SDK_2_14_0_EVK-MIMX8MP/boards/evkmimx8mp/multicore_examples/test_rpmsg_mu/clock_config.c.obj
                0x0000000008001388                BOARD_BootClockRUN
 .text.HAL_UartInit
                0x00000000080014f4       0x6c CMakeFiles/test_rpmsg_mu.elf.dir/home/efacec/nxp/SDK_2_14_0_EVK-MIMX8MP/components/uart/fsl_adapter_iuart.c.obj
                0x00000000080014f4                HAL_UartInit
 .text.HAL_UartSendBlocking
                0x0000000008001560       0x18 CMakeFiles/test_rpmsg_mu.elf.dir/home/efacec/nxp/SDK_2_14_0_EVK-MIMX8MP/components/uart/fsl_adapter_iuart.c.obj
                0x0000000008001560                HAL_UartSendBlocking
 .text.SerialManager_Init
                0x0000000008001578       0x2a CMakeFiles/test_rpmsg_mu.elf.dir/home/efacec/nxp/SDK_2_14_0_EVK-MIMX8MP/components/serial_manager/fsl_component_serial_manager.c.obj
                0x0000000008001578                SerialManager_Init
 .text.SerialManager_OpenWriteHandle
                0x00000000080015a2       0x26 CMakeFiles/test_rpmsg_mu.elf.dir/home/efacec/nxp/SDK_2_14_0_EVK-MIMX8MP/components/serial_manager/fsl_component_serial_manager.c.obj
                0x00000000080015a2                SerialManager_OpenWriteHandle
 .text.SerialManager_OpenReadHandle
                0x00000000080015c8       0x2c CMakeFiles/test_rpmsg_mu.elf.dir/home/efacec/nxp/SDK_2_14_0_EVK-MIMX8MP/components/serial_manager/fsl_component_serial_manager.c.obj
                0x00000000080015c8                SerialManager_OpenReadHandle
 .text.SerialManager_WriteBlocking
                0x00000000080015f4       0x14 CMakeFiles/test_rpmsg_mu.elf.dir/home/efacec/nxp/SDK_2_14_0_EVK-MIMX8MP/components/serial_manager/fsl_component_serial_manager.c.obj
                0x00000000080015f4                SerialManager_WriteBlocking
 .text.Serial_UartInit
                0x0000000008001608        0x4 CMakeFiles/test_rpmsg_mu.elf.dir/home/efacec/nxp/SDK_2_14_0_EVK-MIMX8MP/components/serial_manager/fsl_component_serial_port_uart.c.obj
                0x0000000008001608                Serial_UartInit
 .text.Serial_UartWrite
                0x000000000800160c        0x4 CMakeFiles/test_rpmsg_mu.elf.dir/home/efacec/nxp/SDK_2_14_0_EVK-MIMX8MP/components/serial_manager/fsl_component_serial_port_uart.c.obj
                0x000000000800160c                Serial_UartWrite
 .text.GetFracPllFreq
                0x0000000008001610       0x44 CMakeFiles/test_rpmsg_mu.elf.dir/home/efacec/nxp/SDK_2_14_0_EVK-MIMX8MP/devices/MIMX8ML8/system_MIMX8ML8_cm7.c.obj
                0x0000000008001610                GetFracPllFreq
 .text.GetIntegerPllFreq
                0x0000000008001654       0x44 CMakeFiles/test_rpmsg_mu.elf.dir/home/efacec/nxp/SDK_2_14_0_EVK-MIMX8MP/devices/MIMX8ML8/system_MIMX8ML8_cm7.c.obj
                0x0000000008001654                GetIntegerPllFreq
 .text.SystemCoreClockUpdate
                0x0000000008001698       0x9c CMakeFiles/test_rpmsg_mu.elf.dir/home/efacec/nxp/SDK_2_14_0_EVK-MIMX8MP/devices/MIMX8ML8/system_MIMX8ML8_cm7.c.obj
                0x0000000008001698                SystemCoreClockUpdate
 .text.SystemInitHook
                0x0000000008001734        0x2 CMakeFiles/test_rpmsg_mu.elf.dir/home/efacec/nxp/SDK_2_14_0_EVK-MIMX8MP/devices/MIMX8ML8/system_MIMX8ML8_cm7.c.obj
                0x0000000008001734                SystemInitHook
 *fill*         0x0000000008001736        0x2 
 .text.SystemInit
                0x0000000008001738       0x1c CMakeFiles/test_rpmsg_mu.elf.dir/home/efacec/nxp/SDK_2_14_0_EVK-MIMX8MP/devices/MIMX8ML8/system_MIMX8ML8_cm7.c.obj
                0x0000000008001738                SystemInit
 .text.AUDIOMIX_InitAudioPll
                0x0000000008001754       0x64 CMakeFiles/test_rpmsg_mu.elf.dir/home/efacec/nxp/SDK_2_14_0_EVK-MIMX8MP/devices/MIMX8ML8/drivers/fsl_audiomix.c.obj
                0x0000000008001754                AUDIOMIX_InitAudioPll
 .text.CLOCK_GetPllRefClkFreq
                0x00000000080017b8       0x20 CMakeFiles/test_rpmsg_mu.elf.dir/home/efacec/nxp/SDK_2_14_0_EVK-MIMX8MP/devices/MIMX8ML8/drivers/fsl_clock.c.obj
                0x00000000080017b8                CLOCK_GetPllRefClkFreq
 .text.CLOCK_InitFracPll
                0x00000000080017d8       0x54 CMakeFiles/test_rpmsg_mu.elf.dir/home/efacec/nxp/SDK_2_14_0_EVK-MIMX8MP/devices/MIMX8ML8/drivers/fsl_clock.c.obj
                0x00000000080017d8                CLOCK_InitFracPll
 .text.CLOCK_InitAudioPll1
                0x000000000800182c       0x28 CMakeFiles/test_rpmsg_mu.elf.dir/home/efacec/nxp/SDK_2_14_0_EVK-MIMX8MP/devices/MIMX8ML8/drivers/fsl_clock.c.obj
                0x000000000800182c                CLOCK_InitAudioPll1
 .text.CLOCK_InitAudioPll2
                0x0000000008001854       0x2c CMakeFiles/test_rpmsg_mu.elf.dir/home/efacec/nxp/SDK_2_14_0_EVK-MIMX8MP/devices/MIMX8ML8/drivers/fsl_clock.c.obj
                0x0000000008001854                CLOCK_InitAudioPll2
 .text.CLOCK_GetFracPllFreq
                0x0000000008001880       0x40 CMakeFiles/test_rpmsg_mu.elf.dir/home/efacec/nxp/SDK_2_14_0_EVK-MIMX8MP/devices/MIMX8ML8/drivers/fsl_clock.c.obj
                0x0000000008001880                CLOCK_GetFracPllFreq
 .text.CLOCK_GetIntegerPllFreq
                0x00000000080018c0       0x36 CMakeFiles/test_rpmsg_mu.elf.dir/home/efacec/nxp/SDK_2_14_0_EVK-MIMX8MP/devices/MIMX8ML8/drivers/fsl_clock.c.obj
                0x00000000080018c0                CLOCK_GetIntegerPllFreq
 *fill*         0x00000000080018f6        0x2 
 .text.CLOCK_GetPllFreq
                0x00000000080018f8       0xb4 CMakeFiles/test_rpmsg_mu.elf.dir/home/efacec/nxp/SDK_2_14_0_EVK-MIMX8MP/devices/MIMX8ML8/drivers/fsl_clock.c.obj
                0x00000000080018f8                CLOCK_GetPllFreq
 .text.CLOCK_SetRootDivider
                0x00000000080019ac       0x20 CMakeFiles/test_rpmsg_mu.elf.dir/home/efacec/nxp/SDK_2_14_0_EVK-MIMX8MP/devices/MIMX8ML8/drivers/fsl_clock.c.obj
                0x00000000080019ac                CLOCK_SetRootDivider
 .text.CLOCK_EnableClock
                0x00000000080019cc       0x50 CMakeFiles/test_rpmsg_mu.elf.dir/home/efacec/nxp/SDK_2_14_0_EVK-MIMX8MP/devices/MIMX8ML8/drivers/fsl_clock.c.obj
                0x00000000080019cc                CLOCK_EnableClock
 .text.UART_GetInstance
                0x0000000008001a1c       0x38 CMakeFiles/test_rpmsg_mu.elf.dir/home/efacec/nxp/SDK_2_14_0_EVK-MIMX8MP/devices/MIMX8ML8/drivers/fsl_uart.c.obj
                0x0000000008001a1c                UART_GetInstance
 .text.UART_GetDefaultConfig
                0x0000000008001a54       0x28 CMakeFiles/test_rpmsg_mu.elf.dir/home/efacec/nxp/SDK_2_14_0_EVK-MIMX8MP/devices/MIMX8ML8/drivers/fsl_uart.c.obj
                0x0000000008001a54                UART_GetDefaultConfig
 .text.UART_SetBaudRate
                0x0000000008001a7c      0x13c CMakeFiles/test_rpmsg_mu.elf.dir/home/efacec/nxp/SDK_2_14_0_EVK-MIMX8MP/devices/MIMX8ML8/drivers/fsl_uart.c.obj
                0x0000000008001a7c                UART_SetBaudRate
 .text.UART_Init
                0x0000000008001bb8      0x154 CMakeFiles/test_rpmsg_mu.elf.dir/home/efacec/nxp/SDK_2_14_0_EVK-MIMX8MP/devices/MIMX8ML8/drivers/fsl_uart.c.obj
                0x0000000008001bb8                UART_Init
 .text.UART_WriteBlocking
                0x0000000008001d0c       0x22 CMakeFiles/test_rpmsg_mu.elf.dir/home/efacec/nxp/SDK_2_14_0_EVK-MIMX8MP/devices/MIMX8ML8/drivers/fsl_uart.c.obj
                0x0000000008001d0c                UART_WriteBlocking
 *fill*         0x0000000008001d2e        0x2 
 .text.UART1_DriverIRQHandler
                0x0000000008001d30       0x20 CMakeFiles/test_rpmsg_mu.elf.dir/home/efacec/nxp/SDK_2_14_0_EVK-MIMX8MP/devices/MIMX8ML8/drivers/fsl_uart.c.obj
                0x0000000008001d30                UART1_DriverIRQHandler
 .text.UART2_DriverIRQHandler
                0x0000000008001d50       0x20 CMakeFiles/test_rpmsg_mu.elf.dir/home/efacec/nxp/SDK_2_14_0_EVK-MIMX8MP/devices/MIMX8ML8/drivers/fsl_uart.c.obj
                0x0000000008001d50                UART2_DriverIRQHandler
 .text.UART3_DriverIRQHandler
                0x0000000008001d70       0x20 CMakeFiles/test_rpmsg_mu.elf.dir/home/efacec/nxp/SDK_2_14_0_EVK-MIMX8MP/devices/MIMX8ML8/drivers/fsl_uart.c.obj
                0x0000000008001d70                UART3_DriverIRQHandler
 .text.UART4_DriverIRQHandler
                0x0000000008001d90       0x20 CMakeFiles/test_rpmsg_mu.elf.dir/home/efacec/nxp/SDK_2_14_0_EVK-MIMX8MP/devices/MIMX8ML8/drivers/fsl_uart.c.obj
                0x0000000008001d90                UART4_DriverIRQHandler
 .text.MU_Init  0x0000000008001db0        0x8 CMakeFiles/test_rpmsg_mu.elf.dir/home/efacec/nxp/SDK_2_14_0_EVK-MIMX8MP/devices/MIMX8ML8/drivers/fsl_mu.c.obj
                0x0000000008001db0                MU_Init
 .text.RDC_SetMasterDomainAssignment
                0x0000000008001db8        0xa CMakeFiles/test_rpmsg_mu.elf.dir/home/efacec/nxp/SDK_2_14_0_EVK-MIMX8MP/devices/MIMX8ML8/drivers/fsl_rdc.c.obj
                0x0000000008001db8                RDC_SetMasterDomainAssignment
 *fill*         0x0000000008001dc2        0x2 
 .text.prvResetNextTaskUnblockTime
                0x0000000008001dc4       0x24 CMakeFiles/test_rpmsg_mu.elf.dir/home/efacec/nxp/SDK_2_14_0_EVK-MIMX8MP/rtos/freertos/freertos-kernel/tasks.c.obj
 .text.xTaskIncrementTick
                0x0000000008001de8      0x160 CMakeFiles/test_rpmsg_mu.elf.dir/home/efacec/nxp/SDK_2_14_0_EVK-MIMX8MP/rtos/freertos/freertos-kernel/tasks.c.obj
                0x0000000008001de8                xTaskIncrementTick
 .text.vTaskSwitchContext
                0x0000000008001f48       0x74 CMakeFiles/test_rpmsg_mu.elf.dir/home/efacec/nxp/SDK_2_14_0_EVK-MIMX8MP/rtos/freertos/freertos-kernel/tasks.c.obj
                0x0000000008001f48                vTaskSwitchContext
 *fill*         0x0000000008001fbc        0x4 
 .text.SVC_Handler
                0x0000000008001fc0       0x24 CMakeFiles/test_rpmsg_mu.elf.dir/home/efacec/nxp/SDK_2_14_0_EVK-MIMX8MP/rtos/freertos/freertos-kernel/portable/GCC/ARM_CM4F/port.c.obj
                0x0000000008001fc0                SVC_Handler
 *fill*         0x0000000008001fe4        0xc 
 .text.PendSV_Handler
                0x0000000008001ff0       0x64 CMakeFiles/test_rpmsg_mu.elf.dir/home/efacec/nxp/SDK_2_14_0_EVK-MIMX8MP/rtos/freertos/freertos-kernel/portable/GCC/ARM_CM4F/port.c.obj
                0x0000000008001ff0                PendSV_Handler
 .text.SysTick_Handler
                0x0000000008002054       0x2c CMakeFiles/test_rpmsg_mu.elf.dir/home/efacec/nxp/SDK_2_14_0_EVK-MIMX8MP/rtos/freertos/freertos-kernel/portable/GCC/ARM_CM4F/port.c.obj
                0x0000000008002054                SysTick_Handler
 .text.platform_interrupt_enable
                0x0000000008002080       0x28 CMakeFiles/test_rpmsg_mu.elf.dir/home/efacec/nxp/SDK_2_14_0_EVK-MIMX8MP/middleware/multicore/rpmsg_lite/lib/rpmsg_lite/porting/platform/imx8mp_m7/rpmsg_platform.c.obj
                0x0000000008002080                platform_interrupt_enable
 .text.ConvertRadixNumToString.constprop.0
                0x00000000080020a8       0x48 CMakeFiles/test_rpmsg_mu.elf.dir/home/efacec/nxp/SDK_2_14_0_EVK-MIMX8MP/devices/MIMX8ML8/utilities/str/fsl_str.c.obj
 .text.StrFormatPrintf
                0x00000000080020f0      0x1c8 CMakeFiles/test_rpmsg_mu.elf.dir/home/efacec/nxp/SDK_2_14_0_EVK-MIMX8MP/devices/MIMX8ML8/utilities/str/fsl_str.c.obj
                0x00000000080020f0                StrFormatPrintf
 .text.DbgConsole_SendDataReliable
                0x00000000080022b8       0x30 CMakeFiles/test_rpmsg_mu.elf.dir/home/efacec/nxp/SDK_2_14_0_EVK-MIMX8MP/devices/MIMX8ML8/utilities/debug_console/fsl_debug_console.c.obj
                0x00000000080022b8                DbgConsole_SendDataReliable
 .text.DbgConsole_PrintCallback
                0x00000000080022e8       0x3a CMakeFiles/test_rpmsg_mu.elf.dir/home/efacec/nxp/SDK_2_14_0_EVK-MIMX8MP/devices/MIMX8ML8/utilities/debug_console/fsl_debug_console.c.obj
 *fill*         0x0000000008002322        0x2 
 .text.DbgConsole_Init
                0x0000000008002324       0x90 CMakeFiles/test_rpmsg_mu.elf.dir/home/efacec/nxp/SDK_2_14_0_EVK-MIMX8MP/devices/MIMX8ML8/utilities/debug_console/fsl_debug_console.c.obj
                0x0000000008002324                DbgConsole_Init
 .text.DbgConsole_Vprintf
                0x00000000080023b4       0x3c CMakeFiles/test_rpmsg_mu.elf.dir/home/efacec/nxp/SDK_2_14_0_EVK-MIMX8MP/devices/MIMX8ML8/utilities/debug_console/fsl_debug_console.c.obj
                0x00000000080023b4                DbgConsole_Vprintf
 .text.DbgConsole_Printf
                0x00000000080023f0       0x1a CMakeFiles/test_rpmsg_mu.elf.dir/home/efacec/nxp/SDK_2_14_0_EVK-MIMX8MP/devices/MIMX8ML8/utilities/debug_console/fsl_debug_console.c.obj
                0x00000000080023f0                DbgConsole_Printf
 *fill*         0x000000000800240a        0x2 
 .text.exit     0x000000000800240c       0x28 /home/efacec/var-mcuxpresso/gcc-arm-none-eabi-10.3-2021.10/bin/../lib/gcc/arm-none-eabi/10.3.1/../../../../arm-none-eabi/lib/thumb/v7e-m+fp/hard/libc_nano.a(lib_a-exit.o)
                0x000000000800240c                exit
 .text.__libc_init_array
                0x0000000008002434       0x48 /home/efacec/var-mcuxpresso/gcc-arm-none-eabi-10.3-2021.10/bin/../lib/gcc/arm-none-eabi/10.3.1/../../../../arm-none-eabi/lib/thumb/v7e-m+fp/hard/libc_nano.a(lib_a-init.o)
                0x0000000008002434                __libc_init_array
 .text.memset   0x000000000800247c       0x10 /home/efacec/var-mcuxpresso/gcc-arm-none-eabi-10.3-2021.10/bin/../lib/gcc/arm-none-eabi/10.3.1/../../../../arm-none-eabi/lib/thumb/v7e-m+fp/hard/libc_nano.a(lib_a-memset.o)
                0x000000000800247c                memset
 .text._exit    0x000000000800248c        0x4 /home/efacec/var-mcuxpresso/gcc-arm-none-eabi-10.3-2021.10/bin/../lib/gcc/arm-none-eabi/10.3.1/../../../../arm-none-eabi/lib/thumb/v7e-m+fp/hard/libnosys.a(_exit.o)
                0x000000000800248c                _exit
 *(.rodata)
 *(.rodata*)
 .rodata.MU1_M7_IRQHandler.str1.1
                0x0000000008002490        0xb CMakeFiles/test_rpmsg_mu.elf.dir/home/efacec/nxp/SDK_2_14_0_EVK-MIMX8MP/boards/evkmimx8mp/multicore_examples/test_rpmsg_mu/main_remote.c.obj
 .rodata.main.str1.1
                0x000000000800249b       0x20 CMakeFiles/test_rpmsg_mu.elf.dir/home/efacec/nxp/SDK_2_14_0_EVK-MIMX8MP/boards/evkmimx8mp/multicore_examples/test_rpmsg_mu/main_remote.c.obj
 *fill*         0x00000000080024bb        0x1 
 .rodata.s_gpioClock
                0x00000000080024bc       0x18 CMakeFiles/test_rpmsg_mu.elf.dir/home/efacec/nxp/SDK_2_14_0_EVK-MIMX8MP/boards/evkmimx8mp/multicore_examples/test_rpmsg_mu/fsl_gpio.c.obj
 .rodata.g_audioPll1Config
                0x00000000080024d4       0x10 CMakeFiles/test_rpmsg_mu.elf.dir/home/efacec/nxp/SDK_2_14_0_EVK-MIMX8MP/boards/evkmimx8mp/multicore_examples/test_rpmsg_mu/clock_config.c.obj
                0x00000000080024d4                g_audioPll1Config
 .rodata.g_audioPll2Config
                0x00000000080024e4       0x10 CMakeFiles/test_rpmsg_mu.elf.dir/home/efacec/nxp/SDK_2_14_0_EVK-MIMX8MP/boards/evkmimx8mp/multicore_examples/test_rpmsg_mu/clock_config.c.obj
                0x00000000080024e4                g_audioPll2Config
 .rodata.g_saiPLLConfig
                0x00000000080024f4       0x10 CMakeFiles/test_rpmsg_mu.elf.dir/home/efacec/nxp/SDK_2_14_0_EVK-MIMX8MP/boards/evkmimx8mp/multicore_examples/test_rpmsg_mu/clock_config.c.obj
                0x00000000080024f4                g_saiPLLConfig
 .rodata.s_UartAdapterBase
                0x0000000008002504       0x14 CMakeFiles/test_rpmsg_mu.elf.dir/home/efacec/nxp/SDK_2_14_0_EVK-MIMX8MP/components/uart/fsl_adapter_iuart.c.obj
 .rodata.CSWTCH.36
                0x0000000008002518        0x6 CMakeFiles/test_rpmsg_mu.elf.dir/home/efacec/nxp/SDK_2_14_0_EVK-MIMX8MP/devices/MIMX8ML8/drivers/fsl_uart.c.obj
 *fill*         0x000000000800251e        0x2 
 .rodata.s_uartClock
                0x0000000008002520       0x14 CMakeFiles/test_rpmsg_mu.elf.dir/home/efacec/nxp/SDK_2_14_0_EVK-MIMX8MP/devices/MIMX8ML8/drivers/fsl_uart.c.obj
 .rodata._global_impure_ptr
                0x0000000008002534        0x4 /home/efacec/var-mcuxpresso/gcc-arm-none-eabi-10.3-2021.10/bin/../lib/gcc/arm-none-eabi/10.3.1/../../../../arm-none-eabi/lib/thumb/v7e-m+fp/hard/libc_nano.a(lib_a-impure.o)
                0x0000000008002534                _global_impure_ptr
 *(.glue_7)
 .glue_7        0x0000000008002538        0x0 linker stubs
 *(.glue_7t)
 .glue_7t       0x0000000008002538        0x0 linker stubs
 *(.eh_frame)
 .eh_frame      0x0000000008002538        0x0 /home/efacec/var-mcuxpresso/gcc-arm-none-eabi-10.3-2021.10/bin/../lib/gcc/arm-none-eabi/10.3.1/thumb/v7e-m+fp/hard/crtbegin.o
 *(.init)
 .init          0x0000000008002538        0x4 /home/efacec/var-mcuxpresso/gcc-arm-none-eabi-10.3-2021.10/bin/../lib/gcc/arm-none-eabi/10.3.1/thumb/v7e-m+fp/hard/crti.o
                0x0000000008002538                _init
 .init          0x000000000800253c        0x8 /home/efacec/var-mcuxpresso/gcc-arm-none-eabi-10.3-2021.10/bin/../lib/gcc/arm-none-eabi/10.3.1/thumb/v7e-m+fp/hard/crtn.o
 *(.fini)
 .fini          0x0000000008002544        0x4 /home/efacec/var-mcuxpresso/gcc-arm-none-eabi-10.3-2021.10/bin/../lib/gcc/arm-none-eabi/10.3.1/thumb/v7e-m+fp/hard/crti.o
                0x0000000008002544                _fini
 .fini          0x0000000008002548        0x8 /home/efacec/var-mcuxpresso/gcc-arm-none-eabi-10.3-2021.10/bin/../lib/gcc/arm-none-eabi/10.3.1/thumb/v7e-m+fp/hard/crtn.o
                0x0000000008002550                . = ALIGN (0x4)

.vfp11_veneer   0x0000000008002550        0x0
 .vfp11_veneer  0x0000000008002550        0x0 linker stubs

.v4_bx          0x0000000008002550        0x0
 .v4_bx         0x0000000008002550        0x0 linker stubs

.iplt           0x0000000008002550        0x0
 .iplt          0x0000000008002550        0x0 /home/efacec/var-mcuxpresso/gcc-arm-none-eabi-10.3-2021.10/bin/../lib/gcc/arm-none-eabi/10.3.1/thumb/v7e-m+fp/hard/crtbegin.o

.ARM.extab
 *(.ARM.extab* .gnu.linkonce.armextab.*)

.ARM            0x0000000008002550        0x8
                0x0000000008002550                __exidx_start = .
 *(.ARM.exidx*)
 .ARM.exidx     0x0000000008002550        0x8 /home/efacec/var-mcuxpresso/gcc-arm-none-eabi-10.3-2021.10/bin/../lib/gcc/arm-none-eabi/10.3.1/../../../../arm-none-eabi/lib/thumb/v7e-m+fp/hard/crt0.o
                                         0x10 (size before relaxing)
 .ARM.exidx     0x0000000008002558        0x0 /home/efacec/var-mcuxpresso/gcc-arm-none-eabi-10.3-2021.10/bin/../lib/gcc/arm-none-eabi/10.3.1/thumb/v7e-m+fp/hard/libgcc.a(_udivmoddi4.o)
                                          0x8 (size before relaxing)
                0x0000000008002558                __exidx_end = .

.rel.dyn        0x0000000008002558        0x0
 .rel.iplt      0x0000000008002558        0x0 /home/efacec/var-mcuxpresso/gcc-arm-none-eabi-10.3-2021.10/bin/../lib/gcc/arm-none-eabi/10.3.1/thumb/v7e-m+fp/hard/crtbegin.o

.ctors          0x0000000008002558        0x0
                0x0000000008002558                __CTOR_LIST__ = .
 *crtbegin.o(.ctors)
 *crtbegin?.o(.ctors)
 *(EXCLUDE_FILE(*crtend.o *crtend?.o) .ctors)
 *(SORT_BY_NAME(.ctors.*))
 *(.ctors)
                0x0000000008002558                __CTOR_END__ = .

.dtors          0x0000000008002558        0x0
                0x0000000008002558                __DTOR_LIST__ = .
 *crtbegin.o(.dtors)
 *crtbegin?.o(.dtors)
 *(EXCLUDE_FILE(*crtend.o *crtend?.o) .dtors)
 *(SORT_BY_NAME(.dtors.*))
 *(.dtors)
                0x0000000008002558                __DTOR_END__ = .

.preinit_array  0x0000000008002558        0x0
                0x0000000008002558                PROVIDE (__preinit_array_start = .)
 *(.preinit_array*)
                0x0000000008002558                PROVIDE (__preinit_array_end = .)

.init_array     0x0000000008002558        0x4
                0x0000000008002558                PROVIDE (__init_array_start = .)
 *(SORT_BY_NAME(.init_array.*))
 *(.init_array*)
 .init_array    0x0000000008002558        0x4 /home/efacec/var-mcuxpresso/gcc-arm-none-eabi-10.3-2021.10/bin/../lib/gcc/arm-none-eabi/10.3.1/thumb/v7e-m+fp/hard/crtbegin.o
                0x000000000800255c                PROVIDE (__init_array_end = .)

.fini_array     0x000000000800255c        0x4
                [!provide]                        PROVIDE (__fini_array_start = .)
 *(SORT_BY_NAME(.fini_array.*))
 *(.fini_array*)
 .fini_array    0x000000000800255c        0x4 /home/efacec/var-mcuxpresso/gcc-arm-none-eabi-10.3-2021.10/bin/../lib/gcc/arm-none-eabi/10.3.1/thumb/v7e-m+fp/hard/crtbegin.o
                [!provide]                        PROVIDE (__fini_array_end = .)
                0x0000000008002560                __etext = .
                0x0000000008002560                __DATA_ROM = .

.data           0x0000000020000000       0x64 load address 0x0000000008002560
                0x0000000020000000                . = ALIGN (0x4)
                0x0000000020000000                __DATA_RAM = .
                0x0000000020000000                __data_start__ = .
 *(.data)
 *(.data*)
 .data.SystemCoreClock
                0x0000000020000000        0x4 CMakeFiles/test_rpmsg_mu.elf.dir/home/efacec/nxp/SDK_2_14_0_EVK-MIMX8MP/devices/MIMX8ML8/system_MIMX8ML8_cm7.c.obj
                0x0000000020000000                SystemCoreClock
 .data.impure_data
                0x0000000020000004       0x60 /home/efacec/var-mcuxpresso/gcc-arm-none-eabi-10.3-2021.10/bin/../lib/gcc/arm-none-eabi/10.3.1/../../../../arm-none-eabi/lib/thumb/v7e-m+fp/hard/libc_nano.a(lib_a-impure.o)
 *(.jcr*)
                0x0000000020000064                . = ALIGN (0x4)
                0x0000000020000064                __data_end__ = .
                0x0000000008000000                __CACHE_REGION_START = ORIGIN (m_interrupts)
                0x0000000000000000                __CACHE_REGION_SIZE = 0x0
                0x00000000080025c4                __NDATA_ROM = (__DATA_ROM + SIZEOF (.data))

.igot.plt       0x0000000020000064        0x0 load address 0x00000000080025c4
 .igot.plt      0x0000000020000064        0x0 /home/efacec/var-mcuxpresso/gcc-arm-none-eabi-10.3-2021.10/bin/../lib/gcc/arm-none-eabi/10.3.1/thumb/v7e-m+fp/hard/crtbegin.o

.ncache.init    0x0000000080000000        0x0 load address 0x00000000080025c4
                0x0000000080000000                __noncachedata_start__ = .
 *(NonCacheable.init)
                0x0000000080000000                . = ALIGN (0x4)
                0x0000000080000000                __noncachedata_init_end__ = .
                0x0000000080000000                . = __noncachedata_init_end__

.ncache         0x0000000080000000        0x0
 *(NonCacheable)
                0x0000000080000000                . = ALIGN (0x4)
                0x0000000080000000                __noncachedata_end__ = .
                0x00000000080025c4                __DATA_END = (__DATA_ROM + (__data_end__ - __data_start__))
                0x0000000008100000                text_end = (ORIGIN (m_text) + LENGTH (m_text))
                0x0000000000000001                ASSERT ((__DATA_END <= text_end), region m_text overflowed with text and data)

.bss            0x0000000020000064       0xf0 load address 0x00000000080025c4
                0x0000000020000064                . = ALIGN (0x4)
                0x0000000020000064                __START_BSS = .
                0x0000000020000064                __bss_start__ = .
 *(.bss)
 .bss           0x0000000020000064       0x1c /home/efacec/var-mcuxpresso/gcc-arm-none-eabi-10.3-2021.10/bin/../lib/gcc/arm-none-eabi/10.3.1/thumb/v7e-m+fp/hard/crtbegin.o
 *(.bss*)
 .bss.state1    0x0000000020000080        0x4 CMakeFiles/test_rpmsg_mu.elf.dir/home/efacec/nxp/SDK_2_14_0_EVK-MIMX8MP/boards/evkmimx8mp/multicore_examples/test_rpmsg_mu/main_remote.c.obj
                0x0000000020000080                state1
 .bss.s_uartHandle
                0x0000000020000084       0x14 CMakeFiles/test_rpmsg_mu.elf.dir/home/efacec/nxp/SDK_2_14_0_EVK-MIMX8MP/devices/MIMX8ML8/drivers/fsl_uart.c.obj
                0x0000000020000084                s_uartHandle
 .bss.s_uartIsr
                0x0000000020000098        0x4 CMakeFiles/test_rpmsg_mu.elf.dir/home/efacec/nxp/SDK_2_14_0_EVK-MIMX8MP/devices/MIMX8ML8/drivers/fsl_uart.c.obj
                0x0000000020000098                s_uartIsr
 .bss.pxCurrentTCB
                0x000000002000009c        0x4 CMakeFiles/test_rpmsg_mu.elf.dir/home/efacec/nxp/SDK_2_14_0_EVK-MIMX8MP/rtos/freertos/freertos-kernel/tasks.c.obj
                0x000000002000009c                pxCurrentTCB
 .bss.pxDelayedTaskList
                0x00000000200000a0        0x4 CMakeFiles/test_rpmsg_mu.elf.dir/home/efacec/nxp/SDK_2_14_0_EVK-MIMX8MP/rtos/freertos/freertos-kernel/tasks.c.obj
 .bss.pxOverflowDelayedTaskList
                0x00000000200000a4        0x4 CMakeFiles/test_rpmsg_mu.elf.dir/home/efacec/nxp/SDK_2_14_0_EVK-MIMX8MP/rtos/freertos/freertos-kernel/tasks.c.obj
 .bss.pxReadyTasksLists
                0x00000000200000a8       0x64 CMakeFiles/test_rpmsg_mu.elf.dir/home/efacec/nxp/SDK_2_14_0_EVK-MIMX8MP/rtos/freertos/freertos-kernel/tasks.c.obj
 .bss.uxSchedulerSuspended
                0x000000002000010c        0x4 CMakeFiles/test_rpmsg_mu.elf.dir/home/efacec/nxp/SDK_2_14_0_EVK-MIMX8MP/rtos/freertos/freertos-kernel/tasks.c.obj
 .bss.uxTopReadyPriority
                0x0000000020000110        0x4 CMakeFiles/test_rpmsg_mu.elf.dir/home/efacec/nxp/SDK_2_14_0_EVK-MIMX8MP/rtos/freertos/freertos-kernel/tasks.c.obj
 .bss.xNextTaskUnblockTime
                0x0000000020000114        0x4 CMakeFiles/test_rpmsg_mu.elf.dir/home/efacec/nxp/SDK_2_14_0_EVK-MIMX8MP/rtos/freertos/freertos-kernel/tasks.c.obj
 .bss.xNumOfOverflows
                0x0000000020000118        0x4 CMakeFiles/test_rpmsg_mu.elf.dir/home/efacec/nxp/SDK_2_14_0_EVK-MIMX8MP/rtos/freertos/freertos-kernel/tasks.c.obj
 .bss.xPendedTicks
                0x000000002000011c        0x4 CMakeFiles/test_rpmsg_mu.elf.dir/home/efacec/nxp/SDK_2_14_0_EVK-MIMX8MP/rtos/freertos/freertos-kernel/tasks.c.obj
 .bss.xTickCount
                0x0000000020000120        0x4 CMakeFiles/test_rpmsg_mu.elf.dir/home/efacec/nxp/SDK_2_14_0_EVK-MIMX8MP/rtos/freertos/freertos-kernel/tasks.c.obj
 .bss.xYieldPending
                0x0000000020000124        0x4 CMakeFiles/test_rpmsg_mu.elf.dir/home/efacec/nxp/SDK_2_14_0_EVK-MIMX8MP/rtos/freertos/freertos-kernel/tasks.c.obj
 .bss.disable_counter
                0x0000000020000128        0x4 CMakeFiles/test_rpmsg_mu.elf.dir/home/efacec/nxp/SDK_2_14_0_EVK-MIMX8MP/middleware/multicore/rpmsg_lite/lib/rpmsg_lite/porting/platform/imx8mp_m7/rpmsg_platform.c.obj
 .bss.g_serialHandle
                0x000000002000012c        0x4 CMakeFiles/test_rpmsg_mu.elf.dir/home/efacec/nxp/SDK_2_14_0_EVK-MIMX8MP/devices/MIMX8ML8/utilities/debug_console/fsl_debug_console.c.obj
                0x000000002000012c                g_serialHandle
 .bss.s_debugConsoleReadWaitSemaphore
                0x0000000020000130        0x1 CMakeFiles/test_rpmsg_mu.elf.dir/home/efacec/nxp/SDK_2_14_0_EVK-MIMX8MP/devices/MIMX8ML8/utilities/debug_console/fsl_debug_console.c.obj
 *fill*         0x0000000020000131        0x3 
 .bss.s_debugConsoleState
                0x0000000020000134       0x20 CMakeFiles/test_rpmsg_mu.elf.dir/home/efacec/nxp/SDK_2_14_0_EVK-MIMX8MP/devices/MIMX8ML8/utilities/debug_console/fsl_debug_console.c.obj
 *(COMMON)
                0x0000000020000154                . = ALIGN (0x4)
                0x0000000020000154                __bss_end__ = .
                0x0000000020000154                __END_BSS = .

.heap           0x0000000020000154      0x404 load address 0x00000000080026b4
                0x0000000020000158                . = ALIGN (0x8)
 *fill*         0x0000000020000154        0x4 
                0x0000000020000158                __end__ = .
                0x0000000020000158                PROVIDE (end = .)
                0x0000000020000158                __HeapBase = .
                0x0000000020000558                . = (. + HEAP_SIZE)
 *fill*         0x0000000020000158      0x400 
                0x0000000020000558                __HeapLimit = .
                0x0000000020000558                __heap_limit = .

.stack          0x0000000020000558      0x400 load address 0x0000000008002ab8
                0x0000000020000558                . = ALIGN (0x8)
                0x0000000020000958                . = (. + STACK_SIZE)
 *fill*         0x0000000020000558      0x400 
                0x0000000020020000                __StackTop = (ORIGIN (m_data) + LENGTH (m_data))
                0x000000002001fc00                __StackLimit = (__StackTop - STACK_SIZE)
                0x0000000020020000                PROVIDE (__stack = __StackTop)

.ARM.attributes
                0x0000000000000000       0x30
 *(.ARM.attributes)
 .ARM.attributes
                0x0000000000000000       0x1e /home/efacec/var-mcuxpresso/gcc-arm-none-eabi-10.3-2021.10/bin/../lib/gcc/arm-none-eabi/10.3.1/thumb/v7e-m+fp/hard/crti.o
 .ARM.attributes
                0x000000000000001e       0x34 /home/efacec/var-mcuxpresso/gcc-arm-none-eabi-10.3-2021.10/bin/../lib/gcc/arm-none-eabi/10.3.1/thumb/v7e-m+fp/hard/crtbegin.o
 .ARM.attributes
                0x0000000000000052       0x1c /home/efacec/var-mcuxpresso/gcc-arm-none-eabi-10.3-2021.10/bin/../lib/gcc/arm-none-eabi/10.3.1/../../../../arm-none-eabi/lib/thumb/v7e-m+fp/hard/crt0.o
 .ARM.attributes
                0x000000000000006e       0x34 CMakeFiles/test_rpmsg_mu.elf.dir/home/efacec/nxp/SDK_2_14_0_EVK-MIMX8MP/boards/evkmimx8mp/multicore_examples/test_rpmsg_mu/main_remote.c.obj
 .ARM.attributes
                0x00000000000000a2       0x34 CMakeFiles/test_rpmsg_mu.elf.dir/home/efacec/nxp/SDK_2_14_0_EVK-MIMX8MP/boards/evkmimx8mp/multicore_examples/test_rpmsg_mu/pin_mux.c.obj
 .ARM.attributes
                0x00000000000000d6       0x34 CMakeFiles/test_rpmsg_mu.elf.dir/home/efacec/nxp/SDK_2_14_0_EVK-MIMX8MP/boards/evkmimx8mp/multicore_examples/test_rpmsg_mu/fsl_gpio.c.obj
 .ARM.attributes
                0x000000000000010a       0x34 CMakeFiles/test_rpmsg_mu.elf.dir/home/efacec/nxp/SDK_2_14_0_EVK-MIMX8MP/boards/evkmimx8mp/multicore_examples/test_rpmsg_mu/rsc_table.c.obj
 .ARM.attributes
                0x000000000000013e       0x34 CMakeFiles/test_rpmsg_mu.elf.dir/home/efacec/nxp/SDK_2_14_0_EVK-MIMX8MP/boards/evkmimx8mp/multicore_examples/test_rpmsg_mu/board.c.obj
 .ARM.attributes
                0x0000000000000172       0x34 CMakeFiles/test_rpmsg_mu.elf.dir/home/efacec/nxp/SDK_2_14_0_EVK-MIMX8MP/boards/evkmimx8mp/multicore_examples/test_rpmsg_mu/clock_config.c.obj
 .ARM.attributes
                0x00000000000001a6       0x34 CMakeFiles/test_rpmsg_mu.elf.dir/home/efacec/nxp/SDK_2_14_0_EVK-MIMX8MP/components/uart/fsl_adapter_iuart.c.obj
 .ARM.attributes
                0x00000000000001da       0x34 CMakeFiles/test_rpmsg_mu.elf.dir/home/efacec/nxp/SDK_2_14_0_EVK-MIMX8MP/components/serial_manager/fsl_component_serial_manager.c.obj
 .ARM.attributes
                0x000000000000020e       0x34 CMakeFiles/test_rpmsg_mu.elf.dir/home/efacec/nxp/SDK_2_14_0_EVK-MIMX8MP/components/serial_manager/fsl_component_serial_port_uart.c.obj
 .ARM.attributes
                0x0000000000000242       0x1f CMakeFiles/test_rpmsg_mu.elf.dir/home/efacec/nxp/SDK_2_14_0_EVK-MIMX8MP/devices/MIMX8ML8/gcc/startup_MIMX8ML8_cm7.S.obj
 .ARM.attributes
                0x0000000000000261       0x34 CMakeFiles/test_rpmsg_mu.elf.dir/home/efacec/nxp/SDK_2_14_0_EVK-MIMX8MP/devices/MIMX8ML8/system_MIMX8ML8_cm7.c.obj
 .ARM.attributes
                0x0000000000000295       0x34 CMakeFiles/test_rpmsg_mu.elf.dir/home/efacec/nxp/SDK_2_14_0_EVK-MIMX8MP/devices/MIMX8ML8/drivers/fsl_audiomix.c.obj
 .ARM.attributes
                0x00000000000002c9       0x34 CMakeFiles/test_rpmsg_mu.elf.dir/home/efacec/nxp/SDK_2_14_0_EVK-MIMX8MP/devices/MIMX8ML8/drivers/fsl_clock.c.obj
 .ARM.attributes
                0x00000000000002fd       0x34 CMakeFiles/test_rpmsg_mu.elf.dir/home/efacec/nxp/SDK_2_14_0_EVK-MIMX8MP/devices/MIMX8ML8/drivers/fsl_uart.c.obj
 .ARM.attributes
                0x0000000000000331       0x34 CMakeFiles/test_rpmsg_mu.elf.dir/home/efacec/nxp/SDK_2_14_0_EVK-MIMX8MP/devices/MIMX8ML8/drivers/fsl_mu.c.obj
 .ARM.attributes
                0x0000000000000365       0x34 CMakeFiles/test_rpmsg_mu.elf.dir/home/efacec/nxp/SDK_2_14_0_EVK-MIMX8MP/devices/MIMX8ML8/drivers/fsl_rdc.c.obj
 .ARM.attributes
                0x0000000000000399       0x34 CMakeFiles/test_rpmsg_mu.elf.dir/home/efacec/nxp/SDK_2_14_0_EVK-MIMX8MP/rtos/freertos/freertos-kernel/tasks.c.obj
 .ARM.attributes
                0x00000000000003cd       0x34 CMakeFiles/test_rpmsg_mu.elf.dir/home/efacec/nxp/SDK_2_14_0_EVK-MIMX8MP/rtos/freertos/freertos-kernel/portable/GCC/ARM_CM4F/port.c.obj
 .ARM.attributes
                0x0000000000000401       0x34 CMakeFiles/test_rpmsg_mu.elf.dir/home/efacec/nxp/SDK_2_14_0_EVK-MIMX8MP/middleware/multicore/rpmsg_lite/lib/rpmsg_lite/porting/platform/imx8mp_m7/rpmsg_platform.c.obj
 .ARM.attributes
                0x0000000000000435       0x20 CMakeFiles/test_rpmsg_mu.elf.dir/home/efacec/nxp/SDK_2_14_0_EVK-MIMX8MP/devices/MIMX8ML8/utilities/fsl_memcpy.S.obj
 .ARM.attributes
                0x0000000000000455       0x34 CMakeFiles/test_rpmsg_mu.elf.dir/home/efacec/nxp/SDK_2_14_0_EVK-MIMX8MP/devices/MIMX8ML8/utilities/str/fsl_str.c.obj
 .ARM.attributes
                0x0000000000000489       0x34 CMakeFiles/test_rpmsg_mu.elf.dir/home/efacec/nxp/SDK_2_14_0_EVK-MIMX8MP/devices/MIMX8ML8/utilities/debug_console/fsl_debug_console.c.obj
 .ARM.attributes
                0x00000000000004bd       0x34 /home/efacec/var-mcuxpresso/gcc-arm-none-eabi-10.3-2021.10/bin/../lib/gcc/arm-none-eabi/10.3.1/../../../../arm-none-eabi/lib/thumb/v7e-m+fp/hard/libc_nano.a(lib_a-exit.o)
 .ARM.attributes
                0x00000000000004f1       0x34 /home/efacec/var-mcuxpresso/gcc-arm-none-eabi-10.3-2021.10/bin/../lib/gcc/arm-none-eabi/10.3.1/../../../../arm-none-eabi/lib/thumb/v7e-m+fp/hard/libc_nano.a(lib_a-impure.o)
 .ARM.attributes
                0x0000000000000525       0x34 /home/efacec/var-mcuxpresso/gcc-arm-none-eabi-10.3-2021.10/bin/../lib/gcc/arm-none-eabi/10.3.1/../../../../arm-none-eabi/lib/thumb/v7e-m+fp/hard/libc_nano.a(lib_a-init.o)
 .ARM.attributes
                0x0000000000000559       0x34 /home/efacec/var-mcuxpresso/gcc-arm-none-eabi-10.3-2021.10/bin/../lib/gcc/arm-none-eabi/10.3.1/../../../../arm-none-eabi/lib/thumb/v7e-m+fp/hard/libc_nano.a(lib_a-memset.o)
 .ARM.attributes
                0x000000000000058d       0x17 /home/efacec/var-mcuxpresso/gcc-arm-none-eabi-10.3-2021.10/bin/../lib/gcc/arm-none-eabi/10.3.1/../../../../arm-none-eabi/lib/thumb/v7e-m+fp/hard/libc_nano.a(lib_a-strlen.o)
 .ARM.attributes
                0x00000000000005a4       0x1e /home/efacec/var-mcuxpresso/gcc-arm-none-eabi-10.3-2021.10/bin/../lib/gcc/arm-none-eabi/10.3.1/thumb/v7e-m+fp/hard/libgcc.a(_aeabi_uldivmod.o)
 .ARM.attributes
                0x00000000000005c2       0x34 /home/efacec/var-mcuxpresso/gcc-arm-none-eabi-10.3-2021.10/bin/../lib/gcc/arm-none-eabi/10.3.1/thumb/v7e-m+fp/hard/libgcc.a(_udivmoddi4.o)
 .ARM.attributes
                0x00000000000005f6       0x1e /home/efacec/var-mcuxpresso/gcc-arm-none-eabi-10.3-2021.10/bin/../lib/gcc/arm-none-eabi/10.3.1/thumb/v7e-m+fp/hard/libgcc.a(_dvmd_tls.o)
 .ARM.attributes
                0x0000000000000614       0x34 /home/efacec/var-mcuxpresso/gcc-arm-none-eabi-10.3-2021.10/bin/../lib/gcc/arm-none-eabi/10.3.1/../../../../arm-none-eabi/lib/thumb/v7e-m+fp/hard/libnosys.a(_exit.o)
 .ARM.attributes
                0x0000000000000648       0x1e /home/efacec/var-mcuxpresso/gcc-arm-none-eabi-10.3-2021.10/bin/../lib/gcc/arm-none-eabi/10.3.1/thumb/v7e-m+fp/hard/crtn.o
                0x0000000000000001                ASSERT ((__StackLimit >= __HeapLimit), region m_data overflowed with stack and heap)
OUTPUT(flash_release/test_rpmsg_mu.elf elf32-littlearm)
LOAD linker stubs

.comment        0x0000000000000000       0x49
 .comment       0x0000000000000000       0x49 CMakeFiles/test_rpmsg_mu.elf.dir/home/efacec/nxp/SDK_2_14_0_EVK-MIMX8MP/boards/evkmimx8mp/multicore_examples/test_rpmsg_mu/main_remote.c.obj
                                         0x4a (size before relaxing)
 .comment       0x0000000000000049       0x4a CMakeFiles/test_rpmsg_mu.elf.dir/home/efacec/nxp/SDK_2_14_0_EVK-MIMX8MP/boards/evkmimx8mp/multicore_examples/test_rpmsg_mu/pin_mux.c.obj
 .comment       0x0000000000000049       0x4a CMakeFiles/test_rpmsg_mu.elf.dir/home/efacec/nxp/SDK_2_14_0_EVK-MIMX8MP/boards/evkmimx8mp/multicore_examples/test_rpmsg_mu/fsl_gpio.c.obj
 .comment       0x0000000000000049       0x4a CMakeFiles/test_rpmsg_mu.elf.dir/home/efacec/nxp/SDK_2_14_0_EVK-MIMX8MP/boards/evkmimx8mp/multicore_examples/test_rpmsg_mu/rsc_table.c.obj
 .comment       0x0000000000000049       0x4a CMakeFiles/test_rpmsg_mu.elf.dir/home/efacec/nxp/SDK_2_14_0_EVK-MIMX8MP/boards/evkmimx8mp/multicore_examples/test_rpmsg_mu/board.c.obj
 .comment       0x0000000000000049       0x4a CMakeFiles/test_rpmsg_mu.elf.dir/home/efacec/nxp/SDK_2_14_0_EVK-MIMX8MP/boards/evkmimx8mp/multicore_examples/test_rpmsg_mu/clock_config.c.obj
 .comment       0x0000000000000049       0x4a CMakeFiles/test_rpmsg_mu.elf.dir/home/efacec/nxp/SDK_2_14_0_EVK-MIMX8MP/components/uart/fsl_adapter_iuart.c.obj
 .comment       0x0000000000000049       0x4a CMakeFiles/test_rpmsg_mu.elf.dir/home/efacec/nxp/SDK_2_14_0_EVK-MIMX8MP/components/serial_manager/fsl_component_serial_manager.c.obj
 .comment       0x0000000000000049       0x4a CMakeFiles/test_rpmsg_mu.elf.dir/home/efacec/nxp/SDK_2_14_0_EVK-MIMX8MP/components/serial_manager/fsl_component_serial_port_uart.c.obj
 .comment       0x0000000000000049       0x4a CMakeFiles/test_rpmsg_mu.elf.dir/home/efacec/nxp/SDK_2_14_0_EVK-MIMX8MP/devices/MIMX8ML8/system_MIMX8ML8_cm7.c.obj
 .comment       0x0000000000000049       0x4a CMakeFiles/test_rpmsg_mu.elf.dir/home/efacec/nxp/SDK_2_14_0_EVK-MIMX8MP/devices/MIMX8ML8/drivers/fsl_audiomix.c.obj
 .comment       0x0000000000000049       0x4a CMakeFiles/test_rpmsg_mu.elf.dir/home/efacec/nxp/SDK_2_14_0_EVK-MIMX8MP/devices/MIMX8ML8/drivers/fsl_clock.c.obj
 .comment       0x0000000000000049       0x4a CMakeFiles/test_rpmsg_mu.elf.dir/home/efacec/nxp/SDK_2_14_0_EVK-MIMX8MP/devices/MIMX8ML8/drivers/fsl_uart.c.obj
 .comment       0x0000000000000049       0x4a CMakeFiles/test_rpmsg_mu.elf.dir/home/efacec/nxp/SDK_2_14_0_EVK-MIMX8MP/devices/MIMX8ML8/drivers/fsl_mu.c.obj
 .comment       0x0000000000000049       0x4a CMakeFiles/test_rpmsg_mu.elf.dir/home/efacec/nxp/SDK_2_14_0_EVK-MIMX8MP/devices/MIMX8ML8/drivers/fsl_rdc.c.obj
 .comment       0x0000000000000049       0x4a CMakeFiles/test_rpmsg_mu.elf.dir/home/efacec/nxp/SDK_2_14_0_EVK-MIMX8MP/rtos/freertos/freertos-kernel/tasks.c.obj
 .comment       0x0000000000000049       0x4a CMakeFiles/test_rpmsg_mu.elf.dir/home/efacec/nxp/SDK_2_14_0_EVK-MIMX8MP/rtos/freertos/freertos-kernel/portable/GCC/ARM_CM4F/port.c.obj
 .comment       0x0000000000000049       0x4a CMakeFiles/test_rpmsg_mu.elf.dir/home/efacec/nxp/SDK_2_14_0_EVK-MIMX8MP/middleware/multicore/rpmsg_lite/lib/rpmsg_lite/porting/platform/imx8mp_m7/rpmsg_platform.c.obj
 .comment       0x0000000000000049       0x4a CMakeFiles/test_rpmsg_mu.elf.dir/home/efacec/nxp/SDK_2_14_0_EVK-MIMX8MP/devices/MIMX8ML8/utilities/str/fsl_str.c.obj
 .comment       0x0000000000000049       0x4a CMakeFiles/test_rpmsg_mu.elf.dir/home/efacec/nxp/SDK_2_14_0_EVK-MIMX8MP/devices/MIMX8ML8/utilities/debug_console/fsl_debug_console.c.obj

.debug_frame    0x0000000000000000       0xf4
 .debug_frame   0x0000000000000000       0x28 /home/efacec/var-mcuxpresso/gcc-arm-none-eabi-10.3-2021.10/bin/../lib/gcc/arm-none-eabi/10.3.1/../../../../arm-none-eabi/lib/thumb/v7e-m+fp/hard/libc_nano.a(lib_a-exit.o)
 .debug_frame   0x0000000000000028       0x2c /home/efacec/var-mcuxpresso/gcc-arm-none-eabi-10.3-2021.10/bin/../lib/gcc/arm-none-eabi/10.3.1/../../../../arm-none-eabi/lib/thumb/v7e-m+fp/hard/libc_nano.a(lib_a-init.o)
 .debug_frame   0x0000000000000054       0x20 /home/efacec/var-mcuxpresso/gcc-arm-none-eabi-10.3-2021.10/bin/../lib/gcc/arm-none-eabi/10.3.1/../../../../arm-none-eabi/lib/thumb/v7e-m+fp/hard/libc_nano.a(lib_a-memset.o)
 .debug_frame   0x0000000000000074       0x2c /home/efacec/var-mcuxpresso/gcc-arm-none-eabi-10.3-2021.10/bin/../lib/gcc/arm-none-eabi/10.3.1/thumb/v7e-m+fp/hard/libgcc.a(_aeabi_uldivmod.o)
 .debug_frame   0x00000000000000a0       0x34 /home/efacec/var-mcuxpresso/gcc-arm-none-eabi-10.3-2021.10/bin/../lib/gcc/arm-none-eabi/10.3.1/thumb/v7e-m+fp/hard/libgcc.a(_udivmoddi4.o)
 .debug_frame   0x00000000000000d4       0x20 /home/efacec/var-mcuxpresso/gcc-arm-none-eabi-10.3-2021.10/bin/../lib/gcc/arm-none-eabi/10.3.1/../../../../arm-none-eabi/lib/thumb/v7e-m+fp/hard/libnosys.a(_exit.o)
