Archive member included to satisfy reference by file (symbol)

/home/efacec/var-mcuxpresso/gcc-arm-none-eabi-10.3-2021.10/bin/../lib/gcc/arm-none-eabi/10.3.1/../../../../arm-none-eabi/lib/thumb/v7e-m+fp/hard/libc_nano.a(lib_a-errno.o)
                              CMakeFiles/test_rpmsg_mu.elf.dir/home/efacec/nxp/SDK_2_14_0_EVK-MIMX8MP/devices/MIMX8ML8/utilities/fsl_sbrk.c.obj (__errno)
/home/efacec/var-mcuxpresso/gcc-arm-none-eabi-10.3-2021.10/bin/../lib/gcc/arm-none-eabi/10.3.1/../../../../arm-none-eabi/lib/thumb/v7e-m+fp/hard/libc_nano.a(lib_a-exit.o)
                              /home/efacec/var-mcuxpresso/gcc-arm-none-eabi-10.3-2021.10/bin/../lib/gcc/arm-none-eabi/10.3.1/../../../../arm-none-eabi/lib/thumb/v7e-m+fp/hard/crt0.o (exit)
/home/efacec/var-mcuxpresso/gcc-arm-none-eabi-10.3-2021.10/bin/../lib/gcc/arm-none-eabi/10.3.1/../../../../arm-none-eabi/lib/thumb/v7e-m+fp/hard/libc_nano.a(lib_a-impure.o)
                              /home/efacec/var-mcuxpresso/gcc-arm-none-eabi-10.3-2021.10/bin/../lib/gcc/arm-none-eabi/10.3.1/../../../../arm-none-eabi/lib/thumb/v7e-m+fp/hard/libc_nano.a(lib_a-exit.o) (_global_impure_ptr)
/home/efacec/var-mcuxpresso/gcc-arm-none-eabi-10.3-2021.10/bin/../lib/gcc/arm-none-eabi/10.3.1/../../../../arm-none-eabi/lib/thumb/v7e-m+fp/hard/libc_nano.a(lib_a-init.o)
                              /home/efacec/var-mcuxpresso/gcc-arm-none-eabi-10.3-2021.10/bin/../lib/gcc/arm-none-eabi/10.3.1/../../../../arm-none-eabi/lib/thumb/v7e-m+fp/hard/crt0.o (__libc_init_array)
/home/efacec/var-mcuxpresso/gcc-arm-none-eabi-10.3-2021.10/bin/../lib/gcc/arm-none-eabi/10.3.1/../../../../arm-none-eabi/lib/thumb/v7e-m+fp/hard/libc_nano.a(lib_a-malloc.o)
                              CMakeFiles/test_rpmsg_mu.elf.dir/home/efacec/nxp/SDK_2_14_0_EVK-MIMX8MP/devices/MIMX8ML8/drivers/fsl_common.c.obj (malloc)
/home/efacec/var-mcuxpresso/gcc-arm-none-eabi-10.3-2021.10/bin/../lib/gcc/arm-none-eabi/10.3.1/../../../../arm-none-eabi/lib/thumb/v7e-m+fp/hard/libc_nano.a(lib_a-memset.o)
                              /home/efacec/var-mcuxpresso/gcc-arm-none-eabi-10.3-2021.10/bin/../lib/gcc/arm-none-eabi/10.3.1/../../../../arm-none-eabi/lib/thumb/v7e-m+fp/hard/crt0.o (memset)
/home/efacec/var-mcuxpresso/gcc-arm-none-eabi-10.3-2021.10/bin/../lib/gcc/arm-none-eabi/10.3.1/../../../../arm-none-eabi/lib/thumb/v7e-m+fp/hard/libc_nano.a(lib_a-nano-freer.o)
                              /home/efacec/var-mcuxpresso/gcc-arm-none-eabi-10.3-2021.10/bin/../lib/gcc/arm-none-eabi/10.3.1/../../../../arm-none-eabi/lib/thumb/v7e-m+fp/hard/libc_nano.a(lib_a-malloc.o) (_free_r)
/home/efacec/var-mcuxpresso/gcc-arm-none-eabi-10.3-2021.10/bin/../lib/gcc/arm-none-eabi/10.3.1/../../../../arm-none-eabi/lib/thumb/v7e-m+fp/hard/libc_nano.a(lib_a-nano-mallocr.o)
                              /home/efacec/var-mcuxpresso/gcc-arm-none-eabi-10.3-2021.10/bin/../lib/gcc/arm-none-eabi/10.3.1/../../../../arm-none-eabi/lib/thumb/v7e-m+fp/hard/libc_nano.a(lib_a-malloc.o) (_malloc_r)
/home/efacec/var-mcuxpresso/gcc-arm-none-eabi-10.3-2021.10/bin/../lib/gcc/arm-none-eabi/10.3.1/../../../../arm-none-eabi/lib/thumb/v7e-m+fp/hard/libc_nano.a(lib_a-sbrkr.o)
                              /home/efacec/var-mcuxpresso/gcc-arm-none-eabi-10.3-2021.10/bin/../lib/gcc/arm-none-eabi/10.3.1/../../../../arm-none-eabi/lib/thumb/v7e-m+fp/hard/libc_nano.a(lib_a-nano-mallocr.o) (_sbrk_r)
/home/efacec/var-mcuxpresso/gcc-arm-none-eabi-10.3-2021.10/bin/../lib/gcc/arm-none-eabi/10.3.1/../../../../arm-none-eabi/lib/thumb/v7e-m+fp/hard/libc_nano.a(lib_a-strcmp.o)
                              CMakeFiles/test_rpmsg_mu.elf.dir/home/efacec/nxp/SDK_2_14_0_EVK-MIMX8MP/middleware/multicore/rpmsg_lite/lib/rpmsg_lite/porting/environment/rpmsg_env_freertos.c.obj (strcmp)
/home/efacec/var-mcuxpresso/gcc-arm-none-eabi-10.3-2021.10/bin/../lib/gcc/arm-none-eabi/10.3.1/../../../../arm-none-eabi/lib/thumb/v7e-m+fp/hard/libc_nano.a(lib_a-strlen.o)
                              CMakeFiles/test_rpmsg_mu.elf.dir/home/efacec/nxp/SDK_2_14_0_EVK-MIMX8MP/devices/MIMX8ML8/utilities/str/fsl_str.c.obj (strlen)
/home/efacec/var-mcuxpresso/gcc-arm-none-eabi-10.3-2021.10/bin/../lib/gcc/arm-none-eabi/10.3.1/../../../../arm-none-eabi/lib/thumb/v7e-m+fp/hard/libc_nano.a(lib_a-strncmp.o)
                              CMakeFiles/test_rpmsg_mu.elf.dir/home/efacec/nxp/SDK_2_14_0_EVK-MIMX8MP/middleware/multicore/rpmsg_lite/lib/rpmsg_lite/porting/environment/rpmsg_env_freertos.c.obj (strncmp)
/home/efacec/var-mcuxpresso/gcc-arm-none-eabi-10.3-2021.10/bin/../lib/gcc/arm-none-eabi/10.3.1/../../../../arm-none-eabi/lib/thumb/v7e-m+fp/hard/libc_nano.a(lib_a-strncpy.o)
                              CMakeFiles/test_rpmsg_mu.elf.dir/home/efacec/nxp/SDK_2_14_0_EVK-MIMX8MP/middleware/multicore/rpmsg_lite/lib/rpmsg_lite/porting/environment/rpmsg_env_freertos.c.obj (strncpy)
[...]
Memory Configuration

Name             Origin             Length             Attributes
m_interrupts     0x0000000000000000 0x0000000000000400 xr
m_text           0x0000000000000400 0x000000000001fc00 xr
m_data           0x0000000020000000 0x0000000000020000 rw
m_data2          0x0000000080000000 0x0000000001000000 rw
*default*        0x0000000000000000 0xffffffffffffffff

Linker script and memory map

LOAD /home/efacec/var-mcuxpresso/gcc-arm-none-eabi-10.3-2021.10/bin/../lib/gcc/arm-none-eabi/10.3.1/thumb/v7e-m+fp/hard/crti.o
LOAD /home/efacec/var-mcuxpresso/gcc-arm-none-eabi-10.3-2021.10/bin/../lib/gcc/arm-none-eabi/10.3.1/thumb/v7e-m+fp/hard/crtbegin.o
LOAD /home/efacec/var-mcuxpresso/gcc-arm-none-eabi-10.3-2021.10/bin/../lib/gcc/arm-none-eabi/10.3.1/../../../../arm-none-eabi/lib/thumb/v7e-m+fp/hard/crt0.o
                0x0000000000000400                __stack_size__ = 0x400
                0x0000000000000400                __heap_size__ = 0x400
LOAD CMakeFiles/test_rpmsg_mu.elf.dir/home/efacec/nxp/SDK_2_14_0_EVK-MIMX8MP/boards/evkmimx8mp/multicore_examples/test_rpmsg_mu/main_remote.c.obj
LOAD CMakeFiles/test_rpmsg_mu.elf.dir/home/efacec/nxp/SDK_2_14_0_EVK-MIMX8MP/boards/evkmimx8mp/multicore_examples/test_rpmsg_mu/pin_mux.c.obj
LOAD CMakeFiles/test_rpmsg_mu.elf.dir/home/efacec/nxp/SDK_2_14_0_EVK-MIMX8MP/boards/evkmimx8mp/multicore_examples/test_rpmsg_mu/fsl_gpio.c.obj
LOAD CMakeFiles/test_rpmsg_mu.elf.dir/home/efacec/nxp/SDK_2_14_0_EVK-MIMX8MP/boards/evkmimx8mp/multicore_examples/test_rpmsg_mu/rsc_table.c.obj
LOAD CMakeFiles/test_rpmsg_mu.elf.dir/home/efacec/nxp/SDK_2_14_0_EVK-MIMX8MP/boards/evkmimx8mp/multicore_examples/test_rpmsg_mu/board.c.obj
LOAD CMakeFiles/test_rpmsg_mu.elf.dir/home/efacec/nxp/SDK_2_14_0_EVK-MIMX8MP/boards/evkmimx8mp/multicore_examples/test_rpmsg_mu/clock_config.c.obj
LOAD CMakeFiles/test_rpmsg_mu.elf.dir/home/efacec/nxp/SDK_2_14_0_EVK-MIMX8MP/components/uart/fsl_adapter_iuart.c.obj
LOAD CMakeFiles/test_rpmsg_mu.elf.dir/home/efacec/nxp/SDK_2_14_0_EVK-MIMX8MP/components/lists/fsl_component_generic_list.c.obj
LOAD CMakeFiles/test_rpmsg_mu.elf.dir/home/efacec/nxp/SDK_2_14_0_EVK-MIMX8MP/components/serial_manager/fsl_component_serial_manager.c.obj
LOAD CMakeFiles/test_rpmsg_mu.elf.dir/home/efacec/nxp/SDK_2_14_0_EVK-MIMX8MP/components/serial_manager/fsl_component_serial_port_uart.c.obj
LOAD CMakeFiles/test_rpmsg_mu.elf.dir/home/efacec/nxp/SDK_2_14_0_EVK-MIMX8MP/devices/MIMX8ML8/gcc/startup_MIMX8ML8_cm7.S.obj
LOAD CMakeFiles/test_rpmsg_mu.elf.dir/home/efacec/nxp/SDK_2_14_0_EVK-MIMX8MP/devices/MIMX8ML8/system_MIMX8ML8_cm7.c.obj
LOAD CMakeFiles/test_rpmsg_mu.elf.dir/home/efacec/nxp/SDK_2_14_0_EVK-MIMX8MP/devices/MIMX8ML8/drivers/fsl_audiomix.c.obj
LOAD CMakeFiles/test_rpmsg_mu.elf.dir/home/efacec/nxp/SDK_2_14_0_EVK-MIMX8MP/devices/MIMX8ML8/drivers/fsl_clock.c.obj
LOAD CMakeFiles/test_rpmsg_mu.elf.dir/home/efacec/nxp/SDK_2_14_0_EVK-MIMX8MP/devices/MIMX8ML8/drivers/fsl_common.c.obj
LOAD CMakeFiles/test_rpmsg_mu.elf.dir/home/efacec/nxp/SDK_2_14_0_EVK-MIMX8MP/devices/MIMX8ML8/drivers/fsl_common_arm.c.obj
LOAD CMakeFiles/test_rpmsg_mu.elf.dir/home/efacec/nxp/SDK_2_14_0_EVK-MIMX8MP/devices/MIMX8ML8/drivers/fsl_uart.c.obj
LOAD CMakeFiles/test_rpmsg_mu.elf.dir/home/efacec/nxp/SDK_2_14_0_EVK-MIMX8MP/devices/MIMX8ML8/drivers/fsl_mu.c.obj
LOAD CMakeFiles/test_rpmsg_mu.elf.dir/home/efacec/nxp/SDK_2_14_0_EVK-MIMX8MP/devices/MIMX8ML8/drivers/fsl_rdc.c.obj
LOAD CMakeFiles/test_rpmsg_mu.elf.dir/home/efacec/nxp/SDK_2_14_0_EVK-MIMX8MP/rtos/freertos/freertos-kernel/croutine.c.obj
LOAD CMakeFiles/test_rpmsg_mu.elf.dir/home/efacec/nxp/SDK_2_14_0_EVK-MIMX8MP/rtos/freertos/freertos-kernel/event_groups.c.obj
LOAD CMakeFiles/test_rpmsg_mu.elf.dir/home/efacec/nxp/SDK_2_14_0_EVK-MIMX8MP/rtos/freertos/freertos-kernel/list.c.obj
LOAD CMakeFiles/test_rpmsg_mu.elf.dir/home/efacec/nxp/SDK_2_14_0_EVK-MIMX8MP/rtos/freertos/freertos-kernel/queue.c.obj
LOAD CMakeFiles/test_rpmsg_mu.elf.dir/home/efacec/nxp/SDK_2_14_0_EVK-MIMX8MP/rtos/freertos/freertos-kernel/stream_buffer.c.obj
LOAD CMakeFiles/test_rpmsg_mu.elf.dir/home/efacec/nxp/SDK_2_14_0_EVK-MIMX8MP/rtos/freertos/freertos-kernel/tasks.c.obj
LOAD CMakeFiles/test_rpmsg_mu.elf.dir/home/efacec/nxp/SDK_2_14_0_EVK-MIMX8MP/rtos/freertos/freertos-kernel/timers.c.obj
LOAD CMakeFiles/test_rpmsg_mu.elf.dir/home/efacec/nxp/SDK_2_14_0_EVK-MIMX8MP/rtos/freertos/freertos-kernel/portable/GCC/ARM_CM4F/port.c.obj
LOAD CMakeFiles/test_rpmsg_mu.elf.dir/home/efacec/nxp/SDK_2_14_0_EVK-MIMX8MP/rtos/freertos/freertos-kernel/portable/MemMang/heap_4.c.obj
LOAD CMakeFiles/test_rpmsg_mu.elf.dir/home/efacec/nxp/SDK_2_14_0_EVK-MIMX8MP/middleware/multicore/rpmsg_lite/lib/common/llist.c.obj
LOAD CMakeFiles/test_rpmsg_mu.elf.dir/home/efacec/nxp/SDK_2_14_0_EVK-MIMX8MP/middleware/multicore/rpmsg_lite/lib/rpmsg_lite/rpmsg_lite.c.obj
LOAD CMakeFiles/test_rpmsg_mu.elf.dir/home/efacec/nxp/SDK_2_14_0_EVK-MIMX8MP/middleware/multicore/rpmsg_lite/lib/rpmsg_lite/rpmsg_ns.c.obj
LOAD CMakeFiles/test_rpmsg_mu.elf.dir/home/efacec/nxp/SDK_2_14_0_EVK-MIMX8MP/middleware/multicore/rpmsg_lite/lib/virtio/virtqueue.c.obj
LOAD CMakeFiles/test_rpmsg_mu.elf.dir/home/efacec/nxp/SDK_2_14_0_EVK-MIMX8MP/middleware/multicore/rpmsg_lite/lib/rpmsg_lite/porting/environment/rpmsg_env_freertos.c.obj
LOAD CMakeFiles/test_rpmsg_mu.elf.dir/home/efacec/nxp/SDK_2_14_0_EVK-MIMX8MP/middleware/multicore/rpmsg_lite/lib/rpmsg_lite/rpmsg_queue.c.obj
LOAD CMakeFiles/test_rpmsg_mu.elf.dir/home/efacec/nxp/SDK_2_14_0_EVK-MIMX8MP/middleware/multicore/rpmsg_lite/lib/rpmsg_lite/porting/platform/imx8mp_m7/rpmsg_platform.c.obj
LOAD CMakeFiles/test_rpmsg_mu.elf.dir/home/efacec/nxp/SDK_2_14_0_EVK-MIMX8MP/devices/MIMX8ML8/utilities/fsl_sbrk.c.obj
LOAD CMakeFiles/test_rpmsg_mu.elf.dir/home/efacec/nxp/SDK_2_14_0_EVK-MIMX8MP/devices/MIMX8ML8/utilities/fsl_syscall_stub.c.obj
LOAD CMakeFiles/test_rpmsg_mu.elf.dir/home/efacec/nxp/SDK_2_14_0_EVK-MIMX8MP/devices/MIMX8ML8/utilities/fsl_memcpy.S.obj
LOAD CMakeFiles/test_rpmsg_mu.elf.dir/home/efacec/nxp/SDK_2_14_0_EVK-MIMX8MP/devices/MIMX8ML8/utilities/fsl_assert.c.obj
LOAD CMakeFiles/test_rpmsg_mu.elf.dir/home/efacec/nxp/SDK_2_14_0_EVK-MIMX8MP/devices/MIMX8ML8/utilities/str/fsl_str.c.obj
LOAD CMakeFiles/test_rpmsg_mu.elf.dir/home/efacec/nxp/SDK_2_14_0_EVK-MIMX8MP/devices/MIMX8ML8/utilities/debug_console/fsl_debug_console.c.obj
START GROUP
LOAD /home/efacec/var-mcuxpresso/gcc-arm-none-eabi-10.3-2021.10/bin/../lib/gcc/arm-none-eabi/10.3.1/../../../../arm-none-eabi/lib/thumb/v7e-m+fp/hard/libm.a
LOAD /home/efacec/var-mcuxpresso/gcc-arm-none-eabi-10.3-2021.10/bin/../lib/gcc/arm-none-eabi/10.3.1/../../../../arm-none-eabi/lib/thumb/v7e-m+fp/hard/libc_nano.a
LOAD /home/efacec/var-mcuxpresso/gcc-arm-none-eabi-10.3-2021.10/bin/../lib/gcc/arm-none-eabi/10.3.1/thumb/v7e-m+fp/hard/libgcc.a
LOAD /home/efacec/var-mcuxpresso/gcc-arm-none-eabi-10.3-2021.10/bin/../lib/gcc/arm-none-eabi/10.3.1/../../../../arm-none-eabi/lib/thumb/v7e-m+fp/hard/libnosys.a
END GROUP
START GROUP
LOAD /home/efacec/var-mcuxpresso/gcc-arm-none-eabi-10.3-2021.10/bin/../lib/gcc/arm-none-eabi/10.3.1/thumb/v7e-m+fp/hard/libgcc.a
LOAD /home/efacec/var-mcuxpresso/gcc-arm-none-eabi-10.3-2021.10/bin/../lib/gcc/arm-none-eabi/10.3.1/../../../../arm-none-eabi/lib/thumb/v7e-m+fp/hard/libc_nano.a
END GROUP
START GROUP
LOAD /home/efacec/var-mcuxpresso/gcc-arm-none-eabi-10.3-2021.10/bin/../lib/gcc/arm-none-eabi/10.3.1/thumb/v7e-m+fp/hard/libgcc.a
LOAD /home/efacec/var-mcuxpresso/gcc-arm-none-eabi-10.3-2021.10/bin/../lib/gcc/arm-none-eabi/10.3.1/../../../../arm-none-eabi/lib/thumb/v7e-m+fp/hard/libc_nano.a
LOAD /home/efacec/var-mcuxpresso/gcc-arm-none-eabi-10.3-2021.10/bin/../lib/gcc/arm-none-eabi/10.3.1/../../../../arm-none-eabi/lib/thumb/v7e-m+fp/hard/libnosys.a
END GROUP
START GROUP
LOAD /home/efacec/var-mcuxpresso/gcc-arm-none-eabi-10.3-2021.10/bin/../lib/gcc/arm-none-eabi/10.3.1/thumb/v7e-m+fp/hard/libgcc.a
LOAD /home/efacec/var-mcuxpresso/gcc-arm-none-eabi-10.3-2021.10/bin/../lib/gcc/arm-none-eabi/10.3.1/../../../../arm-none-eabi/lib/thumb/v7e-m+fp/hard/libc_nano.a
LOAD /home/efacec/var-mcuxpresso/gcc-arm-none-eabi-10.3-2021.10/bin/../lib/gcc/arm-none-eabi/10.3.1/../../../../arm-none-eabi/lib/thumb/v7e-m+fp/hard/libnosys.a
END GROUP
LOAD /home/efacec/var-mcuxpresso/gcc-arm-none-eabi-10.3-2021.10/bin/../lib/gcc/arm-none-eabi/10.3.1/thumb/v7e-m+fp/hard/crtend.o
LOAD /home/efacec/var-mcuxpresso/gcc-arm-none-eabi-10.3-2021.10/bin/../lib/gcc/arm-none-eabi/10.3.1/thumb/v7e-m+fp/hard/crtn.o
                0x0000000000000400                HEAP_SIZE = DEFINED (__heap_size__)?__heap_size__:0x400
                0x0000000000000400                STACK_SIZE = DEFINED (__stack_size__)?__stack_size__:0x400

.interrupts     0x0000000000000000      0x2a8
                0x0000000000000000                __VECTOR_TABLE = .
                0x0000000000000000                __Vectors = .
                0x0000000000000000                . = ALIGN (0x4)
 *(.isr_vector)
 .isr_vector    0x0000000000000000      0x2a8 CMakeFiles/test_rpmsg_mu.elf.dir/home/efacec/nxp/SDK_2_14_0_EVK-MIMX8MP/devices/MIMX8ML8/gcc/startup_MIMX8ML8_cm7.S.obj
                0x0000000000000000                __isr_vector
                0x00000000000002a8                . = ALIGN (0x4)

.resource_table
                0x0000000000000400       0x58
                0x0000000000000400                . = ALIGN (0x8)
 *(.resource_table)
 .resource_table
                0x0000000000000400       0x58 CMakeFiles/test_rpmsg_mu.elf.dir/home/efacec/nxp/SDK_2_14_0_EVK-MIMX8MP/boards/evkmimx8mp/multicore_examples/test_rpmsg_mu/rsc_table.c.obj
                0x0000000000000400                resources
                0x0000000000000458                . = ALIGN (0x8)

.text           0x0000000000000460     0x41a4
                0x0000000000000460                . = ALIGN (0x4)
 *(.text)
 .text          0x0000000000000460       0x40 /home/efacec/var-mcuxpresso/gcc-arm-none-eabi-10.3-2021.10/bin/../lib/gcc/arm-none-eabi/10.3.1/thumb/v7e-m+fp/hard/crtbegin.o
 .text          0x00000000000004a0       0x7c /home/efacec/var-mcuxpresso/gcc-arm-none-eabi-10.3-2021.10/bin/../lib/gcc/arm-none-eabi/10.3.1/../../../../arm-none-eabi/lib/thumb/v7e-m+fp/hard/crt0.o
                0x00000000000004a0                _stack_init
                0x00000000000004a8                _mainCRTStartup
                0x00000000000004a8                _start
 .text          0x000000000000051c      0x588 CMakeFiles/test_rpmsg_mu.elf.dir/home/efacec/nxp/SDK_2_14_0_EVK-MIMX8MP/devices/MIMX8ML8/gcc/startup_MIMX8ML8_cm7.S.obj
                0x000000000000051c                Reset_Handler
                0x00000000000005a8                VPU_G2_DriverIRQHandler
                0x00000000000005a8                PWM2_DriverIRQHandler
                0x00000000000005a8                CAAM_ERROR_DriverIRQHandler
                0x00000000000005a8                DebugMon_Handler
                0x00000000000005a8                EDMA1_0_15_DriverIRQHandler
                0x00000000000005a8                CPU_Error_AXI_DriverIRQHandler
                0x00000000000005a8                BCH_DriverIRQHandler
                0x00000000000005a8                VPU_G1_DriverIRQHandler
                0x00000000000005a8                SNVS_Consolidated_DriverIRQHandler
                0x00000000000005a8                MIPI_CSI1_DriverIRQHandler
                0x00000000000005a8                MECC_ERR_DriverIRQHandler
                0x00000000000005a8                PWM4_DriverIRQHandler
                0x00000000000005a8                LCDIF1_DriverIRQHandler
                0x00000000000005a8                RDC_DriverIRQHandler
                0x00000000000005a8                GPIO3_Combined_0_15_DriverIRQHandler
                0x00000000000005a8                USB2_WAKEUP_DriverIRQHandler
                0x00000000000005a8                DDR_ERR_DriverIRQHandler
                0x00000000000005a8                I2S2_DriverIRQHandler
                0x00000000000005a8                I2C3_DriverIRQHandler
                0x00000000000005a8                HS_CP0_DriverIRQHandler
                0x00000000000005a8                GPMI_DriverIRQHandler
                0x00000000000005a8                MU3_AUDIO_DriverIRQHandler
                0x00000000000005a8                ISI_DriverIRQHandler
                0x00000000000005a8                I2C2_DriverIRQHandler
                0x00000000000005a8                ENET_QOS_PMT_DriverIRQHandler
                0x00000000000005a8                MIPI_CSI2_DriverIRQHandler
                0x00000000000005a8                GPIO2_Combined_16_31_DriverIRQHandler
                0x00000000000005a8                PERFMON1_DriverIRQHandler
                0x00000000000005a8                UsageFault_Handler
                0x00000000000005a8                SCTR_IRQ0_DriverIRQHandler
                0x00000000000005a8                CAAM_IRQ0_DriverIRQHandler
                0x00000000000005a8                DDR_PerformanceMonitor_DriverIRQHandler
                0x00000000000005a8                DefaultISR
                0x00000000000005a8                CPU_PerformanceUnit_DriverIRQHandler
                0x00000000000005a8                CAN_FD1_DriverIRQHandler
                0x00000000000005a8                CPU_Error_L2RAM_DriverIRQHandler
                0x00000000000005a8                I2S3_DriverIRQHandler
                0x00000000000005a8                SDMA2_DriverIRQHandler
                0x00000000000005a8                SRC_DriverIRQHandler
                0x00000000000005a8                GPIO1_INT4_DriverIRQHandler
                0x00000000000005a8                HS_CP1_DriverIRQHandler
                0x00000000000005a8                USDHC1_DriverIRQHandler
                0x00000000000005a8                ECSPI3_DriverIRQHandler
                0x00000000000005a8                WDOG1_DriverIRQHandler
                0x00000000000005a8                SDMA1_DriverIRQHandler
                0x00000000000005a8                ECSPI2_DriverIRQHandler
                0x00000000000005a8                GPIO1_Combined_16_31_DriverIRQHandler
                0x00000000000005a8                GPIO1_INT7_DriverIRQHandler
                0x00000000000005a8                MIPI_DSI_DriverIRQHandler
                0x00000000000005a8                TZASC_DriverIRQHandler
                0x00000000000005a8                GPIO5_Combined_0_15_DriverIRQHandler
                0x00000000000005a8                GPIO1_INT0_DriverIRQHandler
                0x00000000000005a8                GPIO1_INT2_DriverIRQHandler
                0x00000000000005a8                GPU2D_DriverIRQHandler
                0x00000000000005a8                RTIC_DriverIRQHandler
                0x00000000000005a8                CAN_FD1_ERROR_DriverIRQHandler
                0x00000000000005a8                EDMA1_ERR_DriverIRQHandler
                0x00000000000005a8                GPT2_DriverIRQHandler
                0x00000000000005a8                SCTR_IRQ1_DriverIRQHandler
                0x00000000000005a8                VPU_DriverIRQHandler
                0x00000000000005a8                I2S1_DriverIRQHandler
                0x00000000000005a8                SNVS_Security_DriverIRQHandler
                0x00000000000005a8                I2S7_DriverIRQHandler
                0x00000000000005a8                AUD2HTX_DriverIRQHandler
                0x00000000000005a8                PCIE_EDMA_DriverIRQHandler
                0x00000000000005a8                PDM_ERROR_DriverIRQHandler
                0x00000000000005a8                I2S56_DriverIRQHandler
                0x00000000000005a8                ML_DriverIRQHandler
                0x00000000000005a8                SJC_DriverIRQHandler
                0x00000000000005a8                CAAM_IRQ1_DriverIRQHandler
                0x00000000000005a8                PCIE_CTRL1_2_DriverIRQHandler
                0x00000000000005a8                PERFMON2_DriverIRQHandler
                0x00000000000005a8                GPT6_DriverIRQHandler
                0x00000000000005a8                EDMA1_16_31_DriverIRQHandler
                0x00000000000005a8                GPT5_DriverIRQHandler
                0x00000000000005a8                DDR_DriverIRQHandler
                0x00000000000005a8                GPT1_DriverIRQHandler
                0x00000000000005a8                CAAM_IRQ2_DriverIRQHandler
                0x00000000000005a8                SNVS_DriverIRQHandler
                0x00000000000005a8                CSU_DriverIRQHandler
                0x00000000000005a8                USDHC3_DriverIRQHandler
                0x00000000000005a8                GPIO1_INT5_DriverIRQHandler
                0x00000000000005a8                QOS_DriverIRQHandler
                0x00000000000005a8                HDMI_TX_DriverIRQHandler
                0x00000000000005a8                FlexSPI_DriverIRQHandler
                0x00000000000005a8                DEWARP_DriverIRQHandler
                0x00000000000005a8                GPIO1_Combined_0_15_DriverIRQHandler
                0x00000000000005a8                USDHC2_DriverIRQHandler
                0x00000000000005a8                WDOG3_DriverIRQHandler
                0x00000000000005a8                MemManage_Handler
                0x00000000000005a8                USB1_WAKEUP_DriverIRQHandler
                0x00000000000005a8                PDM_EVENT_DriverIRQHandler
                0x00000000000005a8                I2C4_DriverIRQHandler
                0x00000000000005a8                USB1_DriverIRQHandler
                0x00000000000005a8                GPIO3_Combined_16_31_DriverIRQHandler
                0x00000000000005a8                AUDIO_XCVR1_DriverIRQHandler
                0x00000000000005a8                PWM1_DriverIRQHandler
                0x00000000000005a8                MU3_M7_DriverIRQHandler
                0x00000000000005a8                PCIE_CTRL1_3_DriverIRQHandler
                0x00000000000005a8                GPT4_DriverIRQHandler
                0x00000000000005a8                MU2_A53_DriverIRQHandler
                0x00000000000005a8                I2C1_DriverIRQHandler
                0x00000000000005a8                AUDIO_XCVR_DriverIRQHandler
                0x00000000000005a8                SDMA3_DriverIRQHandler
                0x00000000000005a8                CM7_CTI_DriverIRQHandler
                0x00000000000005a8                ECSPI1_DriverIRQHandler
                0x00000000000005a8                DAP_DriverIRQHandler
                0x00000000000005a8                Reserved16_DriverIRQHandler
                0x00000000000005a8                ENET_QOS_DriverIRQHandler
                0x00000000000005a8                I2C6_DriverIRQHandler
                0x00000000000005a8                ENET1_DriverIRQHandler
                0x00000000000005a8                ISP2_DriverIRQHandler
                0x00000000000005a8                GPIO1_INT3_DriverIRQHandler
                0x00000000000005a8                MECC_DriverIRQHandler
                0x00000000000005a8                MECC_S_DriverIRQHandler
                0x00000000000005a8                PCIE_CTRL1_1_DriverIRQHandler
                0x00000000000005a8                APBHDMA_DriverIRQHandler
                0x00000000000005a8                ENET1_MAC0_Rx_Tx_Done1_DriverIRQHandler
                0x00000000000005a8                GPC_DriverIRQHandler
                0x00000000000005a8                GPIO2_Combined_0_15_DriverIRQHandler
                0x00000000000005a8                GPT3_DriverIRQHandler
                0x00000000000005a8                CAN_FD2_DriverIRQHandler
                0x00000000000005a8                CCM_IRQ2_DriverIRQHandler
                0x00000000000005a8                PCIE_CTRL1_0_DriverIRQHandler
                0x00000000000005a8                LCDIF2_DriverIRQHandler
                0x00000000000005a8                WDOG2_DriverIRQHandler
                0x00000000000005a8                ANAMIX_DriverIRQHandler
                0x00000000000005a8                MECC_S_ERR_DriverIRQHandler
                0x00000000000005a8                USB2_DriverIRQHandler
                0x00000000000005a8                GPIO4_Combined_0_15_DriverIRQHandler
                0x00000000000005a8                I2C5_DriverIRQHandler
                0x00000000000005a8                GPIO4_Combined_16_31_DriverIRQHandler
                0x00000000000005a8                ISP1_DriverIRQHandler
                0x00000000000005a8                GPIO5_Combined_16_31_DriverIRQHandler
                0x00000000000005a8                PCIE_CTRL1_ERR_DriverIRQHandler
                0x00000000000005a8                ASRC_DriverIRQHandler
                0x00000000000005a8                CAN_FD2_ERROR_DriverIRQHandler
                0x00000000000005a8                BusFault_Handler
                0x00000000000005a8                ENET1_1588_Timer_DriverIRQHandler
                0x00000000000005a8                GPU3D_DriverIRQHandler
                0x00000000000005a8                PDM_HWVAD_ERROR_DriverIRQHandler
                0x00000000000005a8                PCIE_CTRL1_DriverIRQHandler
                0x00000000000005a8                CCM_IRQ1_DriverIRQHandler
                0x00000000000005a8                ENET1_MAC0_Rx_Tx_Done2_DriverIRQHandler
                0x00000000000005a8                CPU_CTI_Trigger_DriverIRQHandler
                0x00000000000005a8                PDM_HWVAD_EVENT_DriverIRQHandler
                0x00000000000005a8                MU1_M7_DriverIRQHandler
                0x00000000000005a8                MU2_AUDIO_DriverIRQHandler
                0x00000000000005a8                PWM3_DriverIRQHandler
                0x00000000000005a8                AUDIO_XCVR0_DriverIRQHandler
                0x00000000000005a8                GPIO1_INT6_DriverIRQHandler
                0x00000000000005a8                GPIO1_INT1_DriverIRQHandler
                0x00000000000005a8                ISI_CH1_DriverIRQHandler
                0x00000000000005a8                SRC_Combined_DriverIRQHandler
                0x00000000000005a8                MU1_A53_DriverIRQHandler
                0x00000000000005ac                NMI_Handler
                0x00000000000005b0                HardFault_Handler
                0x00000000000005c0                Reserved16_IRQHandler
                0x00000000000005c4                DAP_IRQHandler
                0x00000000000005c8                SDMA1_IRQHandler
                0x00000000000005cc                GPU3D_IRQHandler
                0x00000000000005d0                SNVS_IRQHandler
                0x00000000000005d4                LCDIF1_IRQHandler
                0x00000000000005d8                LCDIF2_IRQHandler
                0x00000000000005dc                VPU_G1_IRQHandler
                0x00000000000005e0                VPU_G2_IRQHandler
                0x00000000000005e4                QOS_IRQHandler
                0x00000000000005e8                WDOG3_IRQHandler
                0x00000000000005ec                HS_CP1_IRQHandler
                0x00000000000005f0                APBHDMA_IRQHandler
                0x00000000000005f4                ML_IRQHandler
                0x00000000000005f8                BCH_IRQHandler
                0x00000000000005fc                GPMI_IRQHandler
                0x0000000000000600                ISI_IRQHandler
                0x0000000000000604                MIPI_CSI1_IRQHandler
                0x0000000000000608                MIPI_DSI_IRQHandler
                0x000000000000060c                SNVS_Consolidated_IRQHandler
                0x0000000000000610                SNVS_Security_IRQHandler
                0x0000000000000614                CSU_IRQHandler
                0x0000000000000618                USDHC1_IRQHandler
                0x000000000000061c                USDHC2_IRQHandler
                0x0000000000000620                USDHC3_IRQHandler
                0x0000000000000624                GPU2D_IRQHandler
                0x0000000000000628                UART1_IRQHandler
                0x000000000000062c                UART2_IRQHandler
                0x0000000000000630                UART3_IRQHandler
                0x0000000000000634                UART4_IRQHandler
                0x0000000000000638                VPU_IRQHandler
                0x000000000000063c                ECSPI1_IRQHandler
                0x0000000000000640                ECSPI2_IRQHandler
                0x0000000000000644                ECSPI3_IRQHandler
                0x0000000000000648                SDMA3_IRQHandler
                0x000000000000064c                I2C1_IRQHandler
                0x0000000000000650                I2C2_IRQHandler
                0x0000000000000654                I2C3_IRQHandler
                0x0000000000000658                I2C4_IRQHandler
                0x000000000000065c                RDC_IRQHandler
                0x0000000000000660                USB1_IRQHandler
                0x0000000000000664                USB2_IRQHandler
                0x0000000000000668                ISI_CH1_IRQHandler
                0x000000000000066c                HDMI_TX_IRQHandler
                0x0000000000000670                PDM_HWVAD_EVENT_IRQHandler
                0x0000000000000674                PDM_HWVAD_ERROR_IRQHandler
                0x0000000000000678                GPT6_IRQHandler
                0x000000000000067c                SCTR_IRQ0_IRQHandler
                0x0000000000000680                SCTR_IRQ1_IRQHandler
                0x0000000000000684                ANAMIX_IRQHandler
                0x0000000000000688                I2S3_IRQHandler
                0x000000000000068c                GPT5_IRQHandler
                0x0000000000000690                GPT4_IRQHandler
                0x0000000000000694                GPT3_IRQHandler
                0x0000000000000698                GPT2_IRQHandler
                0x000000000000069c                GPT1_IRQHandler
                0x00000000000006a0                GPIO1_INT7_IRQHandler
                0x00000000000006a4                GPIO1_INT6_IRQHandler
                0x00000000000006a8                GPIO1_INT5_IRQHandler
                0x00000000000006ac                GPIO1_INT4_IRQHandler
                0x00000000000006b0                GPIO1_INT3_IRQHandler
                0x00000000000006b4                GPIO1_INT2_IRQHandler
                0x00000000000006b8                GPIO1_INT1_IRQHandler
                0x00000000000006bc                GPIO1_INT0_IRQHandler
                0x00000000000006c0                GPIO1_Combined_0_15_IRQHandler
                0x00000000000006c4                GPIO1_Combined_16_31_IRQHandler
                0x00000000000006c8                GPIO2_Combined_0_15_IRQHandler
                0x00000000000006cc                GPIO2_Combined_16_31_IRQHandler
                0x00000000000006d0                GPIO3_Combined_0_15_IRQHandler
                0x00000000000006d4                GPIO3_Combined_16_31_IRQHandler
                0x00000000000006d8                GPIO4_Combined_0_15_IRQHandler
                0x00000000000006dc                GPIO4_Combined_16_31_IRQHandler
                0x00000000000006e0                GPIO5_Combined_0_15_IRQHandler
                0x00000000000006e4                GPIO5_Combined_16_31_IRQHandler
                0x00000000000006e8                ISP1_IRQHandler
                0x00000000000006ec                ISP2_IRQHandler
                0x00000000000006f0                I2C5_IRQHandler
                0x00000000000006f4                I2C6_IRQHandler
                0x00000000000006f8                WDOG1_IRQHandler
                0x00000000000006fc                WDOG2_IRQHandler
                0x0000000000000700                MIPI_CSI2_IRQHandler
                0x0000000000000704                PWM1_IRQHandler
                0x0000000000000708                PWM2_IRQHandler
                0x000000000000070c                PWM3_IRQHandler
                0x0000000000000710                PWM4_IRQHandler
                0x0000000000000714                CCM_IRQ1_IRQHandler
                0x0000000000000718                CCM_IRQ2_IRQHandler
                0x000000000000071c                GPC_IRQHandler
                0x0000000000000720                MU1_A53_IRQHandler
                0x0000000000000724                SRC_IRQHandler
                0x0000000000000728                I2S56_IRQHandler
                0x000000000000072c                RTIC_IRQHandler
                0x0000000000000730                CPU_PerformanceUnit_IRQHandler
                0x0000000000000734                CPU_CTI_Trigger_IRQHandler
                0x0000000000000738                SRC_Combined_IRQHandler
                0x000000000000073c                I2S1_IRQHandler
                0x0000000000000740                I2S2_IRQHandler
                0x0000000000000748                DDR_PerformanceMonitor_IRQHandler
                0x000000000000074c                DDR_IRQHandler
                0x0000000000000750                DEWARP_IRQHandler
                0x0000000000000754                CPU_Error_AXI_IRQHandler
                0x0000000000000758                CPU_Error_L2RAM_IRQHandler
                0x000000000000075c                SDMA2_IRQHandler
                0x0000000000000760                SJC_IRQHandler
                0x0000000000000764                CAAM_IRQ0_IRQHandler
                0x0000000000000768                CAAM_IRQ1_IRQHandler
                0x000000000000076c                FlexSPI_IRQHandler
                0x0000000000000770                TZASC_IRQHandler
                0x0000000000000774                PDM_EVENT_IRQHandler
                0x0000000000000778                PDM_ERROR_IRQHandler
                0x000000000000077c                I2S7_IRQHandler
                0x0000000000000780                PERFMON1_IRQHandler
                0x0000000000000784                PERFMON2_IRQHandler
                0x0000000000000788                CAAM_IRQ2_IRQHandler
                0x000000000000078c                CAAM_ERROR_IRQHandler
                0x0000000000000790                HS_CP0_IRQHandler
                0x0000000000000794                CM7_CTI_IRQHandler
                0x0000000000000798                ENET1_MAC0_Rx_Tx_Done1_IRQHandler
                0x000000000000079c                ENET1_MAC0_Rx_Tx_Done2_IRQHandler
                0x00000000000007a0                ENET1_IRQHandler
                0x00000000000007a4                ENET1_1588_Timer_IRQHandler
                0x00000000000007a8                ASRC_IRQHandler
                0x00000000000007ac                PCIE_CTRL1_0_IRQHandler
                0x00000000000007b0                PCIE_CTRL1_1_IRQHandler
                0x00000000000007b4                PCIE_CTRL1_2_IRQHandler
                0x00000000000007b8                PCIE_CTRL1_3_IRQHandler
                0x00000000000007bc                PCIE_EDMA_IRQHandler
                0x00000000000007c0                AUDIO_XCVR0_IRQHandler
                0x00000000000007c4                AUDIO_XCVR1_IRQHandler
                0x00000000000007c8                AUD2HTX_IRQHandler
                0x00000000000007cc                EDMA1_ERR_IRQHandler
                0x00000000000007d0                EDMA1_0_15_IRQHandler
                0x00000000000007d4                EDMA1_16_31_IRQHandler
                0x00000000000007d8                ENET_QOS_PMT_IRQHandler
                0x00000000000007dc                ENET_QOS_IRQHandler
                0x00000000000007e0                MU2_A53_IRQHandler
                0x00000000000007e4                MU2_AUDIO_IRQHandler
                0x00000000000007e8                MU3_M7_IRQHandler
                0x00000000000007ec                MU3_AUDIO_IRQHandler
                0x00000000000007f0                PCIE_CTRL1_IRQHandler
                0x00000000000007f4                PCIE_CTRL1_ERR_IRQHandler
                0x00000000000007f8                CAN_FD1_IRQHandler
                0x00000000000007fc                CAN_FD1_ERROR_IRQHandler
                0x0000000000000800                CAN_FD2_IRQHandler
                0x0000000000000804                CAN_FD2_ERROR_IRQHandler
                0x0000000000000808                AUDIO_XCVR_IRQHandler
                0x000000000000080c                DDR_ERR_IRQHandler
                0x0000000000000810                USB1_WAKEUP_IRQHandler
                0x0000000000000814                USB2_WAKEUP_IRQHandler
                0x0000000000000818                MECC_IRQHandler
                0x000000000000081c                MECC_ERR_IRQHandler
                0x0000000000000820                MECC_S_IRQHandler
                0x0000000000000824                MECC_S_ERR_IRQHandler
 .text          0x0000000000000aa4       0xa0 CMakeFiles/test_rpmsg_mu.elf.dir/home/efacec/nxp/SDK_2_14_0_EVK-MIMX8MP/devices/MIMX8ML8/utilities/fsl_memcpy.S.obj
                0x0000000000000aa4                memcpy
 .text          0x0000000000000b44       0x10 /home/efacec/var-mcuxpresso/gcc-arm-none-eabi-10.3-2021.10/bin/../lib/gcc/arm-none-eabi/10.3.1/../../../../arm-none-eabi/lib/thumb/v7e-m+fp/hard/libc_nano.a(lib_a-strlen.o)
                0x0000000000000b44                strlen
 .text          0x0000000000000b54       0x30 /home/efacec/var-mcuxpresso/gcc-arm-none-eabi-10.3-2021.10/bin/../lib/gcc/arm-none-eabi/10.3.1/thumb/v7e-m+fp/hard/libgcc.a(_aeabi_uldivmod.o)
                0x0000000000000b54                __aeabi_uldivmod
 .text          0x0000000000000b84      0x2d0 /home/efacec/var-mcuxpresso/gcc-arm-none-eabi-10.3-2021.10/bin/../lib/gcc/arm-none-eabi/10.3.1/thumb/v7e-m+fp/hard/libgcc.a(_udivmoddi4.o)
                0x0000000000000b84                __udivmoddi4
 .text          0x0000000000000e54        0x4 /home/efacec/var-mcuxpresso/gcc-arm-none-eabi-10.3-2021.10/bin/../lib/gcc/arm-none-eabi/10.3.1/thumb/v7e-m+fp/hard/libgcc.a(_dvmd_tls.o)
                0x0000000000000e54                __aeabi_ldiv0
                0x0000000000000e54                __aeabi_idiv0
 *(.text*)
 .text.MU1_M7_IRQHandler
                0x0000000000000e58       0x38 CMakeFiles/test_rpmsg_mu.elf.dir/home/efacec/nxp/SDK_2_14_0_EVK-MIMX8MP/boards/evkmimx8mp/multicore_examples/test_rpmsg_mu/main_remote.c.obj
                0x0000000000000e58                MU1_M7_IRQHandler
 .text.startup.main
                0x0000000000000e90      0x15c CMakeFiles/test_rpmsg_mu.elf.dir/home/efacec/nxp/SDK_2_14_0_EVK-MIMX8MP/boards/evkmimx8mp/multicore_examples/test_rpmsg_mu/main_remote.c.obj
                0x0000000000000e90                main
 .text.BOARD_InitPins
                0x0000000000000fec       0x34 CMakeFiles/test_rpmsg_mu.elf.dir/home/efacec/nxp/SDK_2_14_0_EVK-MIMX8MP/boards/evkmimx8mp/multicore_examples/test_rpmsg_mu/pin_mux.c.obj
                0x0000000000000fec                BOARD_InitPins
 .text.BOARD_InitBootPins
                0x0000000000001020        0x4 CMakeFiles/test_rpmsg_mu.elf.dir/home/efacec/nxp/SDK_2_14_0_EVK-MIMX8MP/boards/evkmimx8mp/multicore_examples/test_rpmsg_mu/pin_mux.c.obj
                0x0000000000001020                BOARD_InitBootPins
 .text.GPIO_PinWrite
                0x0000000000001024       0x16 CMakeFiles/test_rpmsg_mu.elf.dir/home/efacec/nxp/SDK_2_14_0_EVK-MIMX8MP/boards/evkmimx8mp/multicore_examples/test_rpmsg_mu/fsl_gpio.c.obj
                0x0000000000001024                GPIO_PinWrite
 .text.GPIO_PinSetInterruptConfig
                0x000000000000103a       0x7c CMakeFiles/test_rpmsg_mu.elf.dir/home/efacec/nxp/SDK_2_14_0_EVK-MIMX8MP/boards/evkmimx8mp/multicore_examples/test_rpmsg_mu/fsl_gpio.c.obj
                0x000000000000103a                GPIO_PinSetInterruptConfig
 *fill*         0x00000000000010b6        0x2 
 .text.GPIO_PinInit
                0x00000000000010b8       0x9c CMakeFiles/test_rpmsg_mu.elf.dir/home/efacec/nxp/SDK_2_14_0_EVK-MIMX8MP/boards/evkmimx8mp/multicore_examples/test_rpmsg_mu/fsl_gpio.c.obj
                0x00000000000010b8                GPIO_PinInit
 .text.copyResourceTable
                0x0000000000001154       0x24 CMakeFiles/test_rpmsg_mu.elf.dir/home/efacec/nxp/SDK_2_14_0_EVK-MIMX8MP/boards/evkmimx8mp/multicore_examples/test_rpmsg_mu/rsc_table.c.obj
                0x0000000000001154                copyResourceTable
 .text.BOARD_InitDebugConsole
                0x0000000000001178       0x44 CMakeFiles/test_rpmsg_mu.elf.dir/home/efacec/nxp/SDK_2_14_0_EVK-MIMX8MP/boards/evkmimx8mp/multicore_examples/test_rpmsg_mu/board.c.obj
                0x0000000000001178                BOARD_InitDebugConsole
 .text.BOARD_InitMemory
                0x00000000000011bc      0x204 CMakeFiles/test_rpmsg_mu.elf.dir/home/efacec/nxp/SDK_2_14_0_EVK-MIMX8MP/boards/evkmimx8mp/multicore_examples/test_rpmsg_mu/board.c.obj
                0x00000000000011bc                BOARD_InitMemory
 .text.BOARD_RdcInit
                0x00000000000013c0       0x84 CMakeFiles/test_rpmsg_mu.elf.dir/home/efacec/nxp/SDK_2_14_0_EVK-MIMX8MP/boards/evkmimx8mp/multicore_examples/test_rpmsg_mu/board.c.obj
                0x00000000000013c0                BOARD_RdcInit
 .text.BOARD_BootClockRUN
                0x0000000000001444      0x16c CMakeFiles/test_rpmsg_mu.elf.dir/home/efacec/nxp/SDK_2_14_0_EVK-MIMX8MP/boards/evkmimx8mp/multicore_examples/test_rpmsg_mu/clock_config.c.obj
                0x0000000000001444                BOARD_BootClockRUN
 .text.HAL_UartInit
                0x00000000000015b0       0x6c CMakeFiles/test_rpmsg_mu.elf.dir/home/efacec/nxp/SDK_2_14_0_EVK-MIMX8MP/components/uart/fsl_adapter_iuart.c.obj
                0x00000000000015b0                HAL_UartInit
 .text.HAL_UartSendBlocking
                0x000000000000161c       0x18 CMakeFiles/test_rpmsg_mu.elf.dir/home/efacec/nxp/SDK_2_14_0_EVK-MIMX8MP/components/uart/fsl_adapter_iuart.c.obj
                0x000000000000161c                HAL_UartSendBlocking
 .text.SerialManager_Init
                0x0000000000001634       0x2a CMakeFiles/test_rpmsg_mu.elf.dir/home/efacec/nxp/SDK_2_14_0_EVK-MIMX8MP/components/serial_manager/fsl_component_serial_manager.c.obj
                0x0000000000001634                SerialManager_Init
 .text.SerialManager_OpenWriteHandle
                0x000000000000165e       0x26 CMakeFiles/test_rpmsg_mu.elf.dir/home/efacec/nxp/SDK_2_14_0_EVK-MIMX8MP/components/serial_manager/fsl_component_serial_manager.c.obj
                0x000000000000165e                SerialManager_OpenWriteHandle
 .text.SerialManager_OpenReadHandle
                0x0000000000001684       0x2c CMakeFiles/test_rpmsg_mu.elf.dir/home/efacec/nxp/SDK_2_14_0_EVK-MIMX8MP/components/serial_manager/fsl_component_serial_manager.c.obj
                0x0000000000001684                SerialManager_OpenReadHandle
 .text.SerialManager_WriteBlocking
                0x00000000000016b0       0x14 CMakeFiles/test_rpmsg_mu.elf.dir/home/efacec/nxp/SDK_2_14_0_EVK-MIMX8MP/components/serial_manager/fsl_component_serial_manager.c.obj
                0x00000000000016b0                SerialManager_WriteBlocking
 .text.Serial_UartInit
                0x00000000000016c4        0x4 CMakeFiles/test_rpmsg_mu.elf.dir/home/efacec/nxp/SDK_2_14_0_EVK-MIMX8MP/components/serial_manager/fsl_component_serial_port_uart.c.obj
                0x00000000000016c4                Serial_UartInit
 .text.Serial_UartWrite
                0x00000000000016c8        0x4 CMakeFiles/test_rpmsg_mu.elf.dir/home/efacec/nxp/SDK_2_14_0_EVK-MIMX8MP/components/serial_manager/fsl_component_serial_port_uart.c.obj
                0x00000000000016c8                Serial_UartWrite
 .text.GetFracPllFreq
                0x00000000000016cc       0x44 CMakeFiles/test_rpmsg_mu.elf.dir/home/efacec/nxp/SDK_2_14_0_EVK-MIMX8MP/devices/MIMX8ML8/system_MIMX8ML8_cm7.c.obj
                0x00000000000016cc                GetFracPllFreq
 .text.GetIntegerPllFreq
                0x0000000000001710       0x44 CMakeFiles/test_rpmsg_mu.elf.dir/home/efacec/nxp/SDK_2_14_0_EVK-MIMX8MP/devices/MIMX8ML8/system_MIMX8ML8_cm7.c.obj
                0x0000000000001710                GetIntegerPllFreq
 .text.SystemCoreClockUpdate
                0x0000000000001754       0x9c CMakeFiles/test_rpmsg_mu.elf.dir/home/efacec/nxp/SDK_2_14_0_EVK-MIMX8MP/devices/MIMX8ML8/system_MIMX8ML8_cm7.c.obj
                0x0000000000001754                SystemCoreClockUpdate
 .text.SystemInitHook
                0x00000000000017f0        0x2 CMakeFiles/test_rpmsg_mu.elf.dir/home/efacec/nxp/SDK_2_14_0_EVK-MIMX8MP/devices/MIMX8ML8/system_MIMX8ML8_cm7.c.obj
                0x00000000000017f0                SystemInitHook
 *fill*         0x00000000000017f2        0x2 
 .text.SystemInit
                0x00000000000017f4       0x1c CMakeFiles/test_rpmsg_mu.elf.dir/home/efacec/nxp/SDK_2_14_0_EVK-MIMX8MP/devices/MIMX8ML8/system_MIMX8ML8_cm7.c.obj
                0x00000000000017f4                SystemInit
 .text.AUDIOMIX_InitAudioPll
                0x0000000000001810       0x64 CMakeFiles/test_rpmsg_mu.elf.dir/home/efacec/nxp/SDK_2_14_0_EVK-MIMX8MP/devices/MIMX8ML8/drivers/fsl_audiomix.c.obj
                0x0000000000001810                AUDIOMIX_InitAudioPll
 .text.CLOCK_GetPllRefClkFreq
                0x0000000000001874       0x20 CMakeFiles/test_rpmsg_mu.elf.dir/home/efacec/nxp/SDK_2_14_0_EVK-MIMX8MP/devices/MIMX8ML8/drivers/fsl_clock.c.obj
                0x0000000000001874                CLOCK_GetPllRefClkFreq
 .text.CLOCK_InitFracPll
                0x0000000000001894       0x54 CMakeFiles/test_rpmsg_mu.elf.dir/home/efacec/nxp/SDK_2_14_0_EVK-MIMX8MP/devices/MIMX8ML8/drivers/fsl_clock.c.obj
                0x0000000000001894                CLOCK_InitFracPll
 .text.CLOCK_InitAudioPll1
                0x00000000000018e8       0x28 CMakeFiles/test_rpmsg_mu.elf.dir/home/efacec/nxp/SDK_2_14_0_EVK-MIMX8MP/devices/MIMX8ML8/drivers/fsl_clock.c.obj
                0x00000000000018e8                CLOCK_InitAudioPll1
 .text.CLOCK_InitAudioPll2
                0x0000000000001910       0x2c CMakeFiles/test_rpmsg_mu.elf.dir/home/efacec/nxp/SDK_2_14_0_EVK-MIMX8MP/devices/MIMX8ML8/drivers/fsl_clock.c.obj
                0x0000000000001910                CLOCK_InitAudioPll2
 .text.CLOCK_GetFracPllFreq
                0x000000000000193c       0x40 CMakeFiles/test_rpmsg_mu.elf.dir/home/efacec/nxp/SDK_2_14_0_EVK-MIMX8MP/devices/MIMX8ML8/drivers/fsl_clock.c.obj
                0x000000000000193c                CLOCK_GetFracPllFreq
 .text.CLOCK_GetIntegerPllFreq
                0x000000000000197c       0x36 CMakeFiles/test_rpmsg_mu.elf.dir/home/efacec/nxp/SDK_2_14_0_EVK-MIMX8MP/devices/MIMX8ML8/drivers/fsl_clock.c.obj
                0x000000000000197c                CLOCK_GetIntegerPllFreq
 *fill*         0x00000000000019b2        0x2 
 .text.CLOCK_GetPllFreq
                0x00000000000019b4       0xb4 CMakeFiles/test_rpmsg_mu.elf.dir/home/efacec/nxp/SDK_2_14_0_EVK-MIMX8MP/devices/MIMX8ML8/drivers/fsl_clock.c.obj
                0x00000000000019b4                CLOCK_GetPllFreq
 .text.CLOCK_SetRootDivider
                0x0000000000001a68       0x20 CMakeFiles/test_rpmsg_mu.elf.dir/home/efacec/nxp/SDK_2_14_0_EVK-MIMX8MP/devices/MIMX8ML8/drivers/fsl_clock.c.obj
                0x0000000000001a68                CLOCK_SetRootDivider
 .text.CLOCK_EnableClock
                0x0000000000001a88       0x50 CMakeFiles/test_rpmsg_mu.elf.dir/home/efacec/nxp/SDK_2_14_0_EVK-MIMX8MP/devices/MIMX8ML8/drivers/fsl_clock.c.obj
                0x0000000000001a88                CLOCK_EnableClock
 .text.UART_GetInstance
                0x0000000000001ad8       0x38 CMakeFiles/test_rpmsg_mu.elf.dir/home/efacec/nxp/SDK_2_14_0_EVK-MIMX8MP/devices/MIMX8ML8/drivers/fsl_uart.c.obj
                0x0000000000001ad8                UART_GetInstance
 .text.UART_GetDefaultConfig
                0x0000000000001b10       0x28 CMakeFiles/test_rpmsg_mu.elf.dir/home/efacec/nxp/SDK_2_14_0_EVK-MIMX8MP/devices/MIMX8ML8/drivers/fsl_uart.c.obj
                0x0000000000001b10                UART_GetDefaultConfig
 .text.UART_SetBaudRate
                0x0000000000001b38      0x13c CMakeFiles/test_rpmsg_mu.elf.dir/home/efacec/nxp/SDK_2_14_0_EVK-MIMX8MP/devices/MIMX8ML8/drivers/fsl_uart.c.obj
                0x0000000000001b38                UART_SetBaudRate
 .text.UART_Init
                0x0000000000001c74      0x154 CMakeFiles/test_rpmsg_mu.elf.dir/home/efacec/nxp/SDK_2_14_0_EVK-MIMX8MP/devices/MIMX8ML8/drivers/fsl_uart.c.obj
                0x0000000000001c74                UART_Init
 .text.UART_WriteBlocking
                0x0000000000001dc8       0x22 CMakeFiles/test_rpmsg_mu.elf.dir/home/efacec/nxp/SDK_2_14_0_EVK-MIMX8MP/devices/MIMX8ML8/drivers/fsl_uart.c.obj
                0x0000000000001dc8                UART_WriteBlocking
 *fill*         0x0000000000001dea        0x2 
 .text.UART1_DriverIRQHandler
                0x0000000000001dec       0x20 CMakeFiles/test_rpmsg_mu.elf.dir/home/efacec/nxp/SDK_2_14_0_EVK-MIMX8MP/devices/MIMX8ML8/drivers/fsl_uart.c.obj
                0x0000000000001dec                UART1_DriverIRQHandler
 .text.UART2_DriverIRQHandler
                0x0000000000001e0c       0x20 CMakeFiles/test_rpmsg_mu.elf.dir/home/efacec/nxp/SDK_2_14_0_EVK-MIMX8MP/devices/MIMX8ML8/drivers/fsl_uart.c.obj
                0x0000000000001e0c                UART2_DriverIRQHandler
 .text.UART3_DriverIRQHandler
                0x0000000000001e2c       0x20 CMakeFiles/test_rpmsg_mu.elf.dir/home/efacec/nxp/SDK_2_14_0_EVK-MIMX8MP/devices/MIMX8ML8/drivers/fsl_uart.c.obj
                0x0000000000001e2c                UART3_DriverIRQHandler
 .text.UART4_DriverIRQHandler
                0x0000000000001e4c       0x20 CMakeFiles/test_rpmsg_mu.elf.dir/home/efacec/nxp/SDK_2_14_0_EVK-MIMX8MP/devices/MIMX8ML8/drivers/fsl_uart.c.obj
                0x0000000000001e4c                UART4_DriverIRQHandler
 .text.MU_Init  0x0000000000001e6c        0x8 CMakeFiles/test_rpmsg_mu.elf.dir/home/efacec/nxp/SDK_2_14_0_EVK-MIMX8MP/devices/MIMX8ML8/drivers/fsl_mu.c.obj
                0x0000000000001e6c                MU_Init
 .text.MU_SendMsg
                0x0000000000001e74       0x14 CMakeFiles/test_rpmsg_mu.elf.dir/home/efacec/nxp/SDK_2_14_0_EVK-MIMX8MP/devices/MIMX8ML8/drivers/fsl_mu.c.obj
                0x0000000000001e74                MU_SendMsg
 .text.RDC_SetMasterDomainAssignment
                0x0000000000001e88        0xa CMakeFiles/test_rpmsg_mu.elf.dir/home/efacec/nxp/SDK_2_14_0_EVK-MIMX8MP/devices/MIMX8ML8/drivers/fsl_rdc.c.obj
                0x0000000000001e88                RDC_SetMasterDomainAssignment
 .text.xEventGroupCreate
                0x0000000000001e92       0x1a CMakeFiles/test_rpmsg_mu.elf.dir/home/efacec/nxp/SDK_2_14_0_EVK-MIMX8MP/rtos/freertos/freertos-kernel/event_groups.c.obj
                0x0000000000001e92                xEventGroupCreate
 .text.xEventGroupWaitBits
                0x0000000000001eac      0x110 CMakeFiles/test_rpmsg_mu.elf.dir/home/efacec/nxp/SDK_2_14_0_EVK-MIMX8MP/rtos/freertos/freertos-kernel/event_groups.c.obj
                0x0000000000001eac                xEventGroupWaitBits
 .text.xEventGroupClearBits
                0x0000000000001fbc       0x46 CMakeFiles/test_rpmsg_mu.elf.dir/home/efacec/nxp/SDK_2_14_0_EVK-MIMX8MP/rtos/freertos/freertos-kernel/event_groups.c.obj
                0x0000000000001fbc                xEventGroupClearBits
 .text.xEventGroupSetBits
                0x0000000000002002       0x86 CMakeFiles/test_rpmsg_mu.elf.dir/home/efacec/nxp/SDK_2_14_0_EVK-MIMX8MP/rtos/freertos/freertos-kernel/event_groups.c.obj
                0x0000000000002002                xEventGroupSetBits
 .text.vEventGroupSetBitsCallback
                0x0000000000002088        0x4 CMakeFiles/test_rpmsg_mu.elf.dir/home/efacec/nxp/SDK_2_14_0_EVK-MIMX8MP/rtos/freertos/freertos-kernel/event_groups.c.obj
                0x0000000000002088                vEventGroupSetBitsCallback
 .text.xEventGroupSetBitsFromISR
                0x000000000000208c       0x10 CMakeFiles/test_rpmsg_mu.elf.dir/home/efacec/nxp/SDK_2_14_0_EVK-MIMX8MP/rtos/freertos/freertos-kernel/event_groups.c.obj
                0x000000000000208c                xEventGroupSetBitsFromISR
 .text.vListInitialise
                0x000000000000209c       0x16 CMakeFiles/test_rpmsg_mu.elf.dir/home/efacec/nxp/SDK_2_14_0_EVK-MIMX8MP/rtos/freertos/freertos-kernel/list.c.obj
                0x000000000000209c                vListInitialise
 .text.vListInsert
                0x00000000000020b2       0x2e CMakeFiles/test_rpmsg_mu.elf.dir/home/efacec/nxp/SDK_2_14_0_EVK-MIMX8MP/rtos/freertos/freertos-kernel/list.c.obj
                0x00000000000020b2                vListInsert
 .text.uxListRemove
                0x00000000000020e0       0x20 CMakeFiles/test_rpmsg_mu.elf.dir/home/efacec/nxp/SDK_2_14_0_EVK-MIMX8MP/rtos/freertos/freertos-kernel/list.c.obj
                0x00000000000020e0                uxListRemove
 .text.prvIsQueueEmpty
                0x0000000000002100       0x16 CMakeFiles/test_rpmsg_mu.elf.dir/home/efacec/nxp/SDK_2_14_0_EVK-MIMX8MP/rtos/freertos/freertos-kernel/queue.c.obj
 .text.prvCopyDataToQueue
                0x0000000000002116       0x6a CMakeFiles/test_rpmsg_mu.elf.dir/home/efacec/nxp/SDK_2_14_0_EVK-MIMX8MP/rtos/freertos/freertos-kernel/queue.c.obj
 .text.prvCopyDataFromQueue
                0x0000000000002180       0x2a CMakeFiles/test_rpmsg_mu.elf.dir/home/efacec/nxp/SDK_2_14_0_EVK-MIMX8MP/rtos/freertos/freertos-kernel/queue.c.obj
 .text.prvUnlockQueue
                0x00000000000021aa       0x70 CMakeFiles/test_rpmsg_mu.elf.dir/home/efacec/nxp/SDK_2_14_0_EVK-MIMX8MP/rtos/freertos/freertos-kernel/queue.c.obj
 .text.xQueueGenericReset
                0x000000000000221a       0x9a CMakeFiles/test_rpmsg_mu.elf.dir/home/efacec/nxp/SDK_2_14_0_EVK-MIMX8MP/rtos/freertos/freertos-kernel/queue.c.obj
                0x000000000000221a                xQueueGenericReset
 .text.xQueueGenericCreate
                0x00000000000022b4       0x54 CMakeFiles/test_rpmsg_mu.elf.dir/home/efacec/nxp/SDK_2_14_0_EVK-MIMX8MP/rtos/freertos/freertos-kernel/queue.c.obj
                0x00000000000022b4                xQueueGenericCreate
 .text.xQueueCreateCountingSemaphore
                0x0000000000002308       0x2a CMakeFiles/test_rpmsg_mu.elf.dir/home/efacec/nxp/SDK_2_14_0_EVK-MIMX8MP/rtos/freertos/freertos-kernel/queue.c.obj
                0x0000000000002308                xQueueCreateCountingSemaphore
 .text.xQueueGenericSend
                0x0000000000002332      0x166 CMakeFiles/test_rpmsg_mu.elf.dir/home/efacec/nxp/SDK_2_14_0_EVK-MIMX8MP/rtos/freertos/freertos-kernel/queue.c.obj
                0x0000000000002332                xQueueGenericSend
 .text.xQueueGenericSendFromISR
                0x0000000000002498       0xe2 CMakeFiles/test_rpmsg_mu.elf.dir/home/efacec/nxp/SDK_2_14_0_EVK-MIMX8MP/rtos/freertos/freertos-kernel/queue.c.obj
                0x0000000000002498                xQueueGenericSendFromISR
 .text.xQueueReceive
                0x000000000000257a      0x13e CMakeFiles/test_rpmsg_mu.elf.dir/home/efacec/nxp/SDK_2_14_0_EVK-MIMX8MP/rtos/freertos/freertos-kernel/queue.c.obj
                0x000000000000257a                xQueueReceive
 .text.xQueueSemaphoreTake
                0x00000000000026b8      0x172 CMakeFiles/test_rpmsg_mu.elf.dir/home/efacec/nxp/SDK_2_14_0_EVK-MIMX8MP/rtos/freertos/freertos-kernel/queue.c.obj
                0x00000000000026b8                xQueueSemaphoreTake
 .text.xQueueReceiveFromISR
                0x000000000000282a       0xbc CMakeFiles/test_rpmsg_mu.elf.dir/home/efacec/nxp/SDK_2_14_0_EVK-MIMX8MP/rtos/freertos/freertos-kernel/queue.c.obj
                0x000000000000282a                xQueueReceiveFromISR
 *fill*         0x00000000000028e6        0x2 
 .text.prvAddCurrentTaskToDelayedList
                0x00000000000028e8       0xa4 CMakeFiles/test_rpmsg_mu.elf.dir/home/efacec/nxp/SDK_2_14_0_EVK-MIMX8MP/rtos/freertos/freertos-kernel/tasks.c.obj
 .text.prvResetNextTaskUnblockTime
                0x000000000000298c       0x24 CMakeFiles/test_rpmsg_mu.elf.dir/home/efacec/nxp/SDK_2_14_0_EVK-MIMX8MP/rtos/freertos/freertos-kernel/tasks.c.obj
 .text.vTaskSuspendAll
                0x00000000000029b0       0x10 CMakeFiles/test_rpmsg_mu.elf.dir/home/efacec/nxp/SDK_2_14_0_EVK-MIMX8MP/rtos/freertos/freertos-kernel/tasks.c.obj
                0x00000000000029b0                vTaskSuspendAll
 .text.uxTaskGetNumberOfTasks
                0x00000000000029c0        0xc CMakeFiles/test_rpmsg_mu.elf.dir/home/efacec/nxp/SDK_2_14_0_EVK-MIMX8MP/rtos/freertos/freertos-kernel/tasks.c.obj
                0x00000000000029c0                uxTaskGetNumberOfTasks
 .text.xTaskIncrementTick
                0x00000000000029cc      0x160 CMakeFiles/test_rpmsg_mu.elf.dir/home/efacec/nxp/SDK_2_14_0_EVK-MIMX8MP/rtos/freertos/freertos-kernel/tasks.c.obj
                0x00000000000029cc                xTaskIncrementTick
 .text.xTaskResumeAll
                0x0000000000002b2c      0x140 CMakeFiles/test_rpmsg_mu.elf.dir/home/efacec/nxp/SDK_2_14_0_EVK-MIMX8MP/rtos/freertos/freertos-kernel/tasks.c.obj
                0x0000000000002b2c                xTaskResumeAll
 .text.vTaskDelay
                0x0000000000002c6c       0x48 CMakeFiles/test_rpmsg_mu.elf.dir/home/efacec/nxp/SDK_2_14_0_EVK-MIMX8MP/rtos/freertos/freertos-kernel/tasks.c.obj
                0x0000000000002c6c                vTaskDelay
 .text.vTaskSwitchContext
                0x0000000000002cb4       0x74 CMakeFiles/test_rpmsg_mu.elf.dir/home/efacec/nxp/SDK_2_14_0_EVK-MIMX8MP/rtos/freertos/freertos-kernel/tasks.c.obj
                0x0000000000002cb4                vTaskSwitchContext
 .text.vTaskPlaceOnEventList
                0x0000000000002d28       0x34 CMakeFiles/test_rpmsg_mu.elf.dir/home/efacec/nxp/SDK_2_14_0_EVK-MIMX8MP/rtos/freertos/freertos-kernel/tasks.c.obj
                0x0000000000002d28                vTaskPlaceOnEventList
 .text.vTaskPlaceOnUnorderedEventList
                0x0000000000002d5c       0x70 CMakeFiles/test_rpmsg_mu.elf.dir/home/efacec/nxp/SDK_2_14_0_EVK-MIMX8MP/rtos/freertos/freertos-kernel/tasks.c.obj
                0x0000000000002d5c                vTaskPlaceOnUnorderedEventList
 .text.xTaskRemoveFromEventList
                0x0000000000002dcc       0xd4 CMakeFiles/test_rpmsg_mu.elf.dir/home/efacec/nxp/SDK_2_14_0_EVK-MIMX8MP/rtos/freertos/freertos-kernel/tasks.c.obj
                0x0000000000002dcc                xTaskRemoveFromEventList
 .text.vTaskRemoveFromUnorderedEventList
                0x0000000000002ea0       0xc8 CMakeFiles/test_rpmsg_mu.elf.dir/home/efacec/nxp/SDK_2_14_0_EVK-MIMX8MP/rtos/freertos/freertos-kernel/tasks.c.obj
                0x0000000000002ea0                vTaskRemoveFromUnorderedEventList
 .text.vTaskInternalSetTimeOutState
                0x0000000000002f68       0x18 CMakeFiles/test_rpmsg_mu.elf.dir/home/efacec/nxp/SDK_2_14_0_EVK-MIMX8MP/rtos/freertos/freertos-kernel/tasks.c.obj
                0x0000000000002f68                vTaskInternalSetTimeOutState
 .text.xTaskCheckForTimeOut
                0x0000000000002f80       0x78 CMakeFiles/test_rpmsg_mu.elf.dir/home/efacec/nxp/SDK_2_14_0_EVK-MIMX8MP/rtos/freertos/freertos-kernel/tasks.c.obj
                0x0000000000002f80                xTaskCheckForTimeOut
 .text.vTaskMissedYield
                0x0000000000002ff8        0xc CMakeFiles/test_rpmsg_mu.elf.dir/home/efacec/nxp/SDK_2_14_0_EVK-MIMX8MP/rtos/freertos/freertos-kernel/tasks.c.obj
                0x0000000000002ff8                vTaskMissedYield
 .text.xTaskGetSchedulerState
                0x0000000000003004       0x20 CMakeFiles/test_rpmsg_mu.elf.dir/home/efacec/nxp/SDK_2_14_0_EVK-MIMX8MP/rtos/freertos/freertos-kernel/tasks.c.obj
                0x0000000000003004                xTaskGetSchedulerState
 .text.xTaskPriorityInherit
                0x0000000000003024       0xa4 CMakeFiles/test_rpmsg_mu.elf.dir/home/efacec/nxp/SDK_2_14_0_EVK-MIMX8MP/rtos/freertos/freertos-kernel/tasks.c.obj
                0x0000000000003024                xTaskPriorityInherit
 .text.xTaskPriorityDisinherit
                0x00000000000030c8       0xa8 CMakeFiles/test_rpmsg_mu.elf.dir/home/efacec/nxp/SDK_2_14_0_EVK-MIMX8MP/rtos/freertos/freertos-kernel/tasks.c.obj
                0x00000000000030c8                xTaskPriorityDisinherit
 .text.vTaskPriorityDisinheritAfterTimeout
                0x0000000000003170       0xb8 CMakeFiles/test_rpmsg_mu.elf.dir/home/efacec/nxp/SDK_2_14_0_EVK-MIMX8MP/rtos/freertos/freertos-kernel/tasks.c.obj
                0x0000000000003170                vTaskPriorityDisinheritAfterTimeout
 .text.uxTaskResetEventItemValue
                0x0000000000003228       0x18 CMakeFiles/test_rpmsg_mu.elf.dir/home/efacec/nxp/SDK_2_14_0_EVK-MIMX8MP/rtos/freertos/freertos-kernel/tasks.c.obj
                0x0000000000003228                uxTaskResetEventItemValue
 .text.pvTaskIncrementMutexHeldCount
                0x0000000000003240       0x18 CMakeFiles/test_rpmsg_mu.elf.dir/home/efacec/nxp/SDK_2_14_0_EVK-MIMX8MP/rtos/freertos/freertos-kernel/tasks.c.obj
                0x0000000000003240                pvTaskIncrementMutexHeldCount
 .text.xTimerPendFunctionCallFromISR
                0x0000000000003258       0x28 CMakeFiles/test_rpmsg_mu.elf.dir/home/efacec/nxp/SDK_2_14_0_EVK-MIMX8MP/rtos/freertos/freertos-kernel/timers.c.obj
                0x0000000000003258                xTimerPendFunctionCallFromISR
 .text.SVC_Handler
                0x0000000000003280       0x24 CMakeFiles/test_rpmsg_mu.elf.dir/home/efacec/nxp/SDK_2_14_0_EVK-MIMX8MP/rtos/freertos/freertos-kernel/portable/GCC/ARM_CM4F/port.c.obj
                0x0000000000003280                SVC_Handler
 .text.vPortEnterCritical
                0x00000000000032a4       0x40 CMakeFiles/test_rpmsg_mu.elf.dir/home/efacec/nxp/SDK_2_14_0_EVK-MIMX8MP/rtos/freertos/freertos-kernel/portable/GCC/ARM_CM4F/port.c.obj
                0x00000000000032a4                vPortEnterCritical
 .text.vPortExitCritical
                0x00000000000032e4       0x28 CMakeFiles/test_rpmsg_mu.elf.dir/home/efacec/nxp/SDK_2_14_0_EVK-MIMX8MP/rtos/freertos/freertos-kernel/portable/GCC/ARM_CM4F/port.c.obj
                0x00000000000032e4                vPortExitCritical
 *fill*         0x000000000000330c        0x4 
 .text.PendSV_Handler
                0x0000000000003310       0x64 CMakeFiles/test_rpmsg_mu.elf.dir/home/efacec/nxp/SDK_2_14_0_EVK-MIMX8MP/rtos/freertos/freertos-kernel/portable/GCC/ARM_CM4F/port.c.obj
                0x0000000000003310                PendSV_Handler
 .text.SysTick_Handler
                0x0000000000003374       0x2c CMakeFiles/test_rpmsg_mu.elf.dir/home/efacec/nxp/SDK_2_14_0_EVK-MIMX8MP/rtos/freertos/freertos-kernel/portable/GCC/ARM_CM4F/port.c.obj
                0x0000000000003374                SysTick_Handler
 .text.vPortValidateInterruptPriority
                0x00000000000033a0       0x5c CMakeFiles/test_rpmsg_mu.elf.dir/home/efacec/nxp/SDK_2_14_0_EVK-MIMX8MP/rtos/freertos/freertos-kernel/portable/GCC/ARM_CM4F/port.c.obj
                0x00000000000033a0                vPortValidateInterruptPriority
 .text.prvInsertBlockIntoFreeList
                0x00000000000033fc       0x48 CMakeFiles/test_rpmsg_mu.elf.dir/home/efacec/nxp/SDK_2_14_0_EVK-MIMX8MP/rtos/freertos/freertos-kernel/portable/MemMang/heap_4.c.obj
 .text.pvPortMalloc
                0x0000000000003444      0x11c CMakeFiles/test_rpmsg_mu.elf.dir/home/efacec/nxp/SDK_2_14_0_EVK-MIMX8MP/rtos/freertos/freertos-kernel/portable/MemMang/heap_4.c.obj
                0x0000000000003444                pvPortMalloc
 .text.vPortFree
                0x0000000000003560       0x74 CMakeFiles/test_rpmsg_mu.elf.dir/home/efacec/nxp/SDK_2_14_0_EVK-MIMX8MP/rtos/freertos/freertos-kernel/portable/MemMang/heap_4.c.obj
                0x0000000000003560                vPortFree
 .text.add_to_list
                0x00000000000035d4       0x1e CMakeFiles/test_rpmsg_mu.elf.dir/home/efacec/nxp/SDK_2_14_0_EVK-MIMX8MP/middleware/multicore/rpmsg_lite/lib/common/llist.c.obj
                0x00000000000035d4                add_to_list
 .text.virtqueue_notify
                0x00000000000035f2        0x8 CMakeFiles/test_rpmsg_mu.elf.dir/home/efacec/nxp/SDK_2_14_0_EVK-MIMX8MP/middleware/multicore/rpmsg_lite/lib/rpmsg_lite/rpmsg_lite.c.obj
 .text.rpmsg_lite_tx_callback
                0x00000000000035fa       0x10 CMakeFiles/test_rpmsg_mu.elf.dir/home/efacec/nxp/SDK_2_14_0_EVK-MIMX8MP/middleware/multicore/rpmsg_lite/lib/rpmsg_lite/rpmsg_lite.c.obj
 .text.vq_tx_remote
                0x000000000000360a        0xe CMakeFiles/test_rpmsg_mu.elf.dir/home/efacec/nxp/SDK_2_14_0_EVK-MIMX8MP/middleware/multicore/rpmsg_lite/lib/rpmsg_lite/rpmsg_lite.c.obj
 .text.vq_rx_free_remote
                0x0000000000003618        0x4 CMakeFiles/test_rpmsg_mu.elf.dir/home/efacec/nxp/SDK_2_14_0_EVK-MIMX8MP/middleware/multicore/rpmsg_lite/lib/rpmsg_lite/rpmsg_lite.c.obj
 .text.vq_tx_alloc_remote
                0x000000000000361c        0xa CMakeFiles/test_rpmsg_mu.elf.dir/home/efacec/nxp/SDK_2_14_0_EVK-MIMX8MP/middleware/multicore/rpmsg_lite/lib/rpmsg_lite/rpmsg_lite.c.obj
 .text.rpmsg_lite_get_endpoint_from_addr.isra.0
                0x0000000000003626       0x10 CMakeFiles/test_rpmsg_mu.elf.dir/home/efacec/nxp/SDK_2_14_0_EVK-MIMX8MP/middleware/multicore/rpmsg_lite/lib/rpmsg_lite/rpmsg_lite.c.obj
 .text.rpmsg_lite_rx_callback
                0x0000000000003636       0x56 CMakeFiles/test_rpmsg_mu.elf.dir/home/efacec/nxp/SDK_2_14_0_EVK-MIMX8MP/middleware/multicore/rpmsg_lite/lib/rpmsg_lite/rpmsg_lite.c.obj
 .text.vq_rx_remote
                0x000000000000368c        0xa CMakeFiles/test_rpmsg_mu.elf.dir/home/efacec/nxp/SDK_2_14_0_EVK-MIMX8MP/middleware/multicore/rpmsg_lite/lib/rpmsg_lite/rpmsg_lite.c.obj
 .text.rpmsg_lite_create_ept
                0x0000000000003696       0x90 CMakeFiles/test_rpmsg_mu.elf.dir/home/efacec/nxp/SDK_2_14_0_EVK-MIMX8MP/middleware/multicore/rpmsg_lite/lib/rpmsg_lite/rpmsg_lite.c.obj
                0x0000000000003696                rpmsg_lite_create_ept
 .text.rpmsg_lite_wait_for_link_up
                0x0000000000003726        0xe CMakeFiles/test_rpmsg_mu.elf.dir/home/efacec/nxp/SDK_2_14_0_EVK-MIMX8MP/middleware/multicore/rpmsg_lite/lib/rpmsg_lite/rpmsg_lite.c.obj
                0x0000000000003726                rpmsg_lite_wait_for_link_up
 .text.rpmsg_lite_send
                0x0000000000003734       0xec CMakeFiles/test_rpmsg_mu.elf.dir/home/efacec/nxp/SDK_2_14_0_EVK-MIMX8MP/middleware/multicore/rpmsg_lite/lib/rpmsg_lite/rpmsg_lite.c.obj
                0x0000000000003734                rpmsg_lite_send
 .text.rpmsg_lite_alloc_tx_buffer
                0x0000000000003820       0x8a CMakeFiles/test_rpmsg_mu.elf.dir/home/efacec/nxp/SDK_2_14_0_EVK-MIMX8MP/middleware/multicore/rpmsg_lite/lib/rpmsg_lite/rpmsg_lite.c.obj
                0x0000000000003820                rpmsg_lite_alloc_tx_buffer
 *fill*         0x00000000000038aa        0x2 
 .text.rpmsg_lite_send_nocopy
                0x00000000000038ac       0x84 CMakeFiles/test_rpmsg_mu.elf.dir/home/efacec/nxp/SDK_2_14_0_EVK-MIMX8MP/middleware/multicore/rpmsg_lite/lib/rpmsg_lite/rpmsg_lite.c.obj
                0x00000000000038ac                rpmsg_lite_send_nocopy
 .text.rpmsg_lite_release_rx_buffer
                0x0000000000003930       0x40 CMakeFiles/test_rpmsg_mu.elf.dir/home/efacec/nxp/SDK_2_14_0_EVK-MIMX8MP/middleware/multicore/rpmsg_lite/lib/rpmsg_lite/rpmsg_lite.c.obj
                0x0000000000003930                rpmsg_lite_release_rx_buffer
 .text.rpmsg_lite_remote_init
                0x0000000000003970      0x150 CMakeFiles/test_rpmsg_mu.elf.dir/home/efacec/nxp/SDK_2_14_0_EVK-MIMX8MP/middleware/multicore/rpmsg_lite/lib/rpmsg_lite/rpmsg_lite.c.obj
                0x0000000000003970                rpmsg_lite_remote_init
 .text.rpmsg_ns_announce
                0x0000000000003ac0       0x40 CMakeFiles/test_rpmsg_mu.elf.dir/home/efacec/nxp/SDK_2_14_0_EVK-MIMX8MP/middleware/multicore/rpmsg_lite/lib/rpmsg_lite/rpmsg_ns.c.obj
                0x0000000000003ac0                rpmsg_ns_announce
 .text.vq_ring_update_used
                0x0000000000003b00       0x26 CMakeFiles/test_rpmsg_mu.elf.dir/home/efacec/nxp/SDK_2_14_0_EVK-MIMX8MP/middleware/multicore/rpmsg_lite/lib/virtio/virtqueue.c.obj
 *fill*         0x0000000000003b26        0x2 
 .text.virtqueue_create
                0x0000000000003b28       0x94 CMakeFiles/test_rpmsg_mu.elf.dir/home/efacec/nxp/SDK_2_14_0_EVK-MIMX8MP/middleware/multicore/rpmsg_lite/lib/virtio/virtqueue.c.obj
                0x0000000000003b28                virtqueue_create
 .text.virtqueue_get_buffer_length
                0x0000000000003bbc        0xa CMakeFiles/test_rpmsg_mu.elf.dir/home/efacec/nxp/SDK_2_14_0_EVK-MIMX8MP/middleware/multicore/rpmsg_lite/lib/virtio/virtqueue.c.obj
                0x0000000000003bbc                virtqueue_get_buffer_length
 .text.virtqueue_free
                0x0000000000003bc6       0x12 CMakeFiles/test_rpmsg_mu.elf.dir/home/efacec/nxp/SDK_2_14_0_EVK-MIMX8MP/middleware/multicore/rpmsg_lite/lib/virtio/virtqueue.c.obj
                0x0000000000003bc6                virtqueue_free
 .text.virtqueue_get_available_buffer
                0x0000000000003bd8       0x4c CMakeFiles/test_rpmsg_mu.elf.dir/home/efacec/nxp/SDK_2_14_0_EVK-MIMX8MP/middleware/multicore/rpmsg_lite/lib/virtio/virtqueue.c.obj
                0x0000000000003bd8                virtqueue_get_available_buffer
 .text.virtqueue_add_consumed_buffer
                0x0000000000003c24       0x1c CMakeFiles/test_rpmsg_mu.elf.dir/home/efacec/nxp/SDK_2_14_0_EVK-MIMX8MP/middleware/multicore/rpmsg_lite/lib/virtio/virtqueue.c.obj
                0x0000000000003c24                virtqueue_add_consumed_buffer
 .text.virtqueue_kick
                0x0000000000003c40       0x46 CMakeFiles/test_rpmsg_mu.elf.dir/home/efacec/nxp/SDK_2_14_0_EVK-MIMX8MP/middleware/multicore/rpmsg_lite/lib/virtio/virtqueue.c.obj
                0x0000000000003c40                virtqueue_kick
 *fill*         0x0000000000003c86        0x2 
 .text.env_wait_for_link_up
                0x0000000000003c88       0x40 CMakeFiles/test_rpmsg_mu.elf.dir/home/efacec/nxp/SDK_2_14_0_EVK-MIMX8MP/middleware/multicore/rpmsg_lite/lib/rpmsg_lite/porting/environment/rpmsg_env_freertos.c.obj
                0x0000000000003c88                env_wait_for_link_up
 .text.env_tx_callback
                0x0000000000003cc8       0x48 CMakeFiles/test_rpmsg_mu.elf.dir/home/efacec/nxp/SDK_2_14_0_EVK-MIMX8MP/middleware/multicore/rpmsg_lite/lib/rpmsg_lite/porting/environment/rpmsg_env_freertos.c.obj
                0x0000000000003cc8                env_tx_callback
 .text.env_init
                0x0000000000003d10       0x88 CMakeFiles/test_rpmsg_mu.elf.dir/home/efacec/nxp/SDK_2_14_0_EVK-MIMX8MP/middleware/multicore/rpmsg_lite/lib/rpmsg_lite/porting/environment/rpmsg_env_freertos.c.obj
                0x0000000000003d10                env_init
 .text.env_allocate_memory
                0x0000000000003d98        0x4 CMakeFiles/test_rpmsg_mu.elf.dir/home/efacec/nxp/SDK_2_14_0_EVK-MIMX8MP/middleware/multicore/rpmsg_lite/lib/rpmsg_lite/porting/environment/rpmsg_env_freertos.c.obj
                0x0000000000003d98                env_allocate_memory
 .text.env_free_memory
                0x0000000000003d9c        0x8 CMakeFiles/test_rpmsg_mu.elf.dir/home/efacec/nxp/SDK_2_14_0_EVK-MIMX8MP/middleware/multicore/rpmsg_lite/lib/rpmsg_lite/porting/environment/rpmsg_env_freertos.c.obj
                0x0000000000003d9c                env_free_memory
 .text.env_memset
                0x0000000000003da4        0x4 CMakeFiles/test_rpmsg_mu.elf.dir/home/efacec/nxp/SDK_2_14_0_EVK-MIMX8MP/middleware/multicore/rpmsg_lite/lib/rpmsg_lite/porting/environment/rpmsg_env_freertos.c.obj
                0x0000000000003da4                env_memset
 .text.env_memcpy
                0x0000000000003da8        0x4 CMakeFiles/test_rpmsg_mu.elf.dir/home/efacec/nxp/SDK_2_14_0_EVK-MIMX8MP/middleware/multicore/rpmsg_lite/lib/rpmsg_lite/porting/environment/rpmsg_env_freertos.c.obj
                0x0000000000003da8                env_memcpy
 .text.env_strncpy
                0x0000000000003dac        0x4 CMakeFiles/test_rpmsg_mu.elf.dir/home/efacec/nxp/SDK_2_14_0_EVK-MIMX8MP/middleware/multicore/rpmsg_lite/lib/rpmsg_lite/porting/environment/rpmsg_env_freertos.c.obj
                0x0000000000003dac                env_strncpy
 .text.env_mb   0x0000000000003db0        0x6 CMakeFiles/test_rpmsg_mu.elf.dir/home/efacec/nxp/SDK_2_14_0_EVK-MIMX8MP/middleware/multicore/rpmsg_lite/lib/rpmsg_lite/porting/environment/rpmsg_env_freertos.c.obj
                0x0000000000003db0                env_mb
 .text.env_rmb  0x0000000000003db6        0x6 CMakeFiles/test_rpmsg_mu.elf.dir/home/efacec/nxp/SDK_2_14_0_EVK-MIMX8MP/middleware/multicore/rpmsg_lite/lib/rpmsg_lite/porting/environment/rpmsg_env_freertos.c.obj
                0x0000000000003db6                env_rmb
 .text.env_wmb  0x0000000000003dbc        0x6 CMakeFiles/test_rpmsg_mu.elf.dir/home/efacec/nxp/SDK_2_14_0_EVK-MIMX8MP/middleware/multicore/rpmsg_lite/lib/rpmsg_lite/porting/environment/rpmsg_env_freertos.c.obj
                0x0000000000003dbc                env_wmb
 .text.env_map_patova
                0x0000000000003dc2        0x4 CMakeFiles/test_rpmsg_mu.elf.dir/home/efacec/nxp/SDK_2_14_0_EVK-MIMX8MP/middleware/multicore/rpmsg_lite/lib/rpmsg_lite/porting/environment/rpmsg_env_freertos.c.obj
                0x0000000000003dc2                env_map_patova
 .text.env_create_mutex
                0x0000000000003dc6       0x20 CMakeFiles/test_rpmsg_mu.elf.dir/home/efacec/nxp/SDK_2_14_0_EVK-MIMX8MP/middleware/multicore/rpmsg_lite/lib/rpmsg_lite/porting/environment/rpmsg_env_freertos.c.obj
                0x0000000000003dc6                env_create_mutex
 .text.env_lock_mutex
                0x0000000000003de6       0x1a CMakeFiles/test_rpmsg_mu.elf.dir/home/efacec/nxp/SDK_2_14_0_EVK-MIMX8MP/middleware/multicore/rpmsg_lite/lib/rpmsg_lite/porting/environment/rpmsg_env_freertos.c.obj
                0x0000000000003de6                env_lock_mutex
 .text.env_unlock_mutex
                0x0000000000003e00       0x1c CMakeFiles/test_rpmsg_mu.elf.dir/home/efacec/nxp/SDK_2_14_0_EVK-MIMX8MP/middleware/multicore/rpmsg_lite/lib/rpmsg_lite/porting/environment/rpmsg_env_freertos.c.obj
                0x0000000000003e00                env_unlock_mutex
 .text.env_sleep_msec
                0x0000000000003e1c        0x4 CMakeFiles/test_rpmsg_mu.elf.dir/home/efacec/nxp/SDK_2_14_0_EVK-MIMX8MP/middleware/multicore/rpmsg_lite/lib/rpmsg_lite/porting/environment/rpmsg_env_freertos.c.obj
                0x0000000000003e1c                env_sleep_msec
 .text.env_register_isr
                0x0000000000003e20       0x14 CMakeFiles/test_rpmsg_mu.elf.dir/home/efacec/nxp/SDK_2_14_0_EVK-MIMX8MP/middleware/multicore/rpmsg_lite/lib/rpmsg_lite/porting/environment/rpmsg_env_freertos.c.obj
                0x0000000000003e20                env_register_isr
 .text.env_enable_interrupt
                0x0000000000003e34        0x4 CMakeFiles/test_rpmsg_mu.elf.dir/home/efacec/nxp/SDK_2_14_0_EVK-MIMX8MP/middleware/multicore/rpmsg_lite/lib/rpmsg_lite/porting/environment/rpmsg_env_freertos.c.obj
                0x0000000000003e34                env_enable_interrupt
 .text.env_disable_interrupt
                0x0000000000003e38        0x4 CMakeFiles/test_rpmsg_mu.elf.dir/home/efacec/nxp/SDK_2_14_0_EVK-MIMX8MP/middleware/multicore/rpmsg_lite/lib/rpmsg_lite/porting/environment/rpmsg_env_freertos.c.obj
                0x0000000000003e38                env_disable_interrupt
 .text.env_create_queue
                0x0000000000003e3c       0x1a CMakeFiles/test_rpmsg_mu.elf.dir/home/efacec/nxp/SDK_2_14_0_EVK-MIMX8MP/middleware/multicore/rpmsg_lite/lib/rpmsg_lite/porting/environment/rpmsg_env_freertos.c.obj
                0x0000000000003e3c                env_create_queue
 .text.env_put_queue
                0x0000000000003e56       0x56 CMakeFiles/test_rpmsg_mu.elf.dir/home/efacec/nxp/SDK_2_14_0_EVK-MIMX8MP/middleware/multicore/rpmsg_lite/lib/rpmsg_lite/porting/environment/rpmsg_env_freertos.c.obj
                0x0000000000003e56                env_put_queue
 .text.env_get_queue
                0x0000000000003eac       0x52 CMakeFiles/test_rpmsg_mu.elf.dir/home/efacec/nxp/SDK_2_14_0_EVK-MIMX8MP/middleware/multicore/rpmsg_lite/lib/rpmsg_lite/porting/environment/rpmsg_env_freertos.c.obj
                0x0000000000003eac                env_get_queue
 .text.rpmsg_queue_rx_cb
                0x0000000000003efe       0x22 CMakeFiles/test_rpmsg_mu.elf.dir/home/efacec/nxp/SDK_2_14_0_EVK-MIMX8MP/middleware/multicore/rpmsg_lite/lib/rpmsg_lite/rpmsg_queue.c.obj
                0x0000000000003efe                rpmsg_queue_rx_cb
 .text.rpmsg_queue_create
                0x0000000000003f20       0x28 CMakeFiles/test_rpmsg_mu.elf.dir/home/efacec/nxp/SDK_2_14_0_EVK-MIMX8MP/middleware/multicore/rpmsg_lite/lib/rpmsg_lite/rpmsg_queue.c.obj
                0x0000000000003f20                rpmsg_queue_create
 .text.rpmsg_queue_recv_nocopy
                0x0000000000003f48       0x4c CMakeFiles/test_rpmsg_mu.elf.dir/home/efacec/nxp/SDK_2_14_0_EVK-MIMX8MP/middleware/multicore/rpmsg_lite/lib/rpmsg_lite/rpmsg_queue.c.obj
                0x0000000000003f48                rpmsg_queue_recv_nocopy
 .text.rpmsg_queue_nocopy_free
                0x0000000000003f94       0x14 CMakeFiles/test_rpmsg_mu.elf.dir/home/efacec/nxp/SDK_2_14_0_EVK-MIMX8MP/middleware/multicore/rpmsg_lite/lib/rpmsg_lite/rpmsg_queue.c.obj
                0x0000000000003f94                rpmsg_queue_nocopy_free
 .text.platform_init_interrupt
                0x0000000000003fa8       0x44 CMakeFiles/test_rpmsg_mu.elf.dir/home/efacec/nxp/SDK_2_14_0_EVK-MIMX8MP/middleware/multicore/rpmsg_lite/lib/rpmsg_lite/porting/platform/imx8mp_m7/rpmsg_platform.c.obj
                0x0000000000003fa8                platform_init_interrupt
 .text.platform_notify
                0x0000000000003fec       0x28 CMakeFiles/test_rpmsg_mu.elf.dir/home/efacec/nxp/SDK_2_14_0_EVK-MIMX8MP/middleware/multicore/rpmsg_lite/lib/rpmsg_lite/porting/platform/imx8mp_m7/rpmsg_platform.c.obj
                0x0000000000003fec                platform_notify
 .text.platform_in_isr
                0x0000000000004014       0x14 CMakeFiles/test_rpmsg_mu.elf.dir/home/efacec/nxp/SDK_2_14_0_EVK-MIMX8MP/middleware/multicore/rpmsg_lite/lib/rpmsg_lite/porting/platform/imx8mp_m7/rpmsg_platform.c.obj
                0x0000000000004014                platform_in_isr
 .text.platform_interrupt_enable
                0x0000000000004028       0x28 CMakeFiles/test_rpmsg_mu.elf.dir/home/efacec/nxp/SDK_2_14_0_EVK-MIMX8MP/middleware/multicore/rpmsg_lite/lib/rpmsg_lite/porting/platform/imx8mp_m7/rpmsg_platform.c.obj
                0x0000000000004028                platform_interrupt_enable
 .text.platform_interrupt_disable
                0x0000000000004050       0x34 CMakeFiles/test_rpmsg_mu.elf.dir/home/efacec/nxp/SDK_2_14_0_EVK-MIMX8MP/middleware/multicore/rpmsg_lite/lib/rpmsg_lite/porting/platform/imx8mp_m7/rpmsg_platform.c.obj
                0x0000000000004050                platform_interrupt_disable
 .text.platform_patova
                0x0000000000004084        0x2 CMakeFiles/test_rpmsg_mu.elf.dir/home/efacec/nxp/SDK_2_14_0_EVK-MIMX8MP/middleware/multicore/rpmsg_lite/lib/rpmsg_lite/porting/platform/imx8mp_m7/rpmsg_platform.c.obj
                0x0000000000004084                platform_patova
 *fill*         0x0000000000004086        0x2 
 .text.platform_init
                0x0000000000004088       0x34 CMakeFiles/test_rpmsg_mu.elf.dir/home/efacec/nxp/SDK_2_14_0_EVK-MIMX8MP/middleware/multicore/rpmsg_lite/lib/rpmsg_lite/porting/platform/imx8mp_m7/rpmsg_platform.c.obj
                0x0000000000004088                platform_init
 .text.ConvertRadixNumToString.constprop.0
                0x00000000000040bc       0x48 CMakeFiles/test_rpmsg_mu.elf.dir/home/efacec/nxp/SDK_2_14_0_EVK-MIMX8MP/devices/MIMX8ML8/utilities/str/fsl_str.c.obj
 .text.StrFormatPrintf
                0x0000000000004104      0x1c8 CMakeFiles/test_rpmsg_mu.elf.dir/home/efacec/nxp/SDK_2_14_0_EVK-MIMX8MP/devices/MIMX8ML8/utilities/str/fsl_str.c.obj
                0x0000000000004104                StrFormatPrintf
 .text.DbgConsole_SendDataReliable
                0x00000000000042cc       0x30 CMakeFiles/test_rpmsg_mu.elf.dir/home/efacec/nxp/SDK_2_14_0_EVK-MIMX8MP/devices/MIMX8ML8/utilities/debug_console/fsl_debug_console.c.obj
                0x00000000000042cc                DbgConsole_SendDataReliable
 .text.DbgConsole_PrintCallback
                0x00000000000042fc       0x3a CMakeFiles/test_rpmsg_mu.elf.dir/home/efacec/nxp/SDK_2_14_0_EVK-MIMX8MP/devices/MIMX8ML8/utilities/debug_console/fsl_debug_console.c.obj
 *fill*         0x0000000000004336        0x2 
 .text.DbgConsole_Init
                0x0000000000004338       0x90 CMakeFiles/test_rpmsg_mu.elf.dir/home/efacec/nxp/SDK_2_14_0_EVK-MIMX8MP/devices/MIMX8ML8/utilities/debug_console/fsl_debug_console.c.obj
                0x0000000000004338                DbgConsole_Init
 .text.DbgConsole_Vprintf
                0x00000000000043c8       0x3c CMakeFiles/test_rpmsg_mu.elf.dir/home/efacec/nxp/SDK_2_14_0_EVK-MIMX8MP/devices/MIMX8ML8/utilities/debug_console/fsl_debug_console.c.obj
                0x00000000000043c8                DbgConsole_Vprintf
 .text.DbgConsole_Printf
                0x0000000000004404       0x1a CMakeFiles/test_rpmsg_mu.elf.dir/home/efacec/nxp/SDK_2_14_0_EVK-MIMX8MP/devices/MIMX8ML8/utilities/debug_console/fsl_debug_console.c.obj
                0x0000000000004404                DbgConsole_Printf
 *fill*         0x000000000000441e        0x2 
 .text.exit     0x0000000000004420       0x28 /home/efacec/var-mcuxpresso/gcc-arm-none-eabi-10.3-2021.10/bin/../lib/gcc/arm-none-eabi/10.3.1/../../../../arm-none-eabi/lib/thumb/v7e-m+fp/hard/libc_nano.a(lib_a-exit.o)
                0x0000000000004420                exit
 .text.__libc_init_array
                0x0000000000004448       0x48 /home/efacec/var-mcuxpresso/gcc-arm-none-eabi-10.3-2021.10/bin/../lib/gcc/arm-none-eabi/10.3.1/../../../../arm-none-eabi/lib/thumb/v7e-m+fp/hard/libc_nano.a(lib_a-init.o)
                0x0000000000004448                __libc_init_array
 .text.memset   0x0000000000004490       0x10 /home/efacec/var-mcuxpresso/gcc-arm-none-eabi-10.3-2021.10/bin/../lib/gcc/arm-none-eabi/10.3.1/../../../../arm-none-eabi/lib/thumb/v7e-m+fp/hard/libc_nano.a(lib_a-memset.o)
                0x0000000000004490                memset
 .text.strncpy  0x00000000000044a0       0x26 /home/efacec/var-mcuxpresso/gcc-arm-none-eabi-10.3-2021.10/bin/../lib/gcc/arm-none-eabi/10.3.1/../../../../arm-none-eabi/lib/thumb/v7e-m+fp/hard/libc_nano.a(lib_a-strncpy.o)
                0x00000000000044a0                strncpy
 *fill*         0x00000000000044c6        0x2 
 .text._exit    0x00000000000044c8        0x4 /home/efacec/var-mcuxpresso/gcc-arm-none-eabi-10.3-2021.10/bin/../lib/gcc/arm-none-eabi/10.3.1/../../../../arm-none-eabi/lib/thumb/v7e-m+fp/hard/libnosys.a(_exit.o)
                0x00000000000044c8                _exit
 *(.rodata)
 *(.rodata*)
 .rodata.MU1_M7_IRQHandler.str1.1
                0x00000000000044cc        0xb CMakeFiles/test_rpmsg_mu.elf.dir/home/efacec/nxp/SDK_2_14_0_EVK-MIMX8MP/boards/evkmimx8mp/multicore_examples/test_rpmsg_mu/main_remote.c.obj
 .rodata.main.str1.1
                0x00000000000044d7       0x7d CMakeFiles/test_rpmsg_mu.elf.dir/home/efacec/nxp/SDK_2_14_0_EVK-MIMX8MP/boards/evkmimx8mp/multicore_examples/test_rpmsg_mu/main_remote.c.obj
 .rodata.s_gpioClock
                0x0000000000004554       0x18 CMakeFiles/test_rpmsg_mu.elf.dir/home/efacec/nxp/SDK_2_14_0_EVK-MIMX8MP/boards/evkmimx8mp/multicore_examples/test_rpmsg_mu/fsl_gpio.c.obj
 .rodata.g_audioPll1Config
                0x000000000000456c       0x10 CMakeFiles/test_rpmsg_mu.elf.dir/home/efacec/nxp/SDK_2_14_0_EVK-MIMX8MP/boards/evkmimx8mp/multicore_examples/test_rpmsg_mu/clock_config.c.obj
                0x000000000000456c                g_audioPll1Config
 .rodata.g_audioPll2Config
                0x000000000000457c       0x10 CMakeFiles/test_rpmsg_mu.elf.dir/home/efacec/nxp/SDK_2_14_0_EVK-MIMX8MP/boards/evkmimx8mp/multicore_examples/test_rpmsg_mu/clock_config.c.obj
                0x000000000000457c                g_audioPll2Config
 .rodata.g_saiPLLConfig
                0x000000000000458c       0x10 CMakeFiles/test_rpmsg_mu.elf.dir/home/efacec/nxp/SDK_2_14_0_EVK-MIMX8MP/boards/evkmimx8mp/multicore_examples/test_rpmsg_mu/clock_config.c.obj
                0x000000000000458c                g_saiPLLConfig
 .rodata.s_UartAdapterBase
                0x000000000000459c       0x14 CMakeFiles/test_rpmsg_mu.elf.dir/home/efacec/nxp/SDK_2_14_0_EVK-MIMX8MP/components/uart/fsl_adapter_iuart.c.obj
 .rodata.CSWTCH.36
                0x00000000000045b0        0x6 CMakeFiles/test_rpmsg_mu.elf.dir/home/efacec/nxp/SDK_2_14_0_EVK-MIMX8MP/devices/MIMX8ML8/drivers/fsl_uart.c.obj
 *fill*         0x00000000000045b6        0x2 
 .rodata.s_uartClock
                0x00000000000045b8       0x14 CMakeFiles/test_rpmsg_mu.elf.dir/home/efacec/nxp/SDK_2_14_0_EVK-MIMX8MP/devices/MIMX8ML8/drivers/fsl_uart.c.obj
 .rodata.rpmsg_lite_master_init.str1.1
                0x00000000000045cc        0xc CMakeFiles/test_rpmsg_mu.elf.dir/home/efacec/nxp/SDK_2_14_0_EVK-MIMX8MP/middleware/multicore/rpmsg_lite/lib/rpmsg_lite/rpmsg_lite.c.obj
 .rodata.remote_vq_ops
                0x00000000000045d8       0x10 CMakeFiles/test_rpmsg_mu.elf.dir/home/efacec/nxp/SDK_2_14_0_EVK-MIMX8MP/middleware/multicore/rpmsg_lite/lib/rpmsg_lite/rpmsg_lite.c.obj
 .rodata._global_impure_ptr
                0x00000000000045e8        0x4 /home/efacec/var-mcuxpresso/gcc-arm-none-eabi-10.3-2021.10/bin/../lib/gcc/arm-none-eabi/10.3.1/../../../../arm-none-eabi/lib/thumb/v7e-m+fp/hard/libc_nano.a(lib_a-impure.o)
                0x00000000000045e8                _global_impure_ptr
 *(.glue_7)
 .glue_7        0x00000000000045ec        0x0 linker stubs
 *(.glue_7t)
 .glue_7t       0x00000000000045ec        0x0 linker stubs
 *(.eh_frame)
 .eh_frame      0x00000000000045ec        0x0 /home/efacec/var-mcuxpresso/gcc-arm-none-eabi-10.3-2021.10/bin/../lib/gcc/arm-none-eabi/10.3.1/thumb/v7e-m+fp/hard/crtbegin.o
 *(.init)
 .init          0x00000000000045ec        0x4 /home/efacec/var-mcuxpresso/gcc-arm-none-eabi-10.3-2021.10/bin/../lib/gcc/arm-none-eabi/10.3.1/thumb/v7e-m+fp/hard/crti.o
                0x00000000000045ec                _init
 .init          0x00000000000045f0        0x8 /home/efacec/var-mcuxpresso/gcc-arm-none-eabi-10.3-2021.10/bin/../lib/gcc/arm-none-eabi/10.3.1/thumb/v7e-m+fp/hard/crtn.o
 *(.fini)
 .fini          0x00000000000045f8        0x4 /home/efacec/var-mcuxpresso/gcc-arm-none-eabi-10.3-2021.10/bin/../lib/gcc/arm-none-eabi/10.3.1/thumb/v7e-m+fp/hard/crti.o
                0x00000000000045f8                _fini
 .fini          0x00000000000045fc        0x8 /home/efacec/var-mcuxpresso/gcc-arm-none-eabi-10.3-2021.10/bin/../lib/gcc/arm-none-eabi/10.3.1/thumb/v7e-m+fp/hard/crtn.o
                0x0000000000004604                . = ALIGN (0x4)

.vfp11_veneer   0x0000000000004604        0x0
 .vfp11_veneer  0x0000000000004604        0x0 linker stubs

.v4_bx          0x0000000000004604        0x0
 .v4_bx         0x0000000000004604        0x0 linker stubs

.iplt           0x0000000000004604        0x0
 .iplt          0x0000000000004604        0x0 /home/efacec/var-mcuxpresso/gcc-arm-none-eabi-10.3-2021.10/bin/../lib/gcc/arm-none-eabi/10.3.1/thumb/v7e-m+fp/hard/crtbegin.o

.ARM.extab
 *(.ARM.extab* .gnu.linkonce.armextab.*)

.ARM            0x0000000000004604        0x8
                0x0000000000004604                __exidx_start = .
 *(.ARM.exidx*)
 .ARM.exidx     0x0000000000004604        0x8 /home/efacec/var-mcuxpresso/gcc-arm-none-eabi-10.3-2021.10/bin/../lib/gcc/arm-none-eabi/10.3.1/../../../../arm-none-eabi/lib/thumb/v7e-m+fp/hard/crt0.o
                                         0x10 (size before relaxing)
 .ARM.exidx     0x000000000000460c        0x0 /home/efacec/var-mcuxpresso/gcc-arm-none-eabi-10.3-2021.10/bin/../lib/gcc/arm-none-eabi/10.3.1/thumb/v7e-m+fp/hard/libgcc.a(_udivmoddi4.o)
                                          0x8 (size before relaxing)
                0x000000000000460c                __exidx_end = .

.rel.dyn        0x000000000000460c        0x0
 .rel.iplt      0x000000000000460c        0x0 /home/efacec/var-mcuxpresso/gcc-arm-none-eabi-10.3-2021.10/bin/../lib/gcc/arm-none-eabi/10.3.1/thumb/v7e-m+fp/hard/crtbegin.o

.ctors          0x000000000000460c        0x0
                0x000000000000460c                __CTOR_LIST__ = .
 *crtbegin.o(.ctors)
 *crtbegin?.o(.ctors)
 *(EXCLUDE_FILE(*crtend.o *crtend?.o) .ctors)
 *(SORT_BY_NAME(.ctors.*))
 *(.ctors)
                0x000000000000460c                __CTOR_END__ = .

.dtors          0x000000000000460c        0x0
                0x000000000000460c                __DTOR_LIST__ = .
 *crtbegin.o(.dtors)
 *crtbegin?.o(.dtors)
 *(EXCLUDE_FILE(*crtend.o *crtend?.o) .dtors)
 *(SORT_BY_NAME(.dtors.*))
 *(.dtors)
                0x000000000000460c                __DTOR_END__ = .

.preinit_array  0x000000000000460c        0x0
                0x000000000000460c                PROVIDE (__preinit_array_start = .)
 *(.preinit_array*)
                0x000000000000460c                PROVIDE (__preinit_array_end = .)

.init_array     0x000000000000460c        0x4
                0x000000000000460c                PROVIDE (__init_array_start = .)
 *(SORT_BY_NAME(.init_array.*))
 *(.init_array*)
 .init_array    0x000000000000460c        0x4 /home/efacec/var-mcuxpresso/gcc-arm-none-eabi-10.3-2021.10/bin/../lib/gcc/arm-none-eabi/10.3.1/thumb/v7e-m+fp/hard/crtbegin.o
                0x0000000000004610                PROVIDE (__init_array_end = .)

.fini_array     0x0000000000004610        0x4
                [!provide]                        PROVIDE (__fini_array_start = .)
 *(SORT_BY_NAME(.fini_array.*))
 *(.fini_array*)
 .fini_array    0x0000000000004610        0x4 /home/efacec/var-mcuxpresso/gcc-arm-none-eabi-10.3-2021.10/bin/../lib/gcc/arm-none-eabi/10.3.1/thumb/v7e-m+fp/hard/crtbegin.o
                [!provide]                        PROVIDE (__fini_array_end = .)
                0x0000000000004614                __etext = .
                0x0000000000004614                __DATA_ROM = .

.data           0x0000000020000000       0x68 load address 0x0000000000004614
                0x0000000020000000                . = ALIGN (0x4)
                0x0000000020000000                __DATA_RAM = .
                0x0000000020000000                __data_start__ = .
 *(.data)
 *(.data*)
 .data.SystemCoreClock
                0x0000000020000000        0x4 CMakeFiles/test_rpmsg_mu.elf.dir/home/efacec/nxp/SDK_2_14_0_EVK-MIMX8MP/devices/MIMX8ML8/system_MIMX8ML8_cm7.c.obj
                0x0000000020000000                SystemCoreClock
 .data.uxCriticalNesting
                0x0000000020000004        0x4 CMakeFiles/test_rpmsg_mu.elf.dir/home/efacec/nxp/SDK_2_14_0_EVK-MIMX8MP/rtos/freertos/freertos-kernel/portable/GCC/ARM_CM4F/port.c.obj
 .data.impure_data
                0x0000000020000008       0x60 /home/efacec/var-mcuxpresso/gcc-arm-none-eabi-10.3-2021.10/bin/../lib/gcc/arm-none-eabi/10.3.1/../../../../arm-none-eabi/lib/thumb/v7e-m+fp/hard/libc_nano.a(lib_a-impure.o)
 *(.jcr*)
                0x0000000020000068                . = ALIGN (0x4)
                0x0000000020000068                __data_end__ = .
                0x0000000000000000                __CACHE_REGION_START = ORIGIN (m_interrupts)
                0x0000000000000000                __CACHE_REGION_SIZE = 0x0
                0x000000000000467c                __NDATA_ROM = (__DATA_ROM + SIZEOF (.data))

.igot.plt       0x0000000020000068        0x0 load address 0x000000000000467c
 .igot.plt      0x0000000020000068        0x0 /home/efacec/var-mcuxpresso/gcc-arm-none-eabi-10.3-2021.10/bin/../lib/gcc/arm-none-eabi/10.3.1/thumb/v7e-m+fp/hard/crtbegin.o

.ncache.init    0x0000000080000000        0x0 load address 0x000000000000467c
                0x0000000080000000                __noncachedata_start__ = .
 *(NonCacheable.init)
                0x0000000080000000                . = ALIGN (0x4)
                0x0000000080000000                __noncachedata_init_end__ = .
                0x0000000080000000                . = __noncachedata_init_end__

.ncache         0x0000000080000000        0x0
 *(NonCacheable)
                0x0000000080000000                . = ALIGN (0x4)
                0x0000000080000000                __noncachedata_end__ = .
                0x000000000000467c                __DATA_END = (__DATA_ROM + (__data_end__ - __data_start__))
                0x0000000000020000                text_end = (ORIGIN (m_text) + LENGTH (m_text))
                0x0000000000000001                ASSERT ((__DATA_END <= text_end), region m_text overflowed with text and data)

.bss            0x0000000020000068     0xa3e4 load address 0x000000000000467c
                0x0000000020000068                . = ALIGN (0x4)
                0x0000000020000068                __START_BSS = .
                0x0000000020000068                __bss_start__ = .
 *(.bss)
 .bss           0x0000000020000068       0x1c /home/efacec/var-mcuxpresso/gcc-arm-none-eabi-10.3-2021.10/bin/../lib/gcc/arm-none-eabi/10.3.1/thumb/v7e-m+fp/hard/crtbegin.o
 *(.bss*)
 .bss.app_buf   0x0000000020000084      0x200 CMakeFiles/test_rpmsg_mu.elf.dir/home/efacec/nxp/SDK_2_14_0_EVK-MIMX8MP/boards/evkmimx8mp/multicore_examples/test_rpmsg_mu/main_remote.c.obj
 .bss.my_ept    0x0000000020000284        0x4 CMakeFiles/test_rpmsg_mu.elf.dir/home/efacec/nxp/SDK_2_14_0_EVK-MIMX8MP/boards/evkmimx8mp/multicore_examples/test_rpmsg_mu/main_remote.c.obj
 .bss.my_queue  0x0000000020000288        0x4 CMakeFiles/test_rpmsg_mu.elf.dir/home/efacec/nxp/SDK_2_14_0_EVK-MIMX8MP/boards/evkmimx8mp/multicore_examples/test_rpmsg_mu/main_remote.c.obj
 .bss.my_rpmsg  0x000000002000028c        0x4 CMakeFiles/test_rpmsg_mu.elf.dir/home/efacec/nxp/SDK_2_14_0_EVK-MIMX8MP/boards/evkmimx8mp/multicore_examples/test_rpmsg_mu/main_remote.c.obj
 .bss.s_uartHandle
                0x0000000020000290       0x14 CMakeFiles/test_rpmsg_mu.elf.dir/home/efacec/nxp/SDK_2_14_0_EVK-MIMX8MP/devices/MIMX8ML8/drivers/fsl_uart.c.obj
                0x0000000020000290                s_uartHandle
 .bss.s_uartIsr
                0x00000000200002a4        0x4 CMakeFiles/test_rpmsg_mu.elf.dir/home/efacec/nxp/SDK_2_14_0_EVK-MIMX8MP/devices/MIMX8ML8/drivers/fsl_uart.c.obj
                0x00000000200002a4                s_uartIsr
 .bss.pxCurrentTCB
                0x00000000200002a8        0x4 CMakeFiles/test_rpmsg_mu.elf.dir/home/efacec/nxp/SDK_2_14_0_EVK-MIMX8MP/rtos/freertos/freertos-kernel/tasks.c.obj
                0x00000000200002a8                pxCurrentTCB
 .bss.pxDelayedTaskList
                0x00000000200002ac        0x4 CMakeFiles/test_rpmsg_mu.elf.dir/home/efacec/nxp/SDK_2_14_0_EVK-MIMX8MP/rtos/freertos/freertos-kernel/tasks.c.obj
 .bss.pxOverflowDelayedTaskList
                0x00000000200002b0        0x4 CMakeFiles/test_rpmsg_mu.elf.dir/home/efacec/nxp/SDK_2_14_0_EVK-MIMX8MP/rtos/freertos/freertos-kernel/tasks.c.obj
 .bss.pxReadyTasksLists
                0x00000000200002b4       0x64 CMakeFiles/test_rpmsg_mu.elf.dir/home/efacec/nxp/SDK_2_14_0_EVK-MIMX8MP/rtos/freertos/freertos-kernel/tasks.c.obj
 .bss.uxCurrentNumberOfTasks
                0x0000000020000318        0x4 CMakeFiles/test_rpmsg_mu.elf.dir/home/efacec/nxp/SDK_2_14_0_EVK-MIMX8MP/rtos/freertos/freertos-kernel/tasks.c.obj
 .bss.uxSchedulerSuspended
                0x000000002000031c        0x4 CMakeFiles/test_rpmsg_mu.elf.dir/home/efacec/nxp/SDK_2_14_0_EVK-MIMX8MP/rtos/freertos/freertos-kernel/tasks.c.obj
 .bss.uxTopReadyPriority
                0x0000000020000320        0x4 CMakeFiles/test_rpmsg_mu.elf.dir/home/efacec/nxp/SDK_2_14_0_EVK-MIMX8MP/rtos/freertos/freertos-kernel/tasks.c.obj
 .bss.xNextTaskUnblockTime
                0x0000000020000324        0x4 CMakeFiles/test_rpmsg_mu.elf.dir/home/efacec/nxp/SDK_2_14_0_EVK-MIMX8MP/rtos/freertos/freertos-kernel/tasks.c.obj
 .bss.xNumOfOverflows
                0x0000000020000328        0x4 CMakeFiles/test_rpmsg_mu.elf.dir/home/efacec/nxp/SDK_2_14_0_EVK-MIMX8MP/rtos/freertos/freertos-kernel/tasks.c.obj
 .bss.xPendedTicks
                0x000000002000032c        0x4 CMakeFiles/test_rpmsg_mu.elf.dir/home/efacec/nxp/SDK_2_14_0_EVK-MIMX8MP/rtos/freertos/freertos-kernel/tasks.c.obj
 .bss.xPendingReadyList
                0x0000000020000330       0x14 CMakeFiles/test_rpmsg_mu.elf.dir/home/efacec/nxp/SDK_2_14_0_EVK-MIMX8MP/rtos/freertos/freertos-kernel/tasks.c.obj
 .bss.xSchedulerRunning
                0x0000000020000344        0x4 CMakeFiles/test_rpmsg_mu.elf.dir/home/efacec/nxp/SDK_2_14_0_EVK-MIMX8MP/rtos/freertos/freertos-kernel/tasks.c.obj
 .bss.xSuspendedTaskList
                0x0000000020000348       0x14 CMakeFiles/test_rpmsg_mu.elf.dir/home/efacec/nxp/SDK_2_14_0_EVK-MIMX8MP/rtos/freertos/freertos-kernel/tasks.c.obj
 .bss.xTickCount
                0x000000002000035c        0x4 CMakeFiles/test_rpmsg_mu.elf.dir/home/efacec/nxp/SDK_2_14_0_EVK-MIMX8MP/rtos/freertos/freertos-kernel/tasks.c.obj
 .bss.xYieldPending
                0x0000000020000360        0x4 CMakeFiles/test_rpmsg_mu.elf.dir/home/efacec/nxp/SDK_2_14_0_EVK-MIMX8MP/rtos/freertos/freertos-kernel/tasks.c.obj
 .bss.xTimerQueue
                0x0000000020000364        0x4 CMakeFiles/test_rpmsg_mu.elf.dir/home/efacec/nxp/SDK_2_14_0_EVK-MIMX8MP/rtos/freertos/freertos-kernel/timers.c.obj
 .bss.ucMaxSysCallPriority
                0x0000000020000368        0x1 CMakeFiles/test_rpmsg_mu.elf.dir/home/efacec/nxp/SDK_2_14_0_EVK-MIMX8MP/rtos/freertos/freertos-kernel/portable/GCC/ARM_CM4F/port.c.obj
 *fill*         0x0000000020000369        0x3 
 .bss.ulMaxPRIGROUPValue
                0x000000002000036c        0x4 CMakeFiles/test_rpmsg_mu.elf.dir/home/efacec/nxp/SDK_2_14_0_EVK-MIMX8MP/rtos/freertos/freertos-kernel/portable/GCC/ARM_CM4F/port.c.obj