Archive member included to satisfy reference by file (symbol)

/home/efacec/var-mcuxpresso/gcc-arm-none-eabi-10.3-2021.10/bin/../lib/gcc/arm-none-eabi/10.3.1/../../../../arm-none-eabi/lib/thumb/v7e-m+fp/hard/libm.a(lib_a-s_fabs.o)
                              CMakeFiles/test_benchmark.elf.dir/home/efacec/nxp/SDK_2_14_0_EVK-MIMX8MP/boards/evkmimx8mp/driver_examples/benchmark/benchmark/benchmark.c.obj (fabs)
/home/efacec/var-mcuxpresso/gcc-arm-none-eabi-10.3-2021.10/bin/../lib/gcc/arm-none-eabi/10.3.1/../../../../arm-none-eabi/lib/thumb/v7e-m+fp/hard/libm.a(lib_a-s_round.o)
                              CMakeFiles/test_benchmark.elf.dir/home/efacec/nxp/SDK_2_14_0_EVK-MIMX8MP/boards/evkmimx8mp/driver_examples/benchmark/benchmark/benchmark.c.obj (round)
/home/efacec/var-mcuxpresso/gcc-arm-none-eabi-10.3-2021.10/bin/../lib/gcc/arm-none-eabi/10.3.1/../../../../arm-none-eabi/lib/thumb/v7e-m+fp/hard/libm.a(lib_a-s_sin.o)
                              CMakeFiles/test_benchmark.elf.dir/home/efacec/nxp/SDK_2_14_0_EVK-MIMX8MP/boards/evkmimx8mp/driver_examples/benchmark/benchmark/benchmark.c.obj (sin)
/home/efacec/var-mcuxpresso/gcc-arm-none-eabi-10.3-2021.10/bin/../lib/gcc/arm-none-eabi/10.3.1/../../../../arm-none-eabi/lib/thumb/v7e-m+fp/hard/libm.a(lib_a-w_sqrt.o)
                              CMakeFiles/test_benchmark.elf.dir/home/efacec/nxp/SDK_2_14_0_EVK-MIMX8MP/boards/evkmimx8mp/driver_examples/benchmark/benchmark/test_benchmark.c.obj (sqrt)
/home/efacec/var-mcuxpresso/gcc-arm-none-eabi-10.3-2021.10/bin/../lib/gcc/arm-none-eabi/10.3.1/../../../../arm-none-eabi/lib/thumb/v7e-m+fp/hard/libm.a(lib_a-e_rem_pio2.o)
                              /home/efacec/var-mcuxpresso/gcc-arm-none-eabi-10.3-2021.10/bin/../lib/gcc/arm-none-eabi/10.3.1/../../../../arm-none-eabi/lib/thumb/v7e-m+fp/hard/libm.a(lib_a-s_sin.o) (__ieee754_rem_pio2)
/home/efacec/var-mcuxpresso/gcc-arm-none-eabi-10.3-2021.10/bin/../lib/gcc/arm-none-eabi/10.3.1/../../../../arm-none-eabi/lib/thumb/v7e-m+fp/hard/libm.a(lib_a-e_sqrt.o)
                              /home/efacec/var-mcuxpresso/gcc-arm-none-eabi-10.3-2021.10/bin/../lib/gcc/arm-none-eabi/10.3.1/../../../../arm-none-eabi/lib/thumb/v7e-m+fp/hard/libm.a(lib_a-w_sqrt.o) (__ieee754_sqrt)
/home/efacec/var-mcuxpresso/gcc-arm-none-eabi-10.3-2021.10/bin/../lib/gcc/arm-none-eabi/10.3.1/../../../../arm-none-eabi/lib/thumb/v7e-m+fp/hard/libm.a(lib_a-k_cos.o)
                              /home/efacec/var-mcuxpresso/gcc-arm-none-eabi-10.3-2021.10/bin/../lib/gcc/arm-none-eabi/10.3.1/../../../../arm-none-eabi/lib/thumb/v7e-m+fp/hard/libm.a(lib_a-s_sin.o) (__kernel_cos)
/home/efacec/var-mcuxpresso/gcc-arm-none-eabi-10.3-2021.10/bin/../lib/gcc/arm-none-eabi/10.3.1/../../../../arm-none-eabi/lib/thumb/v7e-m+fp/hard/libm.a(lib_a-k_rem_pio2.o)
                              /home/efacec/var-mcuxpresso/gcc-arm-none-eabi-10.3-2021.10/bin/../lib/gcc/arm-none-eabi/10.3.1/../../../../arm-none-eabi/lib/thumb/v7e-m+fp/hard/libm.a(lib_a-e_rem_pio2.o) (__kernel_rem_pio2)
/home/efacec/var-mcuxpresso/gcc-arm-none-eabi-10.3-2021.10/bin/../lib/gcc/arm-none-eabi/10.3.1/../../../../arm-none-eabi/lib/thumb/v7e-m+fp/hard/libm.a(lib_a-k_sin.o)
                              /home/efacec/var-mcuxpresso/gcc-arm-none-eabi-10.3-2021.10/bin/../lib/gcc/arm-none-eabi/10.3.1/../../../../arm-none-eabi/lib/thumb/v7e-m+fp/hard/libm.a(lib_a-s_sin.o) (__kernel_sin)
/home/efacec/var-mcuxpresso/gcc-arm-none-eabi-10.3-2021.10/bin/../lib/gcc/arm-none-eabi/10.3.1/../../../../arm-none-eabi/lib/thumb/v7e-m+fp/hard/libm.a(lib_a-s_floor.o)
                              /home/efacec/var-mcuxpresso/gcc-arm-none-eabi-10.3-2021.10/bin/../lib/gcc/arm-none-eabi/10.3.1/../../../../arm-none-eabi/lib/thumb/v7e-m+fp/hard/libm.a(lib_a-k_rem_pio2.o) (floor)
/home/efacec/var-mcuxpresso/gcc-arm-none-eabi-10.3-2021.10/bin/../lib/gcc/arm-none-eabi/10.3.1/../../../../arm-none-eabi/lib/thumb/v7e-m+fp/hard/libm.a(lib_a-s_scalbn.o)
                              /home/efacec/var-mcuxpresso/gcc-arm-none-eabi-10.3-2021.10/bin/../lib/gcc/arm-none-eabi/10.3.1/../../../../arm-none-eabi/lib/thumb/v7e-m+fp/hard/libm.a(lib_a-k_rem_pio2.o) (scalbn)
/home/efacec/var-mcuxpresso/gcc-arm-none-eabi-10.3-2021.10/bin/../lib/gcc/arm-none-eabi/10.3.1/../../../../arm-none-eabi/lib/thumb/v7e-m+fp/hard/libc_nano.a(lib_a-errno.o)
                              CMakeFiles/test_benchmark.elf.dir/home/efacec/nxp/SDK_2_14_0_EVK-MIMX8MP/devices/MIMX8ML8/utilities/fsl_sbrk.c.obj (__errno)
/home/efacec/var-mcuxpresso/gcc-arm-none-eabi-10.3-2021.10/bin/../lib/gcc/arm-none-eabi/10.3.1/../../../../arm-none-eabi/lib/thumb/v7e-m+fp/hard/libc_nano.a(lib_a-exit.o)
                              /home/efacec/var-mcuxpresso/gcc-arm-none-eabi-10.3-2021.10/bin/../lib/gcc/arm-none-eabi/10.3.1/../../../../arm-none-eabi/lib/thumb/v7e-m+fp/hard/crt0.o (exit)
[...]
Memory Configuration

Name             Origin             Length             Attributes
m_interrupts     0x0000000080000000 0x0000000000000400 xr
m_text           0x0000000080000400 0x00000000001ffc00 xr
m_data           0x0000000080200000 0x0000000000200000 rw
m_data2          0x0000000080400000 0x0000000000c00000 rw
*default*        0x0000000000000000 0xffffffffffffffff

Linker script and memory map

LOAD /home/efacec/var-mcuxpresso/gcc-arm-none-eabi-10.3-2021.10/bin/../lib/gcc/arm-none-eabi/10.3.1/thumb/v7e-m+fp/hard/crti.o
LOAD /home/efacec/var-mcuxpresso/gcc-arm-none-eabi-10.3-2021.10/bin/../lib/gcc/arm-none-eabi/10.3.1/thumb/v7e-m+fp/hard/crtbegin.o
LOAD /home/efacec/var-mcuxpresso/gcc-arm-none-eabi-10.3-2021.10/bin/../lib/gcc/arm-none-eabi/10.3.1/../../../../arm-none-eabi/lib/thumb/v7e-m+fp/hard/crt0.o
LOAD CMakeFiles/test_benchmark.elf.dir/home/efacec/nxp/SDK_2_14_0_EVK-MIMX8MP/boards/evkmimx8mp/driver_examples/benchmark/benchmark/test_benchmark.c.obj
LOAD CMakeFiles/test_benchmark.elf.dir/home/efacec/nxp/SDK_2_14_0_EVK-MIMX8MP/boards/evkmimx8mp/driver_examples/benchmark/benchmark/benchmark.c.obj
LOAD CMakeFiles/test_benchmark.elf.dir/home/efacec/nxp/SDK_2_14_0_EVK-MIMX8MP/boards/evkmimx8mp/driver_examples/benchmark/benchmark/pin_mux.c.obj
LOAD CMakeFiles/test_benchmark.elf.dir/home/efacec/nxp/SDK_2_14_0_EVK-MIMX8MP/boards/evkmimx8mp/driver_examples/benchmark/benchmark/board.c.obj
LOAD CMakeFiles/test_benchmark.elf.dir/home/efacec/nxp/SDK_2_14_0_EVK-MIMX8MP/boards/evkmimx8mp/driver_examples/benchmark/benchmark/clock_config.c.obj
LOAD CMakeFiles/test_benchmark.elf.dir/home/efacec/nxp/SDK_2_14_0_EVK-MIMX8MP/boards/evkmimx8mp/driver_examples/benchmark/benchmark/empty_rsc_table.c.obj
LOAD CMakeFiles/test_benchmark.elf.dir/home/efacec/nxp/SDK_2_14_0_EVK-MIMX8MP/components/uart/fsl_adapter_iuart.c.obj
LOAD CMakeFiles/test_benchmark.elf.dir/home/efacec/nxp/SDK_2_14_0_EVK-MIMX8MP/components/lists/fsl_component_generic_list.c.obj
LOAD CMakeFiles/test_benchmark.elf.dir/home/efacec/nxp/SDK_2_14_0_EVK-MIMX8MP/devices/MIMX8ML8/gcc/startup_MIMX8ML8_cm7.S.obj
LOAD CMakeFiles/test_benchmark.elf.dir/home/efacec/nxp/SDK_2_14_0_EVK-MIMX8MP/devices/MIMX8ML8/system_MIMX8ML8_cm7.c.obj
LOAD CMakeFiles/test_benchmark.elf.dir/home/efacec/nxp/SDK_2_14_0_EVK-MIMX8MP/devices/MIMX8ML8/drivers/fsl_audiomix.c.obj
LOAD CMakeFiles/test_benchmark.elf.dir/home/efacec/nxp/SDK_2_14_0_EVK-MIMX8MP/devices/MIMX8ML8/drivers/fsl_clock.c.obj
LOAD CMakeFiles/test_benchmark.elf.dir/home/efacec/nxp/SDK_2_14_0_EVK-MIMX8MP/devices/MIMX8ML8/drivers/fsl_common.c.obj
LOAD CMakeFiles/test_benchmark.elf.dir/home/efacec/nxp/SDK_2_14_0_EVK-MIMX8MP/devices/MIMX8ML8/drivers/fsl_common_arm.c.obj
LOAD CMakeFiles/test_benchmark.elf.dir/home/efacec/nxp/SDK_2_14_0_EVK-MIMX8MP/devices/MIMX8ML8/drivers/fsl_gpio.c.obj
LOAD CMakeFiles/test_benchmark.elf.dir/home/efacec/nxp/SDK_2_14_0_EVK-MIMX8MP/devices/MIMX8ML8/drivers/fsl_uart.c.obj
LOAD CMakeFiles/test_benchmark.elf.dir/home/efacec/nxp/SDK_2_14_0_EVK-MIMX8MP/devices/MIMX8ML8/drivers/fsl_rdc.c.obj
LOAD CMakeFiles/test_benchmark.elf.dir/home/efacec/nxp/SDK_2_14_0_EVK-MIMX8MP/devices/MIMX8ML8/utilities/fsl_sbrk.c.obj
LOAD CMakeFiles/test_benchmark.elf.dir/home/efacec/nxp/SDK_2_14_0_EVK-MIMX8MP/devices/MIMX8ML8/utilities/fsl_syscall_stub.c.obj
LOAD CMakeFiles/test_benchmark.elf.dir/home/efacec/nxp/SDK_2_14_0_EVK-MIMX8MP/devices/MIMX8ML8/utilities/fsl_memcpy.S.obj
LOAD CMakeFiles/test_benchmark.elf.dir/home/efacec/nxp/SDK_2_14_0_EVK-MIMX8MP/devices/MIMX8ML8/utilities/debug_console_lite/fsl_assert.c.obj
LOAD CMakeFiles/test_benchmark.elf.dir/home/efacec/nxp/SDK_2_14_0_EVK-MIMX8MP/devices/MIMX8ML8/utilities/str/fsl_str.c.obj
LOAD CMakeFiles/test_benchmark.elf.dir/home/efacec/nxp/SDK_2_14_0_EVK-MIMX8MP/devices/MIMX8ML8/utilities/debug_console_lite/fsl_debug_console.c.obj
START GROUP
LOAD /home/efacec/var-mcuxpresso/gcc-arm-none-eabi-10.3-2021.10/bin/../lib/gcc/arm-none-eabi/10.3.1/../../../../arm-none-eabi/lib/thumb/v7e-m+fp/hard/libm.a
LOAD /home/efacec/var-mcuxpresso/gcc-arm-none-eabi-10.3-2021.10/bin/../lib/gcc/arm-none-eabi/10.3.1/../../../../arm-none-eabi/lib/thumb/v7e-m+fp/hard/libc_nano.a
LOAD /home/efacec/var-mcuxpresso/gcc-arm-none-eabi-10.3-2021.10/bin/../lib/gcc/arm-none-eabi/10.3.1/thumb/v7e-m+fp/hard/libgcc.a
LOAD /home/efacec/var-mcuxpresso/gcc-arm-none-eabi-10.3-2021.10/bin/../lib/gcc/arm-none-eabi/10.3.1/../../../../arm-none-eabi/lib/thumb/v7e-m+fp/hard/libnosys.a
END GROUP
START GROUP
LOAD /home/efacec/var-mcuxpresso/gcc-arm-none-eabi-10.3-2021.10/bin/../lib/gcc/arm-none-eabi/10.3.1/thumb/v7e-m+fp/hard/libgcc.a
LOAD /home/efacec/var-mcuxpresso/gcc-arm-none-eabi-10.3-2021.10/bin/../lib/gcc/arm-none-eabi/10.3.1/../../../../arm-none-eabi/lib/thumb/v7e-m+fp/hard/libc_nano.a
END GROUP
START GROUP
LOAD /home/efacec/var-mcuxpresso/gcc-arm-none-eabi-10.3-2021.10/bin/../lib/gcc/arm-none-eabi/10.3.1/thumb/v7e-m+fp/hard/libgcc.a
LOAD /home/efacec/var-mcuxpresso/gcc-arm-none-eabi-10.3-2021.10/bin/../lib/gcc/arm-none-eabi/10.3.1/../../../../arm-none-eabi/lib/thumb/v7e-m+fp/hard/libc_nano.a
LOAD /home/efacec/var-mcuxpresso/gcc-arm-none-eabi-10.3-2021.10/bin/../lib/gcc/arm-none-eabi/10.3.1/../../../../arm-none-eabi/lib/thumb/v7e-m+fp/hard/libnosys.a
END GROUP
START GROUP
LOAD /home/efacec/var-mcuxpresso/gcc-arm-none-eabi-10.3-2021.10/bin/../lib/gcc/arm-none-eabi/10.3.1/thumb/v7e-m+fp/hard/libgcc.a
LOAD /home/efacec/var-mcuxpresso/gcc-arm-none-eabi-10.3-2021.10/bin/../lib/gcc/arm-none-eabi/10.3.1/../../../../arm-none-eabi/lib/thumb/v7e-m+fp/hard/libc_nano.a
LOAD /home/efacec/var-mcuxpresso/gcc-arm-none-eabi-10.3-2021.10/bin/../lib/gcc/arm-none-eabi/10.3.1/../../../../arm-none-eabi/lib/thumb/v7e-m+fp/hard/libnosys.a
END GROUP
LOAD /home/efacec/var-mcuxpresso/gcc-arm-none-eabi-10.3-2021.10/bin/../lib/gcc/arm-none-eabi/10.3.1/thumb/v7e-m+fp/hard/crtend.o
LOAD /home/efacec/var-mcuxpresso/gcc-arm-none-eabi-10.3-2021.10/bin/../lib/gcc/arm-none-eabi/10.3.1/thumb/v7e-m+fp/hard/crtn.o
                0x0000000000000400                HEAP_SIZE = DEFINED (__heap_size__)?__heap_size__:0x400
                0x0000000000000400                STACK_SIZE = DEFINED (__stack_size__)?__stack_size__:0x400

.interrupts     0x0000000080000000      0x2a8
                0x0000000080000000                __VECTOR_TABLE = .
                0x0000000080000000                __Vectors = .
                0x0000000080000000                . = ALIGN (0x4)
 *(.isr_vector)
 .isr_vector    0x0000000080000000      0x2a8 CMakeFiles/test_benchmark.elf.dir/home/efacec/nxp/SDK_2_14_0_EVK-MIMX8MP/devices/MIMX8ML8/gcc/startup_MIMX8ML8_cm7.S.obj
                0x0000000080000000                __isr_vector
                0x00000000800002a8                . = ALIGN (0x4)

.resource_table
                0x0000000080000400       0x10
                0x0000000080000400                . = ALIGN (0x8)
 *(.resource_table)
 .resource_table
                0x0000000080000400       0x10 CMakeFiles/test_benchmark.elf.dir/home/efacec/nxp/SDK_2_14_0_EVK-MIMX8MP/boards/evkmimx8mp/driver_examples/benchmark/benchmark/empty_rsc_table.c.obj
                0x0000000080000400                resource_table
                0x0000000080000410                . = ALIGN (0x8)

.text           0x0000000080000410     0x5144
                0x0000000080000410                . = ALIGN (0x4)
 *(.text)
 .text          0x0000000080000410       0x40 /home/efacec/var-mcuxpresso/gcc-arm-none-eabi-10.3-2021.10/bin/../lib/gcc/arm-none-eabi/10.3.1/thumb/v7e-m+fp/hard/crtbegin.o
 .text          0x0000000080000450       0x7c /home/efacec/var-mcuxpresso/gcc-arm-none-eabi-10.3-2021.10/bin/../lib/gcc/arm-none-eabi/10.3.1/../../../../arm-none-eabi/lib/thumb/v7e-m+fp/hard/crt0.o
                0x0000000080000450                _stack_init
                0x0000000080000458                _mainCRTStartup
                0x0000000080000458                _start
 .text          0x00000000800004cc      0x588 CMakeFiles/test_benchmark.elf.dir/home/efacec/nxp/SDK_2_14_0_EVK-MIMX8MP/devices/MIMX8ML8/gcc/startup_MIMX8ML8_cm7.S.obj
                0x00000000800004cc                Reset_Handler
                0x0000000080000558                VPU_G2_DriverIRQHandler
                0x0000000080000558                PWM2_DriverIRQHandler
                0x0000000080000558                CAAM_ERROR_DriverIRQHandler
                0x0000000080000558                DebugMon_Handler
                0x0000000080000558                EDMA1_0_15_DriverIRQHandler
                0x0000000080000558                CPU_Error_AXI_DriverIRQHandler
                0x0000000080000558                BCH_DriverIRQHandler
                0x0000000080000558                VPU_G1_DriverIRQHandler
                0x0000000080000558                SNVS_Consolidated_DriverIRQHandler
                0x0000000080000558                MIPI_CSI1_DriverIRQHandler
                0x0000000080000558                MECC_ERR_DriverIRQHandler
                0x0000000080000558                PWM4_DriverIRQHandler
                0x0000000080000558                LCDIF1_DriverIRQHandler
                0x0000000080000558                RDC_DriverIRQHandler
                0x0000000080000558                GPIO3_Combined_0_15_DriverIRQHandler
                0x0000000080000558                USB2_WAKEUP_DriverIRQHandler
                0x0000000080000558                DDR_ERR_DriverIRQHandler
                0x0000000080000558                I2S2_DriverIRQHandler
                0x0000000080000558                I2C3_DriverIRQHandler
                0x0000000080000558                HS_CP0_DriverIRQHandler
                0x0000000080000558                GPMI_DriverIRQHandler
                0x0000000080000558                MU3_AUDIO_DriverIRQHandler
                0x0000000080000558                ISI_DriverIRQHandler
                0x0000000080000558                I2C2_DriverIRQHandler
                0x0000000080000558                ENET_QOS_PMT_DriverIRQHandler
                0x0000000080000558                MIPI_CSI2_DriverIRQHandler
                0x0000000080000558                GPIO2_Combined_16_31_DriverIRQHandler
                0x0000000080000558                PERFMON1_DriverIRQHandler
                0x0000000080000558                UsageFault_Handler
                0x0000000080000558                SCTR_IRQ0_DriverIRQHandler
                0x0000000080000558                CAAM_IRQ0_DriverIRQHandler
                0x0000000080000558                DDR_PerformanceMonitor_DriverIRQHandler
                0x0000000080000558                DefaultISR
                0x0000000080000558                CPU_PerformanceUnit_DriverIRQHandler
                0x0000000080000558                CAN_FD1_DriverIRQHandler
                0x0000000080000558                CPU_Error_L2RAM_DriverIRQHandler
                0x0000000080000558                I2S3_DriverIRQHandler
                0x0000000080000558                SDMA2_DriverIRQHandler
                0x0000000080000558                SRC_DriverIRQHandler
                0x0000000080000558                GPIO1_INT4_DriverIRQHandler
                0x0000000080000558                HS_CP1_DriverIRQHandler
                0x0000000080000558                USDHC1_DriverIRQHandler
                0x0000000080000558                ECSPI3_DriverIRQHandler
                0x0000000080000558                WDOG1_DriverIRQHandler
                0x0000000080000558                SDMA1_DriverIRQHandler
                0x0000000080000558                ECSPI2_DriverIRQHandler
                0x0000000080000558                GPIO1_Combined_16_31_DriverIRQHandler
                0x0000000080000558                GPIO1_INT7_DriverIRQHandler
                0x0000000080000558                MIPI_DSI_DriverIRQHandler
                0x0000000080000558                TZASC_DriverIRQHandler
                0x0000000080000558                GPIO5_Combined_0_15_DriverIRQHandler
                0x0000000080000558                GPIO1_INT0_DriverIRQHandler
                0x0000000080000558                GPIO1_INT2_DriverIRQHandler
                0x0000000080000558                GPU2D_DriverIRQHandler
                0x0000000080000558                RTIC_DriverIRQHandler
                0x0000000080000558                CAN_FD1_ERROR_DriverIRQHandler
                0x0000000080000558                EDMA1_ERR_DriverIRQHandler
                0x0000000080000558                GPT2_DriverIRQHandler
                0x0000000080000558                SCTR_IRQ1_DriverIRQHandler
                0x0000000080000558                VPU_DriverIRQHandler
                0x0000000080000558                I2S1_DriverIRQHandler
                0x0000000080000558                SNVS_Security_DriverIRQHandler
                0x0000000080000558                I2S7_DriverIRQHandler
                0x0000000080000558                AUD2HTX_DriverIRQHandler
                0x0000000080000558                PCIE_EDMA_DriverIRQHandler
                0x0000000080000558                PDM_ERROR_DriverIRQHandler
                0x0000000080000558                I2S56_DriverIRQHandler
                0x0000000080000558                ML_DriverIRQHandler
                0x0000000080000558                SJC_DriverIRQHandler
                0x0000000080000558                CAAM_IRQ1_DriverIRQHandler
                0x0000000080000558                PCIE_CTRL1_2_DriverIRQHandler
                0x0000000080000558                PERFMON2_DriverIRQHandler
                0x0000000080000558                GPT6_DriverIRQHandler
                0x0000000080000558                EDMA1_16_31_DriverIRQHandler
                0x0000000080000558                GPT5_DriverIRQHandler
                0x0000000080000558                DDR_DriverIRQHandler
                0x0000000080000558                GPT1_DriverIRQHandler
                0x0000000080000558                CAAM_IRQ2_DriverIRQHandler
                0x0000000080000558                SNVS_DriverIRQHandler
                0x0000000080000558                CSU_DriverIRQHandler
                0x0000000080000558                USDHC3_DriverIRQHandler
                0x0000000080000558                GPIO1_INT5_DriverIRQHandler
                0x0000000080000558                QOS_DriverIRQHandler
                0x0000000080000558                HDMI_TX_DriverIRQHandler
                0x0000000080000558                FlexSPI_DriverIRQHandler
                0x0000000080000558                DEWARP_DriverIRQHandler
                0x0000000080000558                GPIO1_Combined_0_15_DriverIRQHandler
                0x0000000080000558                USDHC2_DriverIRQHandler
                0x0000000080000558                WDOG3_DriverIRQHandler
                0x0000000080000558                MemManage_Handler
                0x0000000080000558                USB1_WAKEUP_DriverIRQHandler
                0x0000000080000558                PDM_EVENT_DriverIRQHandler
                0x0000000080000558                I2C4_DriverIRQHandler
                0x0000000080000558                USB1_DriverIRQHandler
                0x0000000080000558                GPIO3_Combined_16_31_DriverIRQHandler
                0x0000000080000558                AUDIO_XCVR1_DriverIRQHandler
                0x0000000080000558                PWM1_DriverIRQHandler
                0x0000000080000558                MU3_M7_DriverIRQHandler
                0x0000000080000558                PCIE_CTRL1_3_DriverIRQHandler
                0x0000000080000558                GPT4_DriverIRQHandler
                0x0000000080000558                MU2_A53_DriverIRQHandler
                0x0000000080000558                I2C1_DriverIRQHandler
                0x0000000080000558                AUDIO_XCVR_DriverIRQHandler
                0x0000000080000558                SDMA3_DriverIRQHandler
                0x0000000080000558                CM7_CTI_DriverIRQHandler
                0x0000000080000558                ECSPI1_DriverIRQHandler
                0x0000000080000558                DAP_DriverIRQHandler
                0x0000000080000558                Reserved16_DriverIRQHandler
                0x0000000080000558                ENET_QOS_DriverIRQHandler
                0x0000000080000558                I2C6_DriverIRQHandler
                0x0000000080000558                ENET1_DriverIRQHandler
                0x0000000080000558                ISP2_DriverIRQHandler
                0x0000000080000558                GPIO1_INT3_DriverIRQHandler
                0x0000000080000558                MECC_DriverIRQHandler
                0x0000000080000558                MECC_S_DriverIRQHandler
                0x0000000080000558                PCIE_CTRL1_1_DriverIRQHandler
                0x0000000080000558                APBHDMA_DriverIRQHandler
                0x0000000080000558                ENET1_MAC0_Rx_Tx_Done1_DriverIRQHandler
                0x0000000080000558                GPC_DriverIRQHandler
                0x0000000080000558                GPIO2_Combined_0_15_DriverIRQHandler
                0x0000000080000558                GPT3_DriverIRQHandler
                0x0000000080000558                CAN_FD2_DriverIRQHandler
                0x0000000080000558                CCM_IRQ2_DriverIRQHandler
                0x0000000080000558                PCIE_CTRL1_0_DriverIRQHandler
                0x0000000080000558                LCDIF2_DriverIRQHandler
                0x0000000080000558                WDOG2_DriverIRQHandler
                0x0000000080000558                ANAMIX_DriverIRQHandler
                0x0000000080000558                MECC_S_ERR_DriverIRQHandler
                0x0000000080000558                USB2_DriverIRQHandler
                0x0000000080000558                GPIO4_Combined_0_15_DriverIRQHandler
                0x0000000080000558                I2C5_DriverIRQHandler
                0x0000000080000558                GPIO4_Combined_16_31_DriverIRQHandler
                0x0000000080000558                ISP1_DriverIRQHandler
                0x0000000080000558                GPIO5_Combined_16_31_DriverIRQHandler
                0x0000000080000558                PCIE_CTRL1_ERR_DriverIRQHandler
                0x0000000080000558                ASRC_DriverIRQHandler
                0x0000000080000558                CAN_FD2_ERROR_DriverIRQHandler
                0x0000000080000558                BusFault_Handler
                0x0000000080000558                ENET1_1588_Timer_DriverIRQHandler
                0x0000000080000558                GPU3D_DriverIRQHandler
                0x0000000080000558                PDM_HWVAD_ERROR_DriverIRQHandler
                0x0000000080000558                PCIE_CTRL1_DriverIRQHandler
                0x0000000080000558                CCM_IRQ1_DriverIRQHandler
                0x0000000080000558                ENET1_MAC0_Rx_Tx_Done2_DriverIRQHandler
                0x0000000080000558                CPU_CTI_Trigger_DriverIRQHandler
                0x0000000080000558                PDM_HWVAD_EVENT_DriverIRQHandler
                0x0000000080000558                MU1_M7_DriverIRQHandler
                0x0000000080000558                MU2_AUDIO_DriverIRQHandler
                0x0000000080000558                PWM3_DriverIRQHandler
                0x0000000080000558                AUDIO_XCVR0_DriverIRQHandler
                0x0000000080000558                GPIO1_INT6_DriverIRQHandler
                0x0000000080000558                GPIO1_INT1_DriverIRQHandler
                0x0000000080000558                ISI_CH1_DriverIRQHandler
                0x0000000080000558                SRC_Combined_DriverIRQHandler
                0x0000000080000558                MU1_A53_DriverIRQHandler
                0x000000008000055c                NMI_Handler
                0x0000000080000560                HardFault_Handler
                0x0000000080000564                SVC_Handler
                0x0000000080000568                PendSV_Handler
                0x000000008000056c                SysTick_Handler
                0x0000000080000570                Reserved16_IRQHandler
                0x0000000080000574                DAP_IRQHandler
                0x0000000080000578                SDMA1_IRQHandler
                0x000000008000057c                GPU3D_IRQHandler
                0x0000000080000580                SNVS_IRQHandler
                0x0000000080000584                LCDIF1_IRQHandler
                0x0000000080000588                LCDIF2_IRQHandler
                0x000000008000058c                VPU_G1_IRQHandler
                0x0000000080000590                VPU_G2_IRQHandler
                0x0000000080000594                QOS_IRQHandler
                0x0000000080000598                WDOG3_IRQHandler
                0x000000008000059c                HS_CP1_IRQHandler
                0x00000000800005a0                APBHDMA_IRQHandler
                0x00000000800005a4                ML_IRQHandler
                0x00000000800005a8                BCH_IRQHandler
                0x00000000800005ac                GPMI_IRQHandler
                0x00000000800005b0                ISI_IRQHandler
                0x00000000800005b4                MIPI_CSI1_IRQHandler
                0x00000000800005b8                MIPI_DSI_IRQHandler
                0x00000000800005bc                SNVS_Consolidated_IRQHandler
                0x00000000800005c0                SNVS_Security_IRQHandler
                0x00000000800005c4                CSU_IRQHandler
                0x00000000800005c8                USDHC1_IRQHandler
                0x00000000800005cc                USDHC2_IRQHandler
                0x00000000800005d0                USDHC3_IRQHandler
                0x00000000800005d4                GPU2D_IRQHandler
                0x00000000800005d8                UART1_IRQHandler
                0x00000000800005dc                UART2_IRQHandler
                0x00000000800005e0                UART3_IRQHandler
                0x00000000800005e4                UART4_IRQHandler
                0x00000000800005e8                VPU_IRQHandler
                0x00000000800005ec                ECSPI1_IRQHandler
                0x00000000800005f0                ECSPI2_IRQHandler
                0x00000000800005f4                ECSPI3_IRQHandler
                0x00000000800005f8                SDMA3_IRQHandler
                0x00000000800005fc                I2C1_IRQHandler
                0x0000000080000600                I2C2_IRQHandler
                0x0000000080000604                I2C3_IRQHandler
                0x0000000080000608                I2C4_IRQHandler
                0x000000008000060c                RDC_IRQHandler
                0x0000000080000610                USB1_IRQHandler
                0x0000000080000614                USB2_IRQHandler
                0x0000000080000618                ISI_CH1_IRQHandler
                0x000000008000061c                HDMI_TX_IRQHandler
                0x0000000080000620                PDM_HWVAD_EVENT_IRQHandler
                0x0000000080000624                PDM_HWVAD_ERROR_IRQHandler
                0x0000000080000628                GPT6_IRQHandler
                0x000000008000062c                SCTR_IRQ0_IRQHandler
                0x0000000080000630                SCTR_IRQ1_IRQHandler
                0x0000000080000634                ANAMIX_IRQHandler
                0x0000000080000638                I2S3_IRQHandler
                0x000000008000063c                GPT5_IRQHandler
                0x0000000080000640                GPT4_IRQHandler
                0x0000000080000644                GPT3_IRQHandler
                0x0000000080000648                GPT2_IRQHandler
                0x000000008000064c                GPT1_IRQHandler
                0x0000000080000650                GPIO1_INT7_IRQHandler
                0x0000000080000654                GPIO1_INT6_IRQHandler
                0x0000000080000658                GPIO1_INT5_IRQHandler
                0x000000008000065c                GPIO1_INT4_IRQHandler
                0x0000000080000660                GPIO1_INT3_IRQHandler
                0x0000000080000664                GPIO1_INT2_IRQHandler
                0x0000000080000668                GPIO1_INT1_IRQHandler
                0x000000008000066c                GPIO1_INT0_IRQHandler
                0x0000000080000670                GPIO1_Combined_0_15_IRQHandler
                0x0000000080000674                GPIO1_Combined_16_31_IRQHandler
                0x0000000080000678                GPIO2_Combined_0_15_IRQHandler
                0x000000008000067c                GPIO2_Combined_16_31_IRQHandler
                0x0000000080000680                GPIO3_Combined_0_15_IRQHandler
                0x0000000080000684                GPIO3_Combined_16_31_IRQHandler
                0x0000000080000688                GPIO4_Combined_0_15_IRQHandler
                0x000000008000068c                GPIO4_Combined_16_31_IRQHandler
                0x0000000080000690                GPIO5_Combined_0_15_IRQHandler
                0x0000000080000694                GPIO5_Combined_16_31_IRQHandler
                0x0000000080000698                ISP1_IRQHandler
                0x000000008000069c                ISP2_IRQHandler
                0x00000000800006a0                I2C5_IRQHandler
                0x00000000800006a4                I2C6_IRQHandler
                0x00000000800006a8                WDOG1_IRQHandler
                0x00000000800006ac                WDOG2_IRQHandler
                0x00000000800006b0                MIPI_CSI2_IRQHandler
                0x00000000800006b4                PWM1_IRQHandler
                0x00000000800006b8                PWM2_IRQHandler
                0x00000000800006bc                PWM3_IRQHandler
                0x00000000800006c0                PWM4_IRQHandler
                0x00000000800006c4                CCM_IRQ1_IRQHandler
                0x00000000800006c8                CCM_IRQ2_IRQHandler
                0x00000000800006cc                GPC_IRQHandler
                0x00000000800006d0                MU1_A53_IRQHandler
                0x00000000800006d4                SRC_IRQHandler
                0x00000000800006d8                I2S56_IRQHandler
                0x00000000800006dc                RTIC_IRQHandler
                0x00000000800006e0                CPU_PerformanceUnit_IRQHandler
                0x00000000800006e4                CPU_CTI_Trigger_IRQHandler
                0x00000000800006e8                SRC_Combined_IRQHandler
                0x00000000800006ec                I2S1_IRQHandler
                0x00000000800006f0                I2S2_IRQHandler
                0x00000000800006f4                MU1_M7_IRQHandler
                0x00000000800006f8                DDR_PerformanceMonitor_IRQHandler
                0x00000000800006fc                DDR_IRQHandler
                0x0000000080000700                DEWARP_IRQHandler
                0x0000000080000704                CPU_Error_AXI_IRQHandler
                0x0000000080000708                CPU_Error_L2RAM_IRQHandler
                0x000000008000070c                SDMA2_IRQHandler
                0x0000000080000710                SJC_IRQHandler
                0x0000000080000714                CAAM_IRQ0_IRQHandler
                0x0000000080000718                CAAM_IRQ1_IRQHandler
                0x000000008000071c                FlexSPI_IRQHandler
                0x0000000080000720                TZASC_IRQHandler
                0x0000000080000724                PDM_EVENT_IRQHandler
                0x0000000080000728                PDM_ERROR_IRQHandler
                0x000000008000072c                I2S7_IRQHandler
                0x0000000080000730                PERFMON1_IRQHandler
                0x0000000080000734                PERFMON2_IRQHandler
                0x0000000080000738                CAAM_IRQ2_IRQHandler
                0x000000008000073c                CAAM_ERROR_IRQHandler
                0x0000000080000740                HS_CP0_IRQHandler
                0x0000000080000744                CM7_CTI_IRQHandler
                0x0000000080000748                ENET1_MAC0_Rx_Tx_Done1_IRQHandler
                0x000000008000074c                ENET1_MAC0_Rx_Tx_Done2_IRQHandler
                0x0000000080000750                ENET1_IRQHandler
                0x0000000080000754                ENET1_1588_Timer_IRQHandler
                0x0000000080000758                ASRC_IRQHandler
                0x000000008000075c                PCIE_CTRL1_0_IRQHandler
                0x0000000080000760                PCIE_CTRL1_1_IRQHandler
                0x0000000080000764                PCIE_CTRL1_2_IRQHandler
                0x0000000080000768                PCIE_CTRL1_3_IRQHandler
                0x000000008000076c                PCIE_EDMA_IRQHandler
                0x0000000080000770                AUDIO_XCVR0_IRQHandler
                0x0000000080000774                AUDIO_XCVR1_IRQHandler
                0x0000000080000778                AUD2HTX_IRQHandler
                0x000000008000077c                EDMA1_ERR_IRQHandler
                0x0000000080000780                EDMA1_0_15_IRQHandler
                0x0000000080000784                EDMA1_16_31_IRQHandler
                0x0000000080000788                ENET_QOS_PMT_IRQHandler
                0x000000008000078c                ENET_QOS_IRQHandler
                0x0000000080000790                MU2_A53_IRQHandler
                0x0000000080000794                MU2_AUDIO_IRQHandler
                0x0000000080000798                MU3_M7_IRQHandler
                0x000000008000079c                MU3_AUDIO_IRQHandler
                0x00000000800007a0                PCIE_CTRL1_IRQHandler
                0x00000000800007a4                PCIE_CTRL1_ERR_IRQHandler
                0x00000000800007a8                CAN_FD1_IRQHandler
                0x00000000800007ac                CAN_FD1_ERROR_IRQHandler
                0x00000000800007b0                CAN_FD2_IRQHandler
                0x00000000800007b4                CAN_FD2_ERROR_IRQHandler
                0x00000000800007b8                AUDIO_XCVR_IRQHandler
                0x00000000800007bc                DDR_ERR_IRQHandler
                0x00000000800007c0                USB1_WAKEUP_IRQHandler
                0x00000000800007c4                USB2_WAKEUP_IRQHandler
                0x00000000800007c8                MECC_IRQHandler
                0x00000000800007cc                MECC_ERR_IRQHandler
                0x00000000800007d0                MECC_S_IRQHandler
                0x00000000800007d4                MECC_S_ERR_IRQHandler
 .text          0x0000000080000a54       0xa0 CMakeFiles/test_benchmark.elf.dir/home/efacec/nxp/SDK_2_14_0_EVK-MIMX8MP/devices/MIMX8ML8/utilities/fsl_memcpy.S.obj
                0x0000000080000a54                memcpy
 .text          0x0000000080000af4       0x10 /home/efacec/var-mcuxpresso/gcc-arm-none-eabi-10.3-2021.10/bin/../lib/gcc/arm-none-eabi/10.3.1/../../../../arm-none-eabi/lib/thumb/v7e-m+fp/hard/libc_nano.a(lib_a-strlen.o)
                0x0000000080000af4                strlen
 .text          0x0000000080000b04      0x378 /home/efacec/var-mcuxpresso/gcc-arm-none-eabi-10.3-2021.10/bin/../lib/gcc/arm-none-eabi/10.3.1/thumb/v7e-m+fp/hard/libgcc.a(_arm_addsubdf3.o)
                0x0000000080000b04                __aeabi_drsub
                0x0000000080000b0c                __aeabi_dsub
                0x0000000080000b0c                __subdf3
                0x0000000080000b10                __adddf3
                0x0000000080000b10                __aeabi_dadd
                0x0000000080000d88                __aeabi_ui2d
                0x0000000080000d88                __floatunsidf
                0x0000000080000da8                __floatsidf
                0x0000000080000da8                __aeabi_i2d
                0x0000000080000dcc                __extendsfdf2
                0x0000000080000dcc                __aeabi_f2d
                0x0000000080000e10                __aeabi_ul2d
                0x0000000080000e10                __floatundidf
                0x0000000080000e20                __floatdidf
                0x0000000080000e20                __aeabi_l2d
 .text          0x0000000080000e7c      0x424 /home/efacec/var-mcuxpresso/gcc-arm-none-eabi-10.3-2021.10/bin/../lib/gcc/arm-none-eabi/10.3.1/thumb/v7e-m+fp/hard/libgcc.a(_arm_muldivdf3.o)
                0x0000000080000e7c                __aeabi_dmul
                0x0000000080000e7c                __muldf3
                0x00000000800010d0                __aeabi_ddiv
                0x00000000800010d0                __divdf3
 .text          0x00000000800012a0      0x110 /home/efacec/var-mcuxpresso/gcc-arm-none-eabi-10.3-2021.10/bin/../lib/gcc/arm-none-eabi/10.3.1/thumb/v7e-m+fp/hard/libgcc.a(_arm_cmpdf2.o)
                0x00000000800012a0                __gtdf2
                0x00000000800012a0                __gedf2
                0x00000000800012a8                __ltdf2
                0x00000000800012a8                __ledf2
                0x00000000800012b0                __cmpdf2
                0x00000000800012b0                __eqdf2
                0x00000000800012b0                __nedf2
                0x000000008000132c                __aeabi_cdrcmple
                0x000000008000133c                __aeabi_cdcmple
                0x000000008000133c                __aeabi_cdcmpeq
                0x000000008000134c                __aeabi_dcmpeq
                0x0000000080001360                __aeabi_dcmplt
                0x0000000080001374                __aeabi_dcmple
                0x0000000080001388                __aeabi_dcmpge
                0x000000008000139c                __aeabi_dcmpgt
 .text          0x00000000800013b0       0x2c /home/efacec/var-mcuxpresso/gcc-arm-none-eabi-10.3-2021.10/bin/../lib/gcc/arm-none-eabi/10.3.1/thumb/v7e-m+fp/hard/libgcc.a(_arm_unorddf2.o)
                0x00000000800013b0                __aeabi_dcmpun
                0x00000000800013b0                __unorddf2
 .text          0x00000000800013dc       0x50 /home/efacec/var-mcuxpresso/gcc-arm-none-eabi-10.3-2021.10/bin/../lib/gcc/arm-none-eabi/10.3.1/thumb/v7e-m+fp/hard/libgcc.a(_arm_fixdfsi.o)
                0x00000000800013dc                __fixdfsi
                0x00000000800013dc                __aeabi_d2iz
 .text          0x000000008000142c       0xa0 /home/efacec/var-mcuxpresso/gcc-arm-none-eabi-10.3-2021.10/bin/../lib/gcc/arm-none-eabi/10.3.1/thumb/v7e-m+fp/hard/libgcc.a(_arm_truncdfsf2.o)
                0x000000008000142c                __aeabi_d2f
                0x000000008000142c                __truncdfsf2
 .text          0x00000000800014cc       0x30 /home/efacec/var-mcuxpresso/gcc-arm-none-eabi-10.3-2021.10/bin/../lib/gcc/arm-none-eabi/10.3.1/thumb/v7e-m+fp/hard/libgcc.a(_aeabi_uldivmod.o)
                0x00000000800014cc                __aeabi_uldivmod
 .text          0x00000000800014fc      0x2d0 /home/efacec/var-mcuxpresso/gcc-arm-none-eabi-10.3-2021.10/bin/../lib/gcc/arm-none-eabi/10.3.1/thumb/v7e-m+fp/hard/libgcc.a(_udivmoddi4.o)
                0x00000000800014fc                __udivmoddi4
 .text          0x00000000800017cc        0x4 /home/efacec/var-mcuxpresso/gcc-arm-none-eabi-10.3-2021.10/bin/../lib/gcc/arm-none-eabi/10.3.1/thumb/v7e-m+fp/hard/libgcc.a(_dvmd_tls.o)
                0x00000000800017cc                __aeabi_ldiv0
                0x00000000800017cc                __aeabi_idiv0
 *(.text*)
 .text.Merge4Qual
                0x00000000800017d0       0x40 CMakeFiles/test_benchmark.elf.dir/home/efacec/nxp/SDK_2_14_0_EVK-MIMX8MP/boards/evkmimx8mp/driver_examples/benchmark/benchmark/test_benchmark.c.obj
                0x00000000800017d0                Merge4Qual
 .text.Merge2Qual
                0x0000000080001810       0x1e CMakeFiles/test_benchmark.elf.dir/home/efacec/nxp/SDK_2_14_0_EVK-MIMX8MP/boards/evkmimx8mp/driver_examples/benchmark/benchmark/test_benchmark.c.obj
                0x0000000080001810                Merge2Qual
 .text.Merge3Qual
                0x000000008000182e       0x2c CMakeFiles/test_benchmark.elf.dir/home/efacec/nxp/SDK_2_14_0_EVK-MIMX8MP/boards/evkmimx8mp/driver_examples/benchmark/benchmark/test_benchmark.c.obj
                0x000000008000182e                Merge3Qual
 .text.Filter   0x000000008000185a       0x1a CMakeFiles/test_benchmark.elf.dir/home/efacec/nxp/SDK_2_14_0_EVK-MIMX8MP/boards/evkmimx8mp/driver_examples/benchmark/benchmark/test_benchmark.c.obj
                0x000000008000185a                Filter
 .text.Merge5Qual
                0x0000000080001874       0x56 CMakeFiles/test_benchmark.elf.dir/home/efacec/nxp/SDK_2_14_0_EVK-MIMX8MP/boards/evkmimx8mp/driver_examples/benchmark/benchmark/test_benchmark.c.obj
                0x0000000080001874                Merge5Qual
 .text.Magnitude
                0x00000000800018ca       0x30 CMakeFiles/test_benchmark.elf.dir/home/efacec/nxp/SDK_2_14_0_EVK-MIMX8MP/boards/evkmimx8mp/driver_examples/benchmark/benchmark/test_benchmark.c.obj
                0x00000000800018ca                Magnitude
 *fill*         0x00000000800018fa        0x2 
 .text.startup.main
                0x00000000800018fc       0x74 CMakeFiles/test_benchmark.elf.dir/home/efacec/nxp/SDK_2_14_0_EVK-MIMX8MP/boards/evkmimx8mp/driver_examples/benchmark/benchmark/test_benchmark.c.obj
                0x00000000800018fc                main
 .text.Init     0x0000000080001970      0x34c CMakeFiles/test_benchmark.elf.dir/home/efacec/nxp/SDK_2_14_0_EVK-MIMX8MP/boards/evkmimx8mp/driver_examples/benchmark/benchmark/benchmark.c.obj
                0x0000000080001970                Init
 .text.DerivedSampleCalculus
                0x0000000080001cbc      0x2b8 CMakeFiles/test_benchmark.elf.dir/home/efacec/nxp/SDK_2_14_0_EVK-MIMX8MP/boards/evkmimx8mp/driver_examples/benchmark/benchmark/benchmark.c.obj
                0x0000000080001cbc                DerivedSampleCalculus
 .text.FilterMgnComp
                0x0000000080001f74       0x7c CMakeFiles/test_benchmark.elf.dir/home/efacec/nxp/SDK_2_14_0_EVK-MIMX8MP/boards/evkmimx8mp/driver_examples/benchmark/benchmark/benchmark.c.obj
                0x0000000080001f74                FilterMgnComp
 .text.ProcessBusISR
                0x0000000080001ff0      0x840 CMakeFiles/test_benchmark.elf.dir/home/efacec/nxp/SDK_2_14_0_EVK-MIMX8MP/boards/evkmimx8mp/driver_examples/benchmark/benchmark/benchmark.c.obj
                0x0000000080001ff0                ProcessBusISR
 .text.Dft20    0x0000000080002830      0x120 CMakeFiles/test_benchmark.elf.dir/home/efacec/nxp/SDK_2_14_0_EVK-MIMX8MP/boards/evkmimx8mp/driver_examples/benchmark/benchmark/benchmark.c.obj
                0x0000000080002830                Dft20
 .text.FastDft  0x0000000080002950       0x5c CMakeFiles/test_benchmark.elf.dir/home/efacec/nxp/SDK_2_14_0_EVK-MIMX8MP/boards/evkmimx8mp/driver_examples/benchmark/benchmark/benchmark.c.obj
                0x0000000080002950                FastDft
 .text.CalculateAC
                0x00000000800029ac      0x100 CMakeFiles/test_benchmark.elf.dir/home/efacec/nxp/SDK_2_14_0_EVK-MIMX8MP/boards/evkmimx8mp/driver_examples/benchmark/benchmark/benchmark.c.obj
                0x00000000800029ac                CalculateAC
 .text.start_calculation
                0x0000000080002aac       0x84 CMakeFiles/test_benchmark.elf.dir/home/efacec/nxp/SDK_2_14_0_EVK-MIMX8MP/boards/evkmimx8mp/driver_examples/benchmark/benchmark/benchmark.c.obj
                0x0000000080002aac                start_calculation
 .text.BOARD_InitPins
                0x0000000080002b30       0x3c CMakeFiles/test_benchmark.elf.dir/home/efacec/nxp/SDK_2_14_0_EVK-MIMX8MP/boards/evkmimx8mp/driver_examples/benchmark/benchmark/pin_mux.c.obj
                0x0000000080002b30                BOARD_InitPins
 .text.BOARD_InitBootPins
                0x0000000080002b6c        0x4 CMakeFiles/test_benchmark.elf.dir/home/efacec/nxp/SDK_2_14_0_EVK-MIMX8MP/boards/evkmimx8mp/driver_examples/benchmark/benchmark/pin_mux.c.obj
                0x0000000080002b6c                BOARD_InitBootPins
 .text.BOARD_InitDebugConsole
                0x0000000080002b70       0x44 CMakeFiles/test_benchmark.elf.dir/home/efacec/nxp/SDK_2_14_0_EVK-MIMX8MP/boards/evkmimx8mp/driver_examples/benchmark/benchmark/board.c.obj
                0x0000000080002b70                BOARD_InitDebugConsole
 .text.BOARD_InitMemory
                0x0000000080002bb4      0x204 CMakeFiles/test_benchmark.elf.dir/home/efacec/nxp/SDK_2_14_0_EVK-MIMX8MP/boards/evkmimx8mp/driver_examples/benchmark/benchmark/board.c.obj
                0x0000000080002bb4                BOARD_InitMemory
 .text.BOARD_RdcInit
                0x0000000080002db8       0x84 CMakeFiles/test_benchmark.elf.dir/home/efacec/nxp/SDK_2_14_0_EVK-MIMX8MP/boards/evkmimx8mp/driver_examples/benchmark/benchmark/board.c.obj
                0x0000000080002db8                BOARD_RdcInit
 .text.BOARD_BootClockRUN
                0x0000000080002e3c      0x16c CMakeFiles/test_benchmark.elf.dir/home/efacec/nxp/SDK_2_14_0_EVK-MIMX8MP/boards/evkmimx8mp/driver_examples/benchmark/benchmark/clock_config.c.obj
                0x0000000080002e3c                BOARD_BootClockRUN
 .text.HAL_UartInit
                0x0000000080002fa8       0x6c CMakeFiles/test_benchmark.elf.dir/home/efacec/nxp/SDK_2_14_0_EVK-MIMX8MP/components/uart/fsl_adapter_iuart.c.obj
                0x0000000080002fa8                HAL_UartInit
 .text.HAL_UartReceiveBlocking
                0x0000000080003014       0x20 CMakeFiles/test_benchmark.elf.dir/home/efacec/nxp/SDK_2_14_0_EVK-MIMX8MP/components/uart/fsl_adapter_iuart.c.obj
                0x0000000080003014                HAL_UartReceiveBlocking
 .text.HAL_UartSendBlocking
                0x0000000080003034       0x18 CMakeFiles/test_benchmark.elf.dir/home/efacec/nxp/SDK_2_14_0_EVK-MIMX8MP/components/uart/fsl_adapter_iuart.c.obj
                0x0000000080003034                HAL_UartSendBlocking
 .text.GetFracPllFreq
                0x000000008000304c       0x44 CMakeFiles/test_benchmark.elf.dir/home/efacec/nxp/SDK_2_14_0_EVK-MIMX8MP/devices/MIMX8ML8/system_MIMX8ML8_cm7.c.obj
                0x000000008000304c                GetFracPllFreq
 .text.GetIntegerPllFreq
                0x0000000080003090       0x44 CMakeFiles/test_benchmark.elf.dir/home/efacec/nxp/SDK_2_14_0_EVK-MIMX8MP/devices/MIMX8ML8/system_MIMX8ML8_cm7.c.obj
                0x0000000080003090                GetIntegerPllFreq
 .text.SystemCoreClockUpdate
                0x00000000800030d4       0x9c CMakeFiles/test_benchmark.elf.dir/home/efacec/nxp/SDK_2_14_0_EVK-MIMX8MP/devices/MIMX8ML8/system_MIMX8ML8_cm7.c.obj
                0x00000000800030d4                SystemCoreClockUpdate
 .text.SystemInitHook
                0x0000000080003170        0x2 CMakeFiles/test_benchmark.elf.dir/home/efacec/nxp/SDK_2_14_0_EVK-MIMX8MP/devices/MIMX8ML8/system_MIMX8ML8_cm7.c.obj
                0x0000000080003170                SystemInitHook
 *fill*         0x0000000080003172        0x2 
 .text.SystemInit
                0x0000000080003174       0x1c CMakeFiles/test_benchmark.elf.dir/home/efacec/nxp/SDK_2_14_0_EVK-MIMX8MP/devices/MIMX8ML8/system_MIMX8ML8_cm7.c.obj
                0x0000000080003174                SystemInit
 .text.AUDIOMIX_InitAudioPll
                0x0000000080003190       0x64 CMakeFiles/test_benchmark.elf.dir/home/efacec/nxp/SDK_2_14_0_EVK-MIMX8MP/devices/MIMX8ML8/drivers/fsl_audiomix.c.obj
                0x0000000080003190                AUDIOMIX_InitAudioPll
 .text.CLOCK_GetPllRefClkFreq
                0x00000000800031f4       0x20 CMakeFiles/test_benchmark.elf.dir/home/efacec/nxp/SDK_2_14_0_EVK-MIMX8MP/devices/MIMX8ML8/drivers/fsl_clock.c.obj
                0x00000000800031f4                CLOCK_GetPllRefClkFreq
 .text.CLOCK_InitFracPll
                0x0000000080003214       0x54 CMakeFiles/test_benchmark.elf.dir/home/efacec/nxp/SDK_2_14_0_EVK-MIMX8MP/devices/MIMX8ML8/drivers/fsl_clock.c.obj
                0x0000000080003214                CLOCK_InitFracPll
 .text.CLOCK_InitAudioPll1
                0x0000000080003268       0x28 CMakeFiles/test_benchmark.elf.dir/home/efacec/nxp/SDK_2_14_0_EVK-MIMX8MP/devices/MIMX8ML8/drivers/fsl_clock.c.obj
                0x0000000080003268                CLOCK_InitAudioPll1
 .text.CLOCK_InitAudioPll2
                0x0000000080003290       0x2c CMakeFiles/test_benchmark.elf.dir/home/efacec/nxp/SDK_2_14_0_EVK-MIMX8MP/devices/MIMX8ML8/drivers/fsl_clock.c.obj
                0x0000000080003290                CLOCK_InitAudioPll2
 .text.CLOCK_GetFracPllFreq
                0x00000000800032bc       0x40 CMakeFiles/test_benchmark.elf.dir/home/efacec/nxp/SDK_2_14_0_EVK-MIMX8MP/devices/MIMX8ML8/drivers/fsl_clock.c.obj
                0x00000000800032bc                CLOCK_GetFracPllFreq
 .text.CLOCK_GetIntegerPllFreq
                0x00000000800032fc       0x36 CMakeFiles/test_benchmark.elf.dir/home/efacec/nxp/SDK_2_14_0_EVK-MIMX8MP/devices/MIMX8ML8/drivers/fsl_clock.c.obj
                0x00000000800032fc                CLOCK_GetIntegerPllFreq
 *fill*         0x0000000080003332        0x2 
 .text.CLOCK_GetPllFreq
                0x0000000080003334       0xb4 CMakeFiles/test_benchmark.elf.dir/home/efacec/nxp/SDK_2_14_0_EVK-MIMX8MP/devices/MIMX8ML8/drivers/fsl_clock.c.obj
                0x0000000080003334                CLOCK_GetPllFreq
 .text.CLOCK_SetRootDivider
                0x00000000800033e8       0x20 CMakeFiles/test_benchmark.elf.dir/home/efacec/nxp/SDK_2_14_0_EVK-MIMX8MP/devices/MIMX8ML8/drivers/fsl_clock.c.obj
                0x00000000800033e8                CLOCK_SetRootDivider
 .text.CLOCK_EnableClock
                0x0000000080003408       0x50 CMakeFiles/test_benchmark.elf.dir/home/efacec/nxp/SDK_2_14_0_EVK-MIMX8MP/devices/MIMX8ML8/drivers/fsl_clock.c.obj
                0x0000000080003408                CLOCK_EnableClock
 .text.GPIO_PinWrite
                0x0000000080003458       0x16 CMakeFiles/test_benchmark.elf.dir/home/efacec/nxp/SDK_2_14_0_EVK-MIMX8MP/devices/MIMX8ML8/drivers/fsl_gpio.c.obj
                0x0000000080003458                GPIO_PinWrite
 .text.GPIO_PinSetInterruptConfig
                0x000000008000346e       0x7c CMakeFiles/test_benchmark.elf.dir/home/efacec/nxp/SDK_2_14_0_EVK-MIMX8MP/devices/MIMX8ML8/drivers/fsl_gpio.c.obj
                0x000000008000346e                GPIO_PinSetInterruptConfig
 *fill*         0x00000000800034ea        0x2 
 .text.GPIO_PinInit
                0x00000000800034ec       0x9c CMakeFiles/test_benchmark.elf.dir/home/efacec/nxp/SDK_2_14_0_EVK-MIMX8MP/devices/MIMX8ML8/drivers/fsl_gpio.c.obj
                0x00000000800034ec                GPIO_PinInit
 .text.UART_GetInstance
                0x0000000080003588       0x38 CMakeFiles/test_benchmark.elf.dir/home/efacec/nxp/SDK_2_14_0_EVK-MIMX8MP/devices/MIMX8ML8/drivers/fsl_uart.c.obj
                0x0000000080003588                UART_GetInstance
 .text.UART_GetDefaultConfig
                0x00000000800035c0       0x28 CMakeFiles/test_benchmark.elf.dir/home/efacec/nxp/SDK_2_14_0_EVK-MIMX8MP/devices/MIMX8ML8/drivers/fsl_uart.c.obj
                0x00000000800035c0                UART_GetDefaultConfig
 .text.UART_SetBaudRate
                0x00000000800035e8      0x13c CMakeFiles/test_benchmark.elf.dir/home/efacec/nxp/SDK_2_14_0_EVK-MIMX8MP/devices/MIMX8ML8/drivers/fsl_uart.c.obj
                0x00000000800035e8                UART_SetBaudRate
 .text.UART_Init
                0x0000000080003724      0x154 CMakeFiles/test_benchmark.elf.dir/home/efacec/nxp/SDK_2_14_0_EVK-MIMX8MP/devices/MIMX8ML8/drivers/fsl_uart.c.obj
                0x0000000080003724                UART_Init
 .text.UART_WriteBlocking
                0x0000000080003878       0x22 CMakeFiles/test_benchmark.elf.dir/home/efacec/nxp/SDK_2_14_0_EVK-MIMX8MP/devices/MIMX8ML8/drivers/fsl_uart.c.obj
                0x0000000080003878                UART_WriteBlocking
 .text.UART_ReadBlocking
                0x000000008000389a       0x66 CMakeFiles/test_benchmark.elf.dir/home/efacec/nxp/SDK_2_14_0_EVK-MIMX8MP/devices/MIMX8ML8/drivers/fsl_uart.c.obj
                0x000000008000389a                UART_ReadBlocking
 .text.UART1_DriverIRQHandler
                0x0000000080003900       0x20 CMakeFiles/test_benchmark.elf.dir/home/efacec/nxp/SDK_2_14_0_EVK-MIMX8MP/devices/MIMX8ML8/drivers/fsl_uart.c.obj
                0x0000000080003900                UART1_DriverIRQHandler
 .text.UART2_DriverIRQHandler
                0x0000000080003920       0x20 CMakeFiles/test_benchmark.elf.dir/home/efacec/nxp/SDK_2_14_0_EVK-MIMX8MP/devices/MIMX8ML8/drivers/fsl_uart.c.obj
                0x0000000080003920                UART2_DriverIRQHandler
 .text.UART3_DriverIRQHandler
                0x0000000080003940       0x20 CMakeFiles/test_benchmark.elf.dir/home/efacec/nxp/SDK_2_14_0_EVK-MIMX8MP/devices/MIMX8ML8/drivers/fsl_uart.c.obj
                0x0000000080003940                UART3_DriverIRQHandler
 .text.UART4_DriverIRQHandler
                0x0000000080003960       0x20 CMakeFiles/test_benchmark.elf.dir/home/efacec/nxp/SDK_2_14_0_EVK-MIMX8MP/devices/MIMX8ML8/drivers/fsl_uart.c.obj
                0x0000000080003960                UART4_DriverIRQHandler
 .text.RDC_SetMasterDomainAssignment
                0x0000000080003980        0xa CMakeFiles/test_benchmark.elf.dir/home/efacec/nxp/SDK_2_14_0_EVK-MIMX8MP/devices/MIMX8ML8/drivers/fsl_rdc.c.obj
                0x0000000080003980                RDC_SetMasterDomainAssignment
 *fill*         0x000000008000398a        0x2 
 .text.DbgConsole_Putchar
                0x000000008000398c       0x24 CMakeFiles/test_benchmark.elf.dir/home/efacec/nxp/SDK_2_14_0_EVK-MIMX8MP/devices/MIMX8ML8/utilities/debug_console_lite/fsl_debug_console.c.obj
                0x000000008000398c                DbgConsole_Putchar
 .text.DbgConsole_ConvertRadixNumToString.constprop.0
                0x00000000800039b0       0x48 CMakeFiles/test_benchmark.elf.dir/home/efacec/nxp/SDK_2_14_0_EVK-MIMX8MP/devices/MIMX8ML8/utilities/debug_console_lite/fsl_debug_console.c.obj
 .text.DbgConsole_Init
                0x00000000800039f8       0x50 CMakeFiles/test_benchmark.elf.dir/home/efacec/nxp/SDK_2_14_0_EVK-MIMX8MP/devices/MIMX8ML8/utilities/debug_console_lite/fsl_debug_console.c.obj
                0x00000000800039f8                DbgConsole_Init
 .text.DbgConsole_Vprintf
                0x0000000080003a48      0x1f4 CMakeFiles/test_benchmark.elf.dir/home/efacec/nxp/SDK_2_14_0_EVK-MIMX8MP/devices/MIMX8ML8/utilities/debug_console_lite/fsl_debug_console.c.obj
                0x0000000080003a48                DbgConsole_Vprintf
 .text.DbgConsole_Printf
                0x0000000080003c3c       0x1a CMakeFiles/test_benchmark.elf.dir/home/efacec/nxp/SDK_2_14_0_EVK-MIMX8MP/devices/MIMX8ML8/utilities/debug_console_lite/fsl_debug_console.c.obj
                0x0000000080003c3c                DbgConsole_Printf
 *fill*         0x0000000080003c56        0x2 
 .text.fabs     0x0000000080003c58       0x14 /home/efacec/var-mcuxpresso/gcc-arm-none-eabi-10.3-2021.10/bin/../lib/gcc/arm-none-eabi/10.3.1/../../../../arm-none-eabi/lib/thumb/v7e-m+fp/hard/libm.a(lib_a-s_fabs.o)
                0x0000000080003c58                fabs
 *fill*         0x0000000080003c6c        0x4 
 .text.sin      0x0000000080003c70       0x90 /home/efacec/var-mcuxpresso/gcc-arm-none-eabi-10.3-2021.10/bin/../lib/gcc/arm-none-eabi/10.3.1/../../../../arm-none-eabi/lib/thumb/v7e-m+fp/hard/libm.a(lib_a-s_sin.o)
                0x0000000080003c70                sin
 .text.sqrt     0x0000000080003d00       0x68 /home/efacec/var-mcuxpresso/gcc-arm-none-eabi-10.3-2021.10/bin/../lib/gcc/arm-none-eabi/10.3.1/../../../../arm-none-eabi/lib/thumb/v7e-m+fp/hard/libm.a(lib_a-w_sqrt.o)
                0x0000000080003d00                sqrt
 .text.__ieee754_rem_pio2
                0x0000000080003d68      0x44c /home/efacec/var-mcuxpresso/gcc-arm-none-eabi-10.3-2021.10/bin/../lib/gcc/arm-none-eabi/10.3.1/../../../../arm-none-eabi/lib/thumb/v7e-m+fp/hard/libm.a(lib_a-e_rem_pio2.o)
                0x0000000080003d68                __ieee754_rem_pio2
 .text.__ieee754_sqrt
                0x00000000800041b4      0x198 /home/efacec/var-mcuxpresso/gcc-arm-none-eabi-10.3-2021.10/bin/../lib/gcc/arm-none-eabi/10.3.1/../../../../arm-none-eabi/lib/thumb/v7e-m+fp/hard/libm.a(lib_a-e_sqrt.o)
                0x00000000800041b4                __ieee754_sqrt
 *fill*         0x000000008000434c        0x4 
 .text.__kernel_cos
                0x0000000080004350      0x27c /home/efacec/var-mcuxpresso/gcc-arm-none-eabi-10.3-2021.10/bin/../lib/gcc/arm-none-eabi/10.3.1/../../../../arm-none-eabi/lib/thumb/v7e-m+fp/hard/libm.a(lib_a-k_cos.o)
                0x0000000080004350                __kernel_cos
 *fill*         0x00000000800045cc        0x4 
 .text.__kernel_rem_pio2
                0x00000000800045d0      0x850 /home/efacec/var-mcuxpresso/gcc-arm-none-eabi-10.3-2021.10/bin/../lib/gcc/arm-none-eabi/10.3.1/../../../../arm-none-eabi/lib/thumb/v7e-m+fp/hard/libm.a(lib_a-k_rem_pio2.o)
                0x00000000800045d0                __kernel_rem_pio2
 .text.__kernel_sin
                0x0000000080004e20      0x17c /home/efacec/var-mcuxpresso/gcc-arm-none-eabi-10.3-2021.10/bin/../lib/gcc/arm-none-eabi/10.3.1/../../../../arm-none-eabi/lib/thumb/v7e-m+fp/hard/libm.a(lib_a-k_sin.o)
                0x0000000080004e20                __kernel_sin
 *fill*         0x0000000080004f9c        0x4 
 .text.floor    0x0000000080004fa0      0x108 /home/efacec/var-mcuxpresso/gcc-arm-none-eabi-10.3-2021.10/bin/../lib/gcc/arm-none-eabi/10.3.1/../../../../arm-none-eabi/lib/thumb/v7e-m+fp/hard/libm.a(lib_a-s_floor.o)
                0x0000000080004fa0                floor
 .text.scalbn   0x00000000800050a8      0x124 /home/efacec/var-mcuxpresso/gcc-arm-none-eabi-10.3-2021.10/bin/../lib/gcc/arm-none-eabi/10.3.1/../../../../arm-none-eabi/lib/thumb/v7e-m+fp/hard/libm.a(lib_a-s_scalbn.o)
                0x00000000800050a8                scalbn
 .text.__errno  0x00000000800051cc        0xc /home/efacec/var-mcuxpresso/gcc-arm-none-eabi-10.3-2021.10/bin/../lib/gcc/arm-none-eabi/10.3.1/../../../../arm-none-eabi/lib/thumb/v7e-m+fp/hard/libc_nano.a(lib_a-errno.o)
                0x00000000800051cc                __errno
 .text.exit     0x00000000800051d8       0x28 /home/efacec/var-mcuxpresso/gcc-arm-none-eabi-10.3-2021.10/bin/../lib/gcc/arm-none-eabi/10.3.1/../../../../arm-none-eabi/lib/thumb/v7e-m+fp/hard/libc_nano.a(lib_a-exit.o)
                0x00000000800051d8                exit
 .text.__libc_init_array
                0x0000000080005200       0x48 /home/efacec/var-mcuxpresso/gcc-arm-none-eabi-10.3-2021.10/bin/../lib/gcc/arm-none-eabi/10.3.1/../../../../arm-none-eabi/lib/thumb/v7e-m+fp/hard/libc_nano.a(lib_a-init.o)
                0x0000000080005200                __libc_init_array
 .text.memset   0x0000000080005248       0x10 /home/efacec/var-mcuxpresso/gcc-arm-none-eabi-10.3-2021.10/bin/../lib/gcc/arm-none-eabi/10.3.1/../../../../arm-none-eabi/lib/thumb/v7e-m+fp/hard/libc_nano.a(lib_a-memset.o)
                0x0000000080005248                memset
 .text._exit    0x0000000080005258        0x4 /home/efacec/var-mcuxpresso/gcc-arm-none-eabi-10.3-2021.10/bin/../lib/gcc/arm-none-eabi/10.3.1/../../../../arm-none-eabi/lib/thumb/v7e-m+fp/hard/libnosys.a(_exit.o)
                0x0000000080005258                _exit
 *(.rodata)
 *(.rodata*)
 .rodata.main.str1.1
                0x000000008000525c       0x2a CMakeFiles/test_benchmark.elf.dir/home/efacec/nxp/SDK_2_14_0_EVK-MIMX8MP/boards/evkmimx8mp/driver_examples/benchmark/benchmark/test_benchmark.c.obj
 *fill*         0x0000000080005286        0x2 
 .rodata.g_audioPll1Config
                0x0000000080005288       0x10 CMakeFiles/test_benchmark.elf.dir/home/efacec/nxp/SDK_2_14_0_EVK-MIMX8MP/boards/evkmimx8mp/driver_examples/benchmark/benchmark/clock_config.c.obj
                0x0000000080005288                g_audioPll1Config
 .rodata.g_audioPll2Config
                0x0000000080005298       0x10 CMakeFiles/test_benchmark.elf.dir/home/efacec/nxp/SDK_2_14_0_EVK-MIMX8MP/boards/evkmimx8mp/driver_examples/benchmark/benchmark/clock_config.c.obj
                0x0000000080005298                g_audioPll2Config
 .rodata.g_saiPLLConfig
                0x00000000800052a8       0x10 CMakeFiles/test_benchmark.elf.dir/home/efacec/nxp/SDK_2_14_0_EVK-MIMX8MP/boards/evkmimx8mp/driver_examples/benchmark/benchmark/clock_config.c.obj
                0x00000000800052a8                g_saiPLLConfig
 .rodata.s_UartAdapterBase
                0x00000000800052b8       0x14 CMakeFiles/test_benchmark.elf.dir/home/efacec/nxp/SDK_2_14_0_EVK-MIMX8MP/components/uart/fsl_adapter_iuart.c.obj
 .rodata.s_gpioClock
                0x00000000800052cc       0x18 CMakeFiles/test_benchmark.elf.dir/home/efacec/nxp/SDK_2_14_0_EVK-MIMX8MP/devices/MIMX8ML8/drivers/fsl_gpio.c.obj
 .rodata.CSWTCH.36
                0x00000000800052e4        0x6 CMakeFiles/test_benchmark.elf.dir/home/efacec/nxp/SDK_2_14_0_EVK-MIMX8MP/devices/MIMX8ML8/drivers/fsl_uart.c.obj
 *fill*         0x00000000800052ea        0x2 
 .rodata.s_uartClock
                0x00000000800052ec       0x14 CMakeFiles/test_benchmark.elf.dir/home/efacec/nxp/SDK_2_14_0_EVK-MIMX8MP/devices/MIMX8ML8/drivers/fsl_uart.c.obj
 .rodata.npio2_hw
                0x0000000080005300       0x80 /home/efacec/var-mcuxpresso/gcc-arm-none-eabi-10.3-2021.10/bin/../lib/gcc/arm-none-eabi/10.3.1/../../../../arm-none-eabi/lib/thumb/v7e-m+fp/hard/libm.a(lib_a-e_rem_pio2.o)
 .rodata.two_over_pi
                0x0000000080005380      0x108 /home/efacec/var-mcuxpresso/gcc-arm-none-eabi-10.3-2021.10/bin/../lib/gcc/arm-none-eabi/10.3.1/../../../../arm-none-eabi/lib/thumb/v7e-m+fp/hard/libm.a(lib_a-e_rem_pio2.o)
 .rodata.PIo2   0x0000000080005488       0x40 /home/efacec/var-mcuxpresso/gcc-arm-none-eabi-10.3-2021.10/bin/../lib/gcc/arm-none-eabi/10.3.1/../../../../arm-none-eabi/lib/thumb/v7e-m+fp/hard/libm.a(lib_a-k_rem_pio2.o)
 .rodata.init_jk
                0x00000000800054c8       0x10 /home/efacec/var-mcuxpresso/gcc-arm-none-eabi-10.3-2021.10/bin/../lib/gcc/arm-none-eabi/10.3.1/../../../../arm-none-eabi/lib/thumb/v7e-m+fp/hard/libm.a(lib_a-k_rem_pio2.o)
 .rodata._global_impure_ptr
                0x00000000800054d8        0x4 /home/efacec/var-mcuxpresso/gcc-arm-none-eabi-10.3-2021.10/bin/../lib/gcc/arm-none-eabi/10.3.1/../../../../arm-none-eabi/lib/thumb/v7e-m+fp/hard/libc_nano.a(lib_a-impure.o)
                0x00000000800054d8                _global_impure_ptr
 .rodata.__sf_fake_stderr
                0x00000000800054dc       0x20 /home/efacec/var-mcuxpresso/gcc-arm-none-eabi-10.3-2021.10/bin/../lib/gcc/arm-none-eabi/10.3.1/../../../../arm-none-eabi/lib/thumb/v7e-m+fp/hard/libc_nano.a(lib_a-findfp.o)
                0x00000000800054dc                __sf_fake_stderr
 .rodata.__sf_fake_stdin
                0x00000000800054fc       0x20 /home/efacec/var-mcuxpresso/gcc-arm-none-eabi-10.3-2021.10/bin/../lib/gcc/arm-none-eabi/10.3.1/../../../../arm-none-eabi/lib/thumb/v7e-m+fp/hard/libc_nano.a(lib_a-findfp.o)
                0x00000000800054fc                __sf_fake_stdin
 .rodata.__sf_fake_stdout
                0x000000008000551c       0x20 /home/efacec/var-mcuxpresso/gcc-arm-none-eabi-10.3-2021.10/bin/../lib/gcc/arm-none-eabi/10.3.1/../../../../arm-none-eabi/lib/thumb/v7e-m+fp/hard/libc_nano.a(lib_a-findfp.o)
                0x000000008000551c                __sf_fake_stdout
 *(.glue_7)
 .glue_7        0x000000008000553c        0x0 linker stubs
 *(.glue_7t)
 .glue_7t       0x000000008000553c        0x0 linker stubs
 *(.eh_frame)
 .eh_frame      0x000000008000553c        0x0 /home/efacec/var-mcuxpresso/gcc-arm-none-eabi-10.3-2021.10/bin/../lib/gcc/arm-none-eabi/10.3.1/thumb/v7e-m+fp/hard/crtbegin.o
 *(.init)
 .init          0x000000008000553c        0x4 /home/efacec/var-mcuxpresso/gcc-arm-none-eabi-10.3-2021.10/bin/../lib/gcc/arm-none-eabi/10.3.1/thumb/v7e-m+fp/hard/crti.o
                0x000000008000553c                _init
 .init          0x0000000080005540        0x8 /home/efacec/var-mcuxpresso/gcc-arm-none-eabi-10.3-2021.10/bin/../lib/gcc/arm-none-eabi/10.3.1/thumb/v7e-m+fp/hard/crtn.o
 *(.fini)
 .fini          0x0000000080005548        0x4 /home/efacec/var-mcuxpresso/gcc-arm-none-eabi-10.3-2021.10/bin/../lib/gcc/arm-none-eabi/10.3.1/thumb/v7e-m+fp/hard/crti.o
                0x0000000080005548                _fini
 .fini          0x000000008000554c        0x8 /home/efacec/var-mcuxpresso/gcc-arm-none-eabi-10.3-2021.10/bin/../lib/gcc/arm-none-eabi/10.3.1/thumb/v7e-m+fp/hard/crtn.o
                0x0000000080005554                . = ALIGN (0x4)

.vfp11_veneer   0x0000000080005554        0x0
 .vfp11_veneer  0x0000000080005554        0x0 linker stubs

.v4_bx          0x0000000080005554        0x0
 .v4_bx         0x0000000080005554        0x0 linker stubs

.iplt           0x0000000080005554        0x0
 .iplt          0x0000000080005554        0x0 /home/efacec/var-mcuxpresso/gcc-arm-none-eabi-10.3-2021.10/bin/../lib/gcc/arm-none-eabi/10.3.1/thumb/v7e-m+fp/hard/crtbegin.o

.ARM.extab
 *(.ARM.extab* .gnu.linkonce.armextab.*)

.ARM            0x0000000080005554        0x8
                0x0000000080005554                __exidx_start = .
 *(.ARM.exidx*)
 .ARM.exidx     0x0000000080005554        0x8 /home/efacec/var-mcuxpresso/gcc-arm-none-eabi-10.3-2021.10/bin/../lib/gcc/arm-none-eabi/10.3.1/../../../../arm-none-eabi/lib/thumb/v7e-m+fp/hard/crt0.o
                                         0x10 (size before relaxing)
 .ARM.exidx     0x000000008000555c        0x0 /home/efacec/var-mcuxpresso/gcc-arm-none-eabi-10.3-2021.10/bin/../lib/gcc/arm-none-eabi/10.3.1/thumb/v7e-m+fp/hard/libgcc.a(_udivmoddi4.o)
                                          0x8 (size before relaxing)
                0x000000008000555c                __exidx_end = .

.rel.dyn        0x000000008000555c        0x0
 .rel.iplt      0x000000008000555c        0x0 /home/efacec/var-mcuxpresso/gcc-arm-none-eabi-10.3-2021.10/bin/../lib/gcc/arm-none-eabi/10.3.1/thumb/v7e-m+fp/hard/crtbegin.o

.ctors          0x000000008000555c        0x0
                0x000000008000555c                __CTOR_LIST__ = .
 *crtbegin.o(.ctors)
 *crtbegin?.o(.ctors)
 *(EXCLUDE_FILE(*crtend.o *crtend?.o) .ctors)
 *(SORT_BY_NAME(.ctors.*))
 *(.ctors)
                0x000000008000555c                __CTOR_END__ = .

.dtors          0x000000008000555c        0x0
                0x000000008000555c                __DTOR_LIST__ = .
 *crtbegin.o(.dtors)
 *crtbegin?.o(.dtors)
 *(EXCLUDE_FILE(*crtend.o *crtend?.o) .dtors)
 *(SORT_BY_NAME(.dtors.*))
 *(.dtors)
                0x000000008000555c                __DTOR_END__ = .

.preinit_array  0x000000008000555c        0x0
                0x000000008000555c                PROVIDE (__preinit_array_start = .)
 *(.preinit_array*)
                0x000000008000555c                PROVIDE (__preinit_array_end = .)

.init_array     0x000000008000555c        0x4
                0x000000008000555c                PROVIDE (__init_array_start = .)
 *(SORT_BY_NAME(.init_array.*))
 *(.init_array*)
 .init_array    0x000000008000555c        0x4 /home/efacec/var-mcuxpresso/gcc-arm-none-eabi-10.3-2021.10/bin/../lib/gcc/arm-none-eabi/10.3.1/thumb/v7e-m+fp/hard/crtbegin.o
                0x0000000080005560                PROVIDE (__init_array_end = .)

.fini_array     0x0000000080005560        0x4
                [!provide]                        PROVIDE (__fini_array_start = .)
 *(SORT_BY_NAME(.fini_array.*))
 *(.fini_array*)
 .fini_array    0x0000000080005560        0x4 /home/efacec/var-mcuxpresso/gcc-arm-none-eabi-10.3-2021.10/bin/../lib/gcc/arm-none-eabi/10.3.1/thumb/v7e-m+fp/hard/crtbegin.o
                [!provide]                        PROVIDE (__fini_array_end = .)
                0x0000000080005564                __etext = .
                0x0000000080005564                __DATA_ROM = .

.data           0x0000000080200000      0xfd0 load address 0x0000000080005564
                0x0000000080200000                . = ALIGN (0x4)
                0x0000000080200000                __DATA_RAM = .
                0x0000000080200000                __data_start__ = .
 *(.data)
 *(.data*)
 .data.test_initial
                0x0000000080200000        0x4 CMakeFiles/test_benchmark.elf.dir/home/efacec/nxp/SDK_2_14_0_EVK-MIMX8MP/boards/evkmimx8mp/driver_examples/benchmark/benchmark/test_benchmark.c.obj
                0x0000000080200000                test_initial
 .data.test_repeat
                0x0000000080200004        0x4 CMakeFiles/test_benchmark.elf.dir/home/efacec/nxp/SDK_2_14_0_EVK-MIMX8MP/boards/evkmimx8mp/driver_examples/benchmark/benchmark/test_benchmark.c.obj
                0x0000000080200004                test_repeat
 .data.Cos_Sin  0x0000000080200008      0x138 CMakeFiles/test_benchmark.elf.dir/home/efacec/nxp/SDK_2_14_0_EVK-MIMX8MP/boards/evkmimx8mp/driver_examples/benchmark/benchmark/benchmark.c.obj
                0x0000000080200008                Cos_Sin
 .data.FilterLPHP
                0x0000000080200140       0x10 CMakeFiles/test_benchmark.elf.dir/home/efacec/nxp/SDK_2_14_0_EVK-MIMX8MP/boards/evkmimx8mp/driver_examples/benchmark/benchmark/benchmark.c.obj
                0x0000000080200140                FilterLPHP
 .data.HighPassMgnComp
                0x0000000080200150        0x8 CMakeFiles/test_benchmark.elf.dir/home/efacec/nxp/SDK_2_14_0_EVK-MIMX8MP/boards/evkmimx8mp/driver_examples/benchmark/benchmark/benchmark.c.obj
                0x0000000080200150                HighPassMgnComp
 .data.__OrthogCoef
                0x0000000080200158      0xe10 CMakeFiles/test_benchmark.elf.dir/home/efacec/nxp/SDK_2_14_0_EVK-MIMX8MP/boards/evkmimx8mp/driver_examples/benchmark/benchmark/benchmark.c.obj
                0x0000000080200158                __OrthogCoef
 .data.SystemCoreClock
                0x0000000080200f68        0x4 CMakeFiles/test_benchmark.elf.dir/home/efacec/nxp/SDK_2_14_0_EVK-MIMX8MP/devices/MIMX8ML8/system_MIMX8ML8_cm7.c.obj
                0x0000000080200f68                SystemCoreClock
 .data._impure_ptr
                0x0000000080200f6c        0x4 /home/efacec/var-mcuxpresso/gcc-arm-none-eabi-10.3-2021.10/bin/../lib/gcc/arm-none-eabi/10.3.1/../../../../arm-none-eabi/lib/thumb/v7e-m+fp/hard/libc_nano.a(lib_a-impure.o)
                0x0000000080200f6c                _impure_ptr
 .data.impure_data
                0x0000000080200f70       0x60 /home/efacec/var-mcuxpresso/gcc-arm-none-eabi-10.3-2021.10/bin/../lib/gcc/arm-none-eabi/10.3.1/../../../../arm-none-eabi/lib/thumb/v7e-m+fp/hard/libc_nano.a(lib_a-impure.o)
 *(.jcr*)
                0x0000000080200fd0                . = ALIGN (0x4)
                0x0000000080200fd0                __data_end__ = .
                0x0000000080000000                __CACHE_REGION_START = ORIGIN (m_interrupts)
                0x0000000000400000                __CACHE_REGION_SIZE = ((LENGTH (m_interrupts) + LENGTH (m_text)) + LENGTH (m_data))
                0x0000000080006534                __NDATA_ROM = (__DATA_ROM + SIZEOF (.data))

.igot.plt       0x0000000080200fd0        0x0 load address 0x0000000080006534
 .igot.plt      0x0000000080200fd0        0x0 /home/efacec/var-mcuxpresso/gcc-arm-none-eabi-10.3-2021.10/bin/../lib/gcc/arm-none-eabi/10.3.1/thumb/v7e-m+fp/hard/crtbegin.o

.ncache.init    0x0000000080400000        0x0 load address 0x0000000080006534
                0x0000000080400000                __noncachedata_start__ = .
 *(NonCacheable.init)
                0x0000000080400000                . = ALIGN (0x4)
                0x0000000080400000                __noncachedata_init_end__ = .
                0x0000000080400000                . = __noncachedata_init_end__

.ncache         0x0000000080400000        0x0
 *(NonCacheable)
                0x0000000080400000                . = ALIGN (0x4)
                0x0000000080400000                __noncachedata_end__ = .
                0x0000000080006534                __DATA_END = (__DATA_ROM + (__data_end__ - __data_start__))
                0x0000000080200000                text_end = (ORIGIN (m_text) + LENGTH (m_text))
                0x0000000000000001                ASSERT ((__DATA_END <= text_end), region m_text overflowed with text and data)

.bss            0x0000000080200fd0    0x282d4 load address 0x0000000080006534
                0x0000000080200fd0                . = ALIGN (0x4)
                0x0000000080200fd0                __START_BSS = .
                0x0000000080200fd0                __bss_start__ = .
 *(.bss)
 .bss           0x0000000080200fd0       0x1c /home/efacec/var-mcuxpresso/gcc-arm-none-eabi-10.3-2021.10/bin/../lib/gcc/arm-none-eabi/10.3.1/thumb/v7e-m+fp/hard/crtbegin.o
 *(.bss*)
 .bss.ACQuantityConfig
                0x0000000080200fec     0x1248 CMakeFiles/test_benchmark.elf.dir/home/efacec/nxp/SDK_2_14_0_EVK-MIMX8MP/boards/evkmimx8mp/driver_examples/benchmark/benchmark/benchmark.c.obj
                0x0000000080200fec                ACQuantityConfig
 .bss.DerivedSamples
                0x0000000080202234       0xf0 CMakeFiles/test_benchmark.elf.dir/home/efacec/nxp/SDK_2_14_0_EVK-MIMX8MP/boards/evkmimx8mp/driver_examples/benchmark/benchmark/benchmark.c.obj
                0x0000000080202234                DerivedSamples
 .bss.EstimationVars
                0x0000000080202324      0x168 CMakeFiles/test_benchmark.elf.dir/home/efacec/nxp/SDK_2_14_0_EVK-MIMX8MP/boards/evkmimx8mp/driver_examples/benchmark/benchmark/benchmark.c.obj
                0x0000000080202324                EstimationVars
 .bss.Groups    0x000000008020248c     0x20d0 CMakeFiles/test_benchmark.elf.dir/home/efacec/nxp/SDK_2_14_0_EVK-MIMX8MP/boards/evkmimx8mp/driver_examples/benchmark/benchmark/benchmark.c.obj
                0x000000008020248c                Groups
 .bss.PhasorBuffer
                0x000000008020455c      0x2d0 CMakeFiles/test_benchmark.elf.dir/home/efacec/nxp/SDK_2_14_0_EVK-MIMX8MP/boards/evkmimx8mp/driver_examples/benchmark/benchmark/benchmark.c.obj
                0x000000008020455c                PhasorBuffer
 .bss.SampleWindow
                0x000000008020482c     0xe2a4 CMakeFiles/test_benchmark.elf.dir/home/efacec/nxp/SDK_2_14_0_EVK-MIMX8MP/boards/evkmimx8mp/driver_examples/benchmark/benchmark/benchmark.c.obj
                0x000000008020482c                SampleWindow
 .bss.SamplingVars
                0x0000000080212ad0      0x1d4 CMakeFiles/test_benchmark.elf.dir/home/efacec/nxp/SDK_2_14_0_EVK-MIMX8MP/boards/evkmimx8mp/driver_examples/benchmark/benchmark/benchmark.c.obj
                0x0000000080212ad0                SamplingVars
 .bss.__Rcv     0x0000000080212ca4    0x165d0 CMakeFiles/test_benchmark.elf.dir/home/efacec/nxp/SDK_2_14_0_EVK-MIMX8MP/boards/evkmimx8mp/driver_examples/benchmark/benchmark/benchmark.c.obj
                0x0000000080212ca4                __Rcv
 .bss.msg       0x0000000080229274        0x4 CMakeFiles/test_benchmark.elf.dir/home/efacec/nxp/SDK_2_14_0_EVK-MIMX8MP/boards/evkmimx8mp/driver_examples/benchmark/benchmark/benchmark.c.obj
                0x0000000080229274                msg
 .bss.s_uartHandle
                0x0000000080229278       0x14 CMakeFiles/test_benchmark.elf.dir/home/efacec/nxp/SDK_2_14_0_EVK-MIMX8MP/devices/MIMX8ML8/drivers/fsl_uart.c.obj
                0x0000000080229278                s_uartHandle
 .bss.s_uartIsr
                0x000000008022928c        0x4 CMakeFiles/test_benchmark.elf.dir/home/efacec/nxp/SDK_2_14_0_EVK-MIMX8MP/devices/MIMX8ML8/drivers/fsl_uart.c.obj
                0x000000008022928c                s_uartIsr
 .bss.s_debugConsole
                0x0000000080229290       0x14 CMakeFiles/test_benchmark.elf.dir/home/efacec/nxp/SDK_2_14_0_EVK-MIMX8MP/devices/MIMX8ML8/utilities/debug_console_lite/fsl_debug_console.c.obj
 *(COMMON)
                0x00000000802292a4                . = ALIGN (0x4)
                0x00000000802292a4                __bss_end__ = .
                0x00000000802292a4                __END_BSS = .

.heap           0x00000000802292a4      0x404 load address 0x000000008002e808
                0x00000000802292a8                . = ALIGN (0x8)
 *fill*         0x00000000802292a4        0x4 
                0x00000000802292a8                __end__ = .
                0x00000000802292a8                PROVIDE (end = .)
                0x00000000802292a8                __HeapBase = .
                0x00000000802296a8                . = (. + HEAP_SIZE)
 *fill*         0x00000000802292a8      0x400 
                0x00000000802296a8                __HeapLimit = .
                0x00000000802296a8                __heap_limit = .

.stack          0x00000000802296a8      0x400 load address 0x000000008002ec0c
                0x00000000802296a8                . = ALIGN (0x8)
                0x0000000080229aa8                . = (. + STACK_SIZE)
 *fill*         0x00000000802296a8      0x400 
                0x0000000080400000                __StackTop = (ORIGIN (m_data) + LENGTH (m_data))
                0x00000000803ffc00                __StackLimit = (__StackTop - STACK_SIZE)
                0x0000000080400000                PROVIDE (__stack = __StackTop)

.ARM.attributes
                0x0000000000000000       0x30
 *(.ARM.attributes)
 .ARM.attributes
                0x0000000000000000       0x1e /home/efacec/var-mcuxpresso/gcc-arm-none-eabi-10.3-2021.10/bin/../lib/gcc/arm-none-eabi/10.3.1/thumb/v7e-m+fp/hard/crti.o
 .ARM.attributes
                0x000000000000001e       0x34 /home/efacec/var-mcuxpresso/gcc-arm-none-eabi-10.3-2021.10/bin/../lib/gcc/arm-none-eabi/10.3.1/thumb/v7e-m+fp/hard/crtbegin.o
 .ARM.attributes
                0x0000000000000052       0x1c /home/efacec/var-mcuxpresso/gcc-arm-none-eabi-10.3-2021.10/bin/../lib/gcc/arm-none-eabi/10.3.1/../../../../arm-none-eabi/lib/thumb/v7e-m+fp/hard/crt0.o
 .ARM.attributes
                0x000000000000006e       0x34 CMakeFiles/test_benchmark.elf.dir/home/efacec/nxp/SDK_2_14_0_EVK-MIMX8MP/boards/evkmimx8mp/driver_examples/benchmark/benchmark/test_benchmark.c.obj
 .ARM.attributes
                0x00000000000000a2       0x34 CMakeFiles/test_benchmark.elf.dir/home/efacec/nxp/SDK_2_14_0_EVK-MIMX8MP/boards/evkmimx8mp/driver_examples/benchmark/benchmark/benchmark.c.obj
 .ARM.attributes
                0x00000000000000d6       0x34 CMakeFiles/test_benchmark.elf.dir/home/efacec/nxp/SDK_2_14_0_EVK-MIMX8MP/boards/evkmimx8mp/driver_examples/benchmark/benchmark/pin_mux.c.obj
 .ARM.attributes
                0x000000000000010a       0x34 CMakeFiles/test_benchmark.elf.dir/home/efacec/nxp/SDK_2_14_0_EVK-MIMX8MP/boards/evkmimx8mp/driver_examples/benchmark/benchmark/board.c.obj
 .ARM.attributes
                0x000000000000013e       0x34 CMakeFiles/test_benchmark.elf.dir/home/efacec/nxp/SDK_2_14_0_EVK-MIMX8MP/boards/evkmimx8mp/driver_examples/benchmark/benchmark/clock_config.c.obj
 .ARM.attributes
                0x0000000000000172       0x34 CMakeFiles/test_benchmark.elf.dir/home/efacec/nxp/SDK_2_14_0_EVK-MIMX8MP/boards/evkmimx8mp/driver_examples/benchmark/benchmark/empty_rsc_table.c.obj
 .ARM.attributes
                0x00000000000001a6       0x34 CMakeFiles/test_benchmark.elf.dir/home/efacec/nxp/SDK_2_14_0_EVK-MIMX8MP/components/uart/fsl_adapter_iuart.c.obj
 .ARM.attributes
                0x00000000000001da       0x1f CMakeFiles/test_benchmark.elf.dir/home/efacec/nxp/SDK_2_14_0_EVK-MIMX8MP/devices/MIMX8ML8/gcc/startup_MIMX8ML8_cm7.S.obj
 .ARM.attributes
                0x00000000000001f9       0x34 CMakeFiles/test_benchmark.elf.dir/home/efacec/nxp/SDK_2_14_0_EVK-MIMX8MP/devices/MIMX8ML8/system_MIMX8ML8_cm7.c.obj
 .ARM.attributes
                0x000000000000022d       0x34 CMakeFiles/test_benchmark.elf.dir/home/efacec/nxp/SDK_2_14_0_EVK-MIMX8MP/devices/MIMX8ML8/drivers/fsl_audiomix.c.obj
 .ARM.attributes
                0x0000000000000261       0x34 CMakeFiles/test_benchmark.elf.dir/home/efacec/nxp/SDK_2_14_0_EVK-MIMX8MP/devices/MIMX8ML8/drivers/fsl_clock.c.obj
 .ARM.attributes
                0x0000000000000295       0x34 CMakeFiles/test_benchmark.elf.dir/home/efacec/nxp/SDK_2_14_0_EVK-MIMX8MP/devices/MIMX8ML8/drivers/fsl_gpio.c.obj
 .ARM.attributes
                0x00000000000002c9       0x34 CMakeFiles/test_benchmark.elf.dir/home/efacec/nxp/SDK_2_14_0_EVK-MIMX8MP/devices/MIMX8ML8/drivers/fsl_uart.c.obj
 .ARM.attributes
                0x00000000000002fd       0x34 CMakeFiles/test_benchmark.elf.dir/home/efacec/nxp/SDK_2_14_0_EVK-MIMX8MP/devices/MIMX8ML8/drivers/fsl_rdc.c.obj
 .ARM.attributes
                0x0000000000000331       0x20 CMakeFiles/test_benchmark.elf.dir/home/efacec/nxp/SDK_2_14_0_EVK-MIMX8MP/devices/MIMX8ML8/utilities/fsl_memcpy.S.obj
 .ARM.attributes
                0x0000000000000351       0x34 CMakeFiles/test_benchmark.elf.dir/home/efacec/nxp/SDK_2_14_0_EVK-MIMX8MP/devices/MIMX8ML8/utilities/debug_console_lite/fsl_debug_console.c.obj
 .ARM.attributes
                0x0000000000000385       0x34 /home/efacec/var-mcuxpresso/gcc-arm-none-eabi-10.3-2021.10/bin/../lib/gcc/arm-none-eabi/10.3.1/../../../../arm-none-eabi/lib/thumb/v7e-m+fp/hard/libm.a(lib_a-s_fabs.o)
 .ARM.attributes
                0x00000000000003b9       0x34 /home/efacec/var-mcuxpresso/gcc-arm-none-eabi-10.3-2021.10/bin/../lib/gcc/arm-none-eabi/10.3.1/../../../../arm-none-eabi/lib/thumb/v7e-m+fp/hard/libm.a(lib_a-s_sin.o)
 .ARM.attributes
                0x00000000000003ed       0x34 /home/efacec/var-mcuxpresso/gcc-arm-none-eabi-10.3-2021.10/bin/../lib/gcc/arm-none-eabi/10.3.1/../../../../arm-none-eabi/lib/thumb/v7e-m+fp/hard/libm.a(lib_a-w_sqrt.o)
 .ARM.attributes
                0x0000000000000421       0x34 /home/efacec/var-mcuxpresso/gcc-arm-none-eabi-10.3-2021.10/bin/../lib/gcc/arm-none-eabi/10.3.1/../../../../arm-none-eabi/lib/thumb/v7e-m+fp/hard/libm.a(lib_a-e_rem_pio2.o)
 .ARM.attributes
                0x0000000000000455       0x34 /home/efacec/var-mcuxpresso/gcc-arm-none-eabi-10.3-2021.10/bin/../lib/gcc/arm-none-eabi/10.3.1/../../../../arm-none-eabi/lib/thumb/v7e-m+fp/hard/libm.a(lib_a-e_sqrt.o)
 .ARM.attributes
                0x0000000000000489       0x34 /home/efacec/var-mcuxpresso/gcc-arm-none-eabi-10.3-2021.10/bin/../lib/gcc/arm-none-eabi/10.3.1/../../../../arm-none-eabi/lib/thumb/v7e-m+fp/hard/libm.a(lib_a-k_cos.o)
 .ARM.attributes
                0x00000000000004bd       0x34 /home/efacec/var-mcuxpresso/gcc-arm-none-eabi-10.3-2021.10/bin/../lib/gcc/arm-none-eabi/10.3.1/../../../../arm-none-eabi/lib/thumb/v7e-m+fp/hard/libm.a(lib_a-k_rem_pio2.o)
 .ARM.attributes
                0x00000000000004f1       0x34 /home/efacec/var-mcuxpresso/gcc-arm-none-eabi-10.3-2021.10/bin/../lib/gcc/arm-none-eabi/10.3.1/../../../../arm-none-eabi/lib/thumb/v7e-m+fp/hard/libm.a(lib_a-k_sin.o)
 .ARM.attributes
                0x0000000000000525       0x34 /home/efacec/var-mcuxpresso/gcc-arm-none-eabi-10.3-2021.10/bin/../lib/gcc/arm-none-eabi/10.3.1/../../../../arm-none-eabi/lib/thumb/v7e-m+fp/hard/libm.a(lib_a-s_floor.o)
 .ARM.attributes
                0x0000000000000559       0x34 /home/efacec/var-mcuxpresso/gcc-arm-none-eabi-10.3-2021.10/bin/../lib/gcc/arm-none-eabi/10.3.1/../../../../arm-none-eabi/lib/thumb/v7e-m+fp/hard/libm.a(lib_a-s_scalbn.o)
 .ARM.attributes
                0x000000000000058d       0x34 /home/efacec/var-mcuxpresso/gcc-arm-none-eabi-10.3-2021.10/bin/../lib/gcc/arm-none-eabi/10.3.1/../../../../arm-none-eabi/lib/thumb/v7e-m+fp/hard/libc_nano.a(lib_a-errno.o)
 .ARM.attributes
                0x00000000000005c1       0x34 /home/efacec/var-mcuxpresso/gcc-arm-none-eabi-10.3-2021.10/bin/../lib/gcc/arm-none-eabi/10.3.1/../../../../arm-none-eabi/lib/thumb/v7e-m+fp/hard/libc_nano.a(lib_a-exit.o)
 .ARM.attributes
                0x00000000000005f5       0x34 /home/efacec/var-mcuxpresso/gcc-arm-none-eabi-10.3-2021.10/bin/../lib/gcc/arm-none-eabi/10.3.1/../../../../arm-none-eabi/lib/thumb/v7e-m+fp/hard/libc_nano.a(lib_a-impure.o)
 .ARM.attributes
                0x0000000000000629       0x34 /home/efacec/var-mcuxpresso/gcc-arm-none-eabi-10.3-2021.10/bin/../lib/gcc/arm-none-eabi/10.3.1/../../../../arm-none-eabi/lib/thumb/v7e-m+fp/hard/libc_nano.a(lib_a-init.o)
 .ARM.attributes
                0x000000000000065d       0x34 /home/efacec/var-mcuxpresso/gcc-arm-none-eabi-10.3-2021.10/bin/../lib/gcc/arm-none-eabi/10.3.1/../../../../arm-none-eabi/lib/thumb/v7e-m+fp/hard/libc_nano.a(lib_a-memset.o)
 .ARM.attributes
                0x0000000000000691       0x17 /home/efacec/var-mcuxpresso/gcc-arm-none-eabi-10.3-2021.10/bin/../lib/gcc/arm-none-eabi/10.3.1/../../../../arm-none-eabi/lib/thumb/v7e-m+fp/hard/libc_nano.a(lib_a-strlen.o)
 .ARM.attributes
                0x00000000000006a8       0x34 /home/efacec/var-mcuxpresso/gcc-arm-none-eabi-10.3-2021.10/bin/../lib/gcc/arm-none-eabi/10.3.1/../../../../arm-none-eabi/lib/thumb/v7e-m+fp/hard/libc_nano.a(lib_a-findfp.o)
 .ARM.attributes
                0x00000000000006dc       0x1e /home/efacec/var-mcuxpresso/gcc-arm-none-eabi-10.3-2021.10/bin/../lib/gcc/arm-none-eabi/10.3.1/thumb/v7e-m+fp/hard/libgcc.a(_arm_addsubdf3.o)
 .ARM.attributes
                0x00000000000006fa       0x1e /home/efacec/var-mcuxpresso/gcc-arm-none-eabi-10.3-2021.10/bin/../lib/gcc/arm-none-eabi/10.3.1/thumb/v7e-m+fp/hard/libgcc.a(_arm_muldivdf3.o)
 .ARM.attributes
                0x0000000000000718       0x1e /home/efacec/var-mcuxpresso/gcc-arm-none-eabi-10.3-2021.10/bin/../lib/gcc/arm-none-eabi/10.3.1/thumb/v7e-m+fp/hard/libgcc.a(_arm_cmpdf2.o)
 .ARM.attributes
                0x0000000000000736       0x1e /home/efacec/var-mcuxpresso/gcc-arm-none-eabi-10.3-2021.10/bin/../lib/gcc/arm-none-eabi/10.3.1/thumb/v7e-m+fp/hard/libgcc.a(_arm_unorddf2.o)
 .ARM.attributes
                0x0000000000000754       0x1e /home/efacec/var-mcuxpresso/gcc-arm-none-eabi-10.3-2021.10/bin/../lib/gcc/arm-none-eabi/10.3.1/thumb/v7e-m+fp/hard/libgcc.a(_arm_fixdfsi.o)
 .ARM.attributes
                0x0000000000000772       0x1e /home/efacec/var-mcuxpresso/gcc-arm-none-eabi-10.3-2021.10/bin/../lib/gcc/arm-none-eabi/10.3.1/thumb/v7e-m+fp/hard/libgcc.a(_arm_truncdfsf2.o)
 .ARM.attributes
                0x0000000000000790       0x1e /home/efacec/var-mcuxpresso/gcc-arm-none-eabi-10.3-2021.10/bin/../lib/gcc/arm-none-eabi/10.3.1/thumb/v7e-m+fp/hard/libgcc.a(_aeabi_uldivmod.o)
 .ARM.attributes
                0x00000000000007ae       0x34 /home/efacec/var-mcuxpresso/gcc-arm-none-eabi-10.3-2021.10/bin/../lib/gcc/arm-none-eabi/10.3.1/thumb/v7e-m+fp/hard/libgcc.a(_udivmoddi4.o)
 .ARM.attributes
                0x00000000000007e2       0x1e /home/efacec/var-mcuxpresso/gcc-arm-none-eabi-10.3-2021.10/bin/../lib/gcc/arm-none-eabi/10.3.1/thumb/v7e-m+fp/hard/libgcc.a(_dvmd_tls.o)
 .ARM.attributes
                0x0000000000000800       0x34 /home/efacec/var-mcuxpresso/gcc-arm-none-eabi-10.3-2021.10/bin/../lib/gcc/arm-none-eabi/10.3.1/../../../../arm-none-eabi/lib/thumb/v7e-m+fp/hard/libnosys.a(_exit.o)
 .ARM.attributes
                0x0000000000000834       0x1e /home/efacec/var-mcuxpresso/gcc-arm-none-eabi-10.3-2021.10/bin/../lib/gcc/arm-none-eabi/10.3.1/thumb/v7e-m+fp/hard/crtn.o
                0x0000000000000001                ASSERT ((__StackLimit >= __HeapLimit), region m_data overflowed with stack and heap)
OUTPUT(ddr_release/test_benchmark.elf elf32-littlearm)
LOAD linker stubs

.comment        0x0000000000000000       0x49
 .comment       0x0000000000000000       0x49 CMakeFiles/test_benchmark.elf.dir/home/efacec/nxp/SDK_2_14_0_EVK-MIMX8MP/boards/evkmimx8mp/driver_examples/benchmark/benchmark/test_benchmark.c.obj
                                         0x4a (size before relaxing)
 .comment       0x0000000000000049       0x4a CMakeFiles/test_benchmark.elf.dir/home/efacec/nxp/SDK_2_14_0_EVK-MIMX8MP/boards/evkmimx8mp/driver_examples/benchmark/benchmark/benchmark.c.obj
 .comment       0x0000000000000049       0x4a CMakeFiles/test_benchmark.elf.dir/home/efacec/nxp/SDK_2_14_0_EVK-MIMX8MP/boards/evkmimx8mp/driver_examples/benchmark/benchmark/pin_mux.c.obj
 .comment       0x0000000000000049       0x4a CMakeFiles/test_benchmark.elf.dir/home/efacec/nxp/SDK_2_14_0_EVK-MIMX8MP/boards/evkmimx8mp/driver_examples/benchmark/benchmark/board.c.obj
 .comment       0x0000000000000049       0x4a CMakeFiles/test_benchmark.elf.dir/home/efacec/nxp/SDK_2_14_0_EVK-MIMX8MP/boards/evkmimx8mp/driver_examples/benchmark/benchmark/clock_config.c.obj
 .comment       0x0000000000000049       0x4a CMakeFiles/test_benchmark.elf.dir/home/efacec/nxp/SDK_2_14_0_EVK-MIMX8MP/boards/evkmimx8mp/driver_examples/benchmark/benchmark/empty_rsc_table.c.obj
 .comment       0x0000000000000049       0x4a CMakeFiles/test_benchmark.elf.dir/home/efacec/nxp/SDK_2_14_0_EVK-MIMX8MP/components/uart/fsl_adapter_iuart.c.obj
 .comment       0x0000000000000049       0x4a CMakeFiles/test_benchmark.elf.dir/home/efacec/nxp/SDK_2_14_0_EVK-MIMX8MP/devices/MIMX8ML8/system_MIMX8ML8_cm7.c.obj
 .comment       0x0000000000000049       0x4a CMakeFiles/test_benchmark.elf.dir/home/efacec/nxp/SDK_2_14_0_EVK-MIMX8MP/devices/MIMX8ML8/drivers/fsl_audiomix.c.obj
 .comment       0x0000000000000049       0x4a CMakeFiles/test_benchmark.elf.dir/home/efacec/nxp/SDK_2_14_0_EVK-MIMX8MP/devices/MIMX8ML8/drivers/fsl_clock.c.obj
 .comment       0x0000000000000049       0x4a CMakeFiles/test_benchmark.elf.dir/home/efacec/nxp/SDK_2_14_0_EVK-MIMX8MP/devices/MIMX8ML8/drivers/fsl_gpio.c.obj
 .comment       0x0000000000000049       0x4a CMakeFiles/test_benchmark.elf.dir/home/efacec/nxp/SDK_2_14_0_EVK-MIMX8MP/devices/MIMX8ML8/drivers/fsl_uart.c.obj
 .comment       0x0000000000000049       0x4a CMakeFiles/test_benchmark.elf.dir/home/efacec/nxp/SDK_2_14_0_EVK-MIMX8MP/devices/MIMX8ML8/drivers/fsl_rdc.c.obj
 .comment       0x0000000000000049       0x4a CMakeFiles/test_benchmark.elf.dir/home/efacec/nxp/SDK_2_14_0_EVK-MIMX8MP/devices/MIMX8ML8/utilities/debug_console_lite/fsl_debug_console.c.obj

.debug_frame    0x0000000000000000      0x744
 .debug_frame   0x0000000000000000       0x20 /home/efacec/var-mcuxpresso/gcc-arm-none-eabi-10.3-2021.10/bin/../lib/gcc/arm-none-eabi/10.3.1/../../../../arm-none-eabi/lib/thumb/v7e-m+fp/hard/libm.a(lib_a-s_fabs.o)
 .debug_frame   0x0000000000000020       0x3c /home/efacec/var-mcuxpresso/gcc-arm-none-eabi-10.3-2021.10/bin/../lib/gcc/arm-none-eabi/10.3.1/../../../../arm-none-eabi/lib/thumb/v7e-m+fp/hard/libm.a(lib_a-s_sin.o)
 .debug_frame   0x000000000000005c       0x48 /home/efacec/var-mcuxpresso/gcc-arm-none-eabi-10.3-2021.10/bin/../lib/gcc/arm-none-eabi/10.3.1/../../../../arm-none-eabi/lib/thumb/v7e-m+fp/hard/libm.a(lib_a-w_sqrt.o)
 .debug_frame   0x00000000000000a4       0x7c /home/efacec/var-mcuxpresso/gcc-arm-none-eabi-10.3-2021.10/bin/../lib/gcc/arm-none-eabi/10.3.1/../../../../arm-none-eabi/lib/thumb/v7e-m+fp/hard/libm.a(lib_a-e_rem_pio2.o)
 .debug_frame   0x0000000000000120       0x30 /home/efacec/var-mcuxpresso/gcc-arm-none-eabi-10.3-2021.10/bin/../lib/gcc/arm-none-eabi/10.3.1/../../../../arm-none-eabi/lib/thumb/v7e-m+fp/hard/libm.a(lib_a-e_sqrt.o)
 .debug_frame   0x0000000000000150       0x70 /home/efacec/var-mcuxpresso/gcc-arm-none-eabi-10.3-2021.10/bin/../lib/gcc/arm-none-eabi/10.3.1/../../../../arm-none-eabi/lib/thumb/v7e-m+fp/hard/libm.a(lib_a-k_cos.o)
 .debug_frame   0x00000000000001c0       0x58 /home/efacec/var-mcuxpresso/gcc-arm-none-eabi-10.3-2021.10/bin/../lib/gcc/arm-none-eabi/10.3.1/../../../../arm-none-eabi/lib/thumb/v7e-m+fp/hard/libm.a(lib_a-k_rem_pio2.o)
 .debug_frame   0x0000000000000218       0x48 /home/efacec/var-mcuxpresso/gcc-arm-none-eabi-10.3-2021.10/bin/../lib/gcc/arm-none-eabi/10.3.1/../../../../arm-none-eabi/lib/thumb/v7e-m+fp/hard/libm.a(lib_a-k_sin.o)
 .debug_frame   0x0000000000000260       0x30 /home/efacec/var-mcuxpresso/gcc-arm-none-eabi-10.3-2021.10/bin/../lib/gcc/arm-none-eabi/10.3.1/../../../../arm-none-eabi/lib/thumb/v7e-m+fp/hard/libm.a(lib_a-s_floor.o)
 .debug_frame   0x0000000000000290       0x2c /home/efacec/var-mcuxpresso/gcc-arm-none-eabi-10.3-2021.10/bin/../lib/gcc/arm-none-eabi/10.3.1/../../../../arm-none-eabi/lib/thumb/v7e-m+fp/hard/libm.a(lib_a-s_scalbn.o)
 .debug_frame   0x00000000000002bc       0x20 /home/efacec/var-mcuxpresso/gcc-arm-none-eabi-10.3-2021.10/bin/../lib/gcc/arm-none-eabi/10.3.1/../../../../arm-none-eabi/lib/thumb/v7e-m+fp/hard/libc_nano.a(lib_a-errno.o)
 .debug_frame   0x00000000000002dc       0x28 /home/efacec/var-mcuxpresso/gcc-arm-none-eabi-10.3-2021.10/bin/../lib/gcc/arm-none-eabi/10.3.1/../../../../arm-none-eabi/lib/thumb/v7e-m+fp/hard/libc_nano.a(lib_a-exit.o)
 .debug_frame   0x0000000000000304       0x2c /home/efacec/var-mcuxpresso/gcc-arm-none-eabi-10.3-2021.10/bin/../lib/gcc/arm-none-eabi/10.3.1/../../../../arm-none-eabi/lib/thumb/v7e-m+fp/hard/libc_nano.a(lib_a-init.o)
 .debug_frame   0x0000000000000330       0x20 /home/efacec/var-mcuxpresso/gcc-arm-none-eabi-10.3-2021.10/bin/../lib/gcc/arm-none-eabi/10.3.1/../../../../arm-none-eabi/lib/thumb/v7e-m+fp/hard/libc_nano.a(lib_a-memset.o)
 .debug_frame   0x0000000000000350      0x14c /home/efacec/var-mcuxpresso/gcc-arm-none-eabi-10.3-2021.10/bin/../lib/gcc/arm-none-eabi/10.3.1/../../../../arm-none-eabi/lib/thumb/v7e-m+fp/hard/libc_nano.a(lib_a-findfp.o)
 .debug_frame   0x000000000000049c       0xac /home/efacec/var-mcuxpresso/gcc-arm-none-eabi-10.3-2021.10/bin/../lib/gcc/arm-none-eabi/10.3.1/thumb/v7e-m+fp/hard/libgcc.a(_arm_addsubdf3.o)
 .debug_frame   0x0000000000000548       0x50 /home/efacec/var-mcuxpresso/gcc-arm-none-eabi-10.3-2021.10/bin/../lib/gcc/arm-none-eabi/10.3.1/thumb/v7e-m+fp/hard/libgcc.a(_arm_muldivdf3.o)
 .debug_frame   0x0000000000000598       0xc4 /home/efacec/var-mcuxpresso/gcc-arm-none-eabi-10.3-2021.10/bin/../lib/gcc/arm-none-eabi/10.3.1/thumb/v7e-m+fp/hard/libgcc.a(_arm_cmpdf2.o)
 .debug_frame   0x000000000000065c       0x20 /home/efacec/var-mcuxpresso/gcc-arm-none-eabi-10.3-2021.10/bin/../lib/gcc/arm-none-eabi/10.3.1/thumb/v7e-m+fp/hard/libgcc.a(_arm_unorddf2.o)
 .debug_frame   0x000000000000067c       0x24 /home/efacec/var-mcuxpresso/gcc-arm-none-eabi-10.3-2021.10/bin/../lib/gcc/arm-none-eabi/10.3.1/thumb/v7e-m+fp/hard/libgcc.a(_arm_fixdfsi.o)
 .debug_frame   0x00000000000006a0       0x24 /home/efacec/var-mcuxpresso/gcc-arm-none-eabi-10.3-2021.10/bin/../lib/gcc/arm-none-eabi/10.3.1/thumb/v7e-m+fp/hard/libgcc.a(_arm_truncdfsf2.o)
 .debug_frame   0x00000000000006c4       0x2c /home/efacec/var-mcuxpresso/gcc-arm-none-eabi-10.3-2021.10/bin/../lib/gcc/arm-none-eabi/10.3.1/thumb/v7e-m+fp/hard/libgcc.a(_aeabi_uldivmod.o)
 .debug_frame   0x00000000000006f0       0x34 /home/efacec/var-mcuxpresso/gcc-arm-none-eabi-10.3-2021.10/bin/../lib/gcc/arm-none-eabi/10.3.1/thumb/v7e-m+fp/hard/libgcc.a(_udivmoddi4.o)
 .debug_frame   0x0000000000000724       0x20 /home/efacec/var-mcuxpresso/gcc-arm-none-eabi-10.3-2021.10/bin/../lib/gcc/arm-none-eabi/10.3.1/../../../../arm-none-eabi/lib/thumb/v7e-m+fp/hard/libnosys.a(_exit.o)
